Script started on 2021-09-30 10:11:32-04:00 [TERM="xterm-256color" TTY="/dev/pts/7" COLUMNS="80" LINES="24"]
\bash: /home/umrigar/cs220/bin.student.rc: No such file or directory
dorbach1@remote05:~/i220a/submit/lab4$ \[Ks[Ks[Kls
exercises  lab4.LOG
dorbach1@remote05:~/i220a/submit/lab4$ cd lab[K[K[Kexercises/
dorbach1@remote05:~/i220a/submit/lab4/exercises$ cd pointers/
dorbach1@remote05:~/i220a/submit/lab4/exercises/pointers$ ls
pointers.c
dorbach1@remote05:~/i220a/submit/lab4/exercises/pointers$ cd ..
dorbach1@remote05:~/i220a/submit/lab4/exercises$ ls
1  3  5  7	    bug-program  in-pointers  Makefile	void-pointers
2  4  6  bad-types  cast-types	 in-voids     pointers
dorbach1@remote05:~/i220a/submit/lab4/exercises$ cd pointers
dorbach1@remote05:~/i220a/submit/lab4/exercises/pointers$ vi pointers.c
[?2004h[?1049h[22;0;0t[?1h=[?2004h[1;24r[?12h[?12l[22;2t[22;1t[27m[23m[29m[m[H[2J[?25l[24;1H"pointers.c" 18L, 458C[2;1Hâ–½[6n[2;1H  [1;1H[>c]10;?]11;?[1;1H[95m#include [m[95m<stdio.h>[m

[94mint[m main() {
  [94mchar[m chars[] = { [95m'a'[m, [95m'b'[m, [95m'c'[m, [95m'd'[m, [95m'e'[m };
  [94mchar[m *cp = chars;
  [31mfor[m ([94munsigned[m i = [95m0[m; i < [31msizeof[m(chars)/[31msizeof[m(chars[[95m0[m]); i++) {
    printf([95m"char pointer cp = %p, pointing at char %c\n"[m, cp, *cp);
    cp++;
  }

  [94mint[m ints[] = { [95m1[m, [95m2[m, [95m3[m, [95m4[m, [95m5[m };
  [94mint[m *ip = ints;
  [31mfor[m ([94munsigned[m i = [95m0[m; i < [31msizeof[m(ints)/[31msizeof[m(ints[[95m0[m]); i++) {
    printf([95m"int pointer ip = %p, pointing at int %d\n"[m, ip, *ip);
    ip++;
  }
  [31mreturn[m [95m0[m;
}
[94m~                                                                               [20;1H~                                                                               [21;1H~                                                                               [22;1H~                                                                               [23;1H~                                                                               [m[24;63H1,1[11CAll[1;1H[?25hP+q436f\P+q6b75\P+q6b64\P+q6b72\P+q6b6c\P+q2332\P+q2334\P+q2569\P+q2a37\P+q6b31\[?25l[24;63H2,0-1[2;1H[?25h[27m[23m[29m[m[H[2J[?25l[1;1H[95m#include [m[95m<stdio.h>[m

[94mint[m main() {
  [94mchar[m chars[] = { [95m'a'[m, [95m'b'[m, [95m'c'[m, [95m'd'[m, [95m'e'[m };
  [94mchar[m *cp = chars;
  [31mfor[m ([94munsigned[m i = [95m0[m; i < [31msizeof[m(chars)/[31msizeof[m(chars[[95m0[m]); i++) {
    printf([95m"char pointer cp = %p, pointing at char %c\n"[m, cp, *cp);
    cp++;
  }

  [94mint[m ints[] = { [95m1[m, [95m2[m, [95m3[m, [95m4[m, [95m5[m };
  [94mint[m *ip = ints;
  [31mfor[m ([94munsigned[m i = [95m0[m; i < [31msizeof[m(ints)/[31msizeof[m(ints[[95m0[m]); i++) {
    printf([95m"int pointer ip = %p, pointing at int %d\n"[m, ip, *ip);
    ip++;
  }
  [31mreturn[m [95m0[m;
}
[94m~                                                                                                                                                                                             [20;1H~                                                                                                                                                                                             [21;1H~                                                                                                                                                                                             [22;1H~                                                                                                                                                                                             [23;1H~                                                                                                                                                                                             [24;1H~                                                                                                                                                                                             [25;1H~                                                                                                                                                                                             [26;1H~                                                                                                                                                                                             [27;1H~                                                                                                                                                                                             [28;1H~                                                                                                                                                                                             [29;1H~                                                                                                                                                                                             [30;1H~                                                                                                                                                                                             [31;1H~                                                                                                                                                                                             [32;1H~                                                                                                                                                                                             [33;1H~                                                                                                                                                                                             [34;1H~                                                                                                                                                                                             [35;1H~                                                                                                                                                                                             [36;1H~                                                                                                                                                                                             [37;1H~                                                                                                                                                                                             [38;1H~                                                                                                                                                                                             [39;1H~                                                                                                                                                                                             [40;1H~                                                                                                                                                                                             [41;1H~                                                                                                                                                                                             [42;1H~                                                                                                                                                                                             [43;1H~                                                                                                                                                                                             [44;1H~                                                                                                                                                                                             [45;1H~                                                                                                                                                                                             [46;1H~                                                                                                                                                                                             [47;1H~                                                                                                                                                                                             [48;1H~                                                                                                                                                                                             [m[49;173H2,0-1[9CAll[2;1H[?25h[?25l[49;173H[K[49;1H:[?2004h[?25hq[?25l[?25h[?25l[?2004l[23;2t[23;1t[22;2t[22;1t[23;2t[23;1t[49;1H[K[49;1H[?2004l[?1l>[?25h[?1049l[23;0;0tdorbach1@remote05:~/i220a/submit/lab4/exercises/pointers$ make -f ../Makefile
gcc  -g -Wall -Wno-unused-parameter -std=c18 -lm  pointers.c   -o pointers
dorbach1@remote05:~/i220a/submit/lab4/exercises/pointers$ ./pointers
char pointer cp = 0x7ffd347e318f, pointing at char a
char pointer cp = 0x7ffd347e3190, pointing at char b
char pointer cp = 0x7ffd347e3191, pointing at char c
char pointer cp = 0x7ffd347e3192, pointing at char d
char pointer cp = 0x7ffd347e3193, pointing at char e
int pointer ip = 0x7ffd347e3170, pointing at int 1
int pointer ip = 0x7ffd347e3174, pointing at int 2
int pointer ip = 0x7ffd347e3178, pointing at int 3
int pointer ip = 0x7ffd347e317c, pointing at int 4
int pointer ip = 0x7ffd347e3180, pointing at int 5
dorbach1@remote05:~/i220a/submit/lab4/exercises/pointers$ ./pointers
char pointer cp = 0x7fff0da708ef, pointing at char a
char pointer cp = 0x7fff0da708f0, pointing at char b
char pointer cp = 0x7fff0da708f1, pointing at char c
char pointer cp = 0x7fff0da708f2, pointing at char d
char pointer cp = 0x7fff0da708f3, pointing at char e
int pointer ip = 0x7fff0da708d0, pointing at int 1
int pointer ip = 0x7fff0da708d4, pointing at int 2
int pointer ip = 0x7fff0da708d8, pointing at int 3
int pointer ip = 0x7fff0da708dc, pointing at int 4
int pointer ip = 0x7fff0da708e0, pointing at int 5
dorbach1@remote05:~/i220a/submit/lab4/exercises/pointers$ ./pointers
char pointer cp = 0x7fffda0f899f, pointing at char a
char pointer cp = 0x7fffda0f89a0, pointing at char b
char pointer cp = 0x7fffda0f89a1, pointing at char c
char pointer cp = 0x7fffda0f89a2, pointing at char d
char pointer cp = 0x7fffda0f89a3, pointing at char e
int pointer ip = 0x7fffda0f8980, pointing at int 1
int pointer ip = 0x7fffda0f8984, pointing at int 2
int pointer ip = 0x7fffda0f8988, pointing at int 3
int pointer ip = 0x7fffda0f898c, pointing at int 4
int pointer ip = 0x7fffda0f8990, pointing at int 5
dorbach1@remote05:~/i220a/submit/lab4/exercises/pointers$ cd ..
dorbach1@remote05:~/i220a/submit/lab4/exercises$ cd in-pointers/
dorbach1@remote05:~/i220a/submit/lab4/exercises/in-pointers$ make -f ../Makefile
gcc  -g -Wall -Wno-unused-parameter -std=c18 -lm  in-pointers.c   -o in-pointers
dorbach1@remote05:~/i220a/submit/lab4/exercises/in-pointers$ ./in-pointee[Krs
Given the base address of an int[] array you need to
provide the address of a specified element.
An int occupies 4 bytes.

Please provide addresses in hex without any leading 0x
You will need 3 correct responses in succession in order
to complete this exercise.
base of ints[] is at 0x7ffd3fa425f0
enter pointer to ints[3]: 7ffd3fa425fc
ok
base of ints[] is at 0x7ffd3fa425f0
enter pointer to ints[1]: 7ffd3fa45 25f4
ok
base of ints[] is at 0x7ffd3fa425f0
enter pointer to ints[2]: 7ffd3fa425f8] 
ok
# ok = 3; # errors = 0
dorbach1@remote05:~/i220a/submit/lab4/exercises/in-pointers$ ./in-pointers
Given the base address of an int[] array you need to
provide the address of a specified element.
An int occupies 4 bytes.

Please provide addresses in hex without any leading 0x
You will need 3 correct responses in succession in order
to complete this exercise.
base of ints[] is at 0x7ffc281572e0
enter pointer to ints[3]: 111222   1222       777722227777
Segmentation fault
dorbach1@remote05:~/i220a/submit/lab4/exercises/in-pointers$ cd ../BadT[K[K[K[Kbad-types
dorbach1@remote05:~/i220a/submit/lab4/exercises/bad-types$ cd ../in-pointers
dorbach1@remote05:~/i220a/submit/lab4/exercises/in-pointers$ vi in-pointers.c
[?2004h[?1049h[22;0;0t[?1h=[?2004h[1;49r[?12h[?12l[22;2t[22;1t[27m[23m[29m[m[H[2J[?25l[49;1H"in-pointers.c" 48L, 1281C[2;1Hâ–½[6n[2;1H  [1;1H[>c]10;?]11;?[1;1H[95m#include [m[95m<stdbool.h>[m
[95m#include [m[95m<stdio.h>[m
[95m#include [m[95m<stdlib.h>[m

[94mint[m main() {
  [94menum[m { N = [95m5[m };
  [94menum[m { MIN_OK_RUN = [95m3[m };

  [94mint[m ints[N];
  [94mint[m nOk = [95m0[m;
  [94mint[m nErr = [95m0[m;
  [94mint[m nRun = [95m0[m;
  printf([95m"Given the base address of an int[] array you need to\n"[14;10H"provide the address of a specified element.\n"[15;10H"An int occupies %zu bytes.\n\n"[16;10H"Please provide addresses in hex without any leading 0x\n"[17;10H"You will need %d correct responses in succession in order\n"[18;10H"to complete this exercise.\n"[m, [31msizeof[m([94mint[m), MIN_OK_RUN);
  [31mwhile[m (nRun < MIN_OK_RUN) {
    [94mint[m index = rand()%N;
    printf([95m"base of ints[] is at %p\n"[m, ints);
    printf([95m"enter pointer to ints[%d]: "[m, index);
    fflush([95mstdout[m);
    [94mint[m *p;
    [31mif[m (scanf([95m"%p"[m, &p) != [95m1[m) {[26;7Hprintf([95m"bad input: enter hex pointer value without leading 0x or 0X\n"[m);
    }
    [31melse[m {[29;7H[94mbool[m isOk = (p == &ints[index]);[30;7H[94mint[m val __attribute__((unused)) = *p;[31;7Hprintf([95m"%s\n"[m, isOk ? [95m"ok"[m : [95m"not ok"[m);[32;7H[31mif[m (isOk) {[33;9HnOk++;[34;9HnRun++;[35;7H}[36;7H[31melse[m {[37;9HnErr++;[38;9HnRun = [95m0[m;[39;7H}
    }
    [94mint[m c = getchar();
    [31mwhile[m (c != [95m'\n'[m && c != [95mEOF[m) { [91m//waste line[m[43;7Hc = getchar();
    }
  }
  printf([95m"# ok = %d; # errors = %d\n"[m, nOk, nErr);
  [31mreturn[m [95m0[m;
}[49;173H1,1[11CAll[1;1H[?25hP+q436f\P+q6b75\P+q6b64\P+q6b72\P+q6b6c\P+q2332\P+q2334\P+q2569\P+q2a37\P+q6b31\[?25l[49;173H2[2;1H[?25h[?25l[49;173H3[3;1H[?25h[?25l[49;173H4,0-1[4;1H[?25h[?25l[49;173H5,1  [5;1H[?25h[?25l[49;173H6[6;1H[?25h[?25l[49;173H7[7;1H[?25h[?25l[49;173H8,0-1[8;1H[?25h[?25l[49;173H9,1  [9;1H[?25h[?25l[49;173H10,1[10;1H[?25h[?25l[49;174H1[11;1H[?25h[?25l[49;174H2[12;1H[?25h[?25l[49;174H3[13;1H[?25h[?25l[49;174H4[14;1H[?25h[?25l[49;174H5[15;1H[?25h[?25l[49;174H6[16;1H[?25h[?25l[49;174H7[17;1H[?25h[?25l[49;174H8[18;1H[?25h[?25l[49;174H9[19;1H[?25h[?25l[49;173H20[20;1H[?25h[?25l[49;174H1[21;1H[?25h[?25l[49;174H2[22;1H[?25h[?25l[49;174H3[23;1H[?25h[?25l[49;174H4[24;1H[?25h[?25l[49;174H5[25;1H[?25h[?25l[49;174H6[26;1H[?25h[?25l[49;174H7[27;1H[?25h[?25l[49;174H8[28;1H[?25h[?25l[49;174H9[29;1H[?25h[?25l[49;173H30[30;1H[?25h[?25l[49;174H1[31;1H[?25h[?25l[49;174H2[32;1H[?25h[?25l[49;174H3[33;1H[?25h[?25l[49;174H4[34;1H[?25h[?25l[49;174H5[35;1H[?25h[?25l[49;174H6[36;1H[?25h[?25l[49;174H7[37;1H[?25h[?25l[49;174H8[38;1H[?25h[?25l[49;174H9[39;1H[?25h[?25l[49;173H40[40;1H[?25h[?25l[49;174H1[41;1H[?25h[?25l[49;174H2[42;1H[?25h[?25l[49;174H3[43;1H[?25h[?25l[49;174H4[44;1H[?25h[?25l[49;174H5[45;1H[?25h[?25l[49;174H6[46;1H[?25h[?25l[49;174H7[47;1H[?25h[?25l[5;12H[106m{[48;1H}[m[49;174H8[48;1H[?25h[?25l[49;1H[K[49;1H:[?2004h[?25hq[?25l[?25h[?25l[?2004l[23;2t[23;1t[22;2t[22;1t[23;2t[23;1t[49;1H[K[49;1H[?2004l[?1l>[?25h[?1049l[23;0;0tdorbach1@remote05:~/i220a/submit/lab4/exercises/in-pointers$ vi in-pointers.ccd ../in-pointers[2Pbad-types
dorbach1@remote05:~/i220a/submit/lab4/exercises/bad-types$ vi bad=ty[es[K[K[Kpes.c
[?2004h[?1049h[22;0;0t[?1h=[?2004h[1;49r[?12h[?12l[22;2t[22;1t[27m[23m[29m[m[H[2J[?25l[49;1H"bad=types.c" [New File][2;1Hâ–½[6n[2;1H  [1;1H[>c]10;?]11;?[2;1H[94m~                                                                                                                                                                                             [3;1H~                                                                                                                                                                                             [4;1H~                                                                                                                                                                                             [5;1H~                                                                                                                                                                                             [6;1H~                                                                                                                                                                                             [7;1H~                                                                                                                                                                                             [8;1H~                                                                                                                                                                                             [9;1H~                                                                                                                                                                                             [10;1H~                                                                                                                                                                                             [11;1H~                                                                                                                                                                                             [12;1H~                                                                                                                                                                                             [13;1H~                                                                                                                                                                                             [14;1H~                                                                                                                                                                                             [15;1H~                                                                                                                                                                                             [16;1H~                                                                                                                                                                                             [17;1H~                                                                                                                                                                                             [18;1H~                                                                                                                                                                                             [19;1H~                                                                                                                                                                                             [20;1H~                                                                                                                                                                                             [21;1H~                                                                                                                                                                                             [22;1H~                                                                                                                                                                                             [23;1H~                                                                                                                                                                                             [24;1H~                                                                                                                                                                                             [25;1H~                                                                                                                                                                                             [26;1H~                                                                                                                                                                                             [27;1H~                                                                                                                                                                                             [28;1H~                                                                                                                                                                                             [29;1H~                                                                                                                                                                                             [30;1H~                                                                                                                                                                                             [31;1H~                                                                                                                                                                                             [32;1H~                                                                                                                                                                                             [33;1H~                                                                                                                                                                                             [34;1H~                                                                                                                                                                                             [35;1H~                                                                                                                                                                                             [36;1H~                                                                                                                                                                                             [37;1H~                                                                                                                                                                                             [38;1H~                                                                                                                                                                                             [39;1H~                                                                                                                                                                                             [40;1H~                                                                                                                                                                                             [41;1H~                                                                                                                                                                                             [42;1H~                                                                                                                                                                                             [43;1H~                                                                                                                                                                                             [44;1H~                                                                                                                                                                                             [45;1H~                                                                                                                                                                                             [46;1H~                                                                                                                                                                                             [47;1H~                                                                                                                                                                                             [48;1H~                                                                                                                                                                                             [m[49;173H0,0-1[9CAll[1;1H[?25hP+q436f\P+q6b75\P+q6b64\P+q6b72\P+q6b6c\P+q2332\P+q2334\P+q2569\P+q2a37\P+q6b31\[?25l[49;1H[K[49;1H:[?2004h[?25hq[?25l[?25h[?25l[?2004l[23;2t[23;1t[22;2t[22;1t[23;2t[23;1t[49;1H[K[49;1H[?2004l[?1l>[?25h[?1049l[23;0;0tdorbach1@remote05:~/i220a/submit/lab4/exercises/bad-types$ vi bad-types.c
[?2004h[?1049h[22;0;0t[?1h=[?2004h[1;49r[?12h[?12l[22;2t[22;1t[27m[23m[29m[m[H[2J[?25l[49;1H"bad-types.c" 18L, 521C[2;1Hâ–½[6n[2;1H  [1;1H[>c]10;?]11;?[1;1H[95m#include [m[95m<stdio.h>[m

[94mint[m main() {
  [94mchar[m cs[] = { [95m'a'[m, [95m'b'[m, [95m'c'[m, [95m'd'[m, [95m'e'[m };
  [94mint[m ints[] = { [95m1[m, [95m2[m, [95m3[m, [95m4[m, [95m5[m };
  [94mchar[m *cp = ints;  [91m//expect warning[m
  [94mint[m *ip = cs;     [91m//expect warning[m
  [31mfor[m ([94munsigned[m i = [95m0[m; i < [31msizeof[m(cs)/[31msizeof[m(cs[[95m0[m]); i++) {
    printf([95m"char pointer cp = %p, pointing at char '%c' (0x%x)\n"[m,[10;12Hcp, *cp, *cp);
    cp++;
  }
  [31mfor[m ([94munsigned[m i = [95m0[m; i < [31msizeof[m(ints)/[31msizeof[m(ints[[95m0[m]); i++) {
    printf([95m"int pointer ip = %p, pointing at int %d (0x%x)\n"[m, ip, *ip, *ip);
    ip++;
  }
  [31mreturn[m [95m0[m;
}
[94m~                                                                                                                                                                                             [20;1H~                                                                                                                                                                                             [21;1H~                                                                                                                                                                                             [22;1H~                                                                                                                                                                                             [23;1H~                                                                                                                                                                                             [24;1H~                                                                                                                                                                                             [25;1H~                                                                                                                                                                                             [26;1H~                                                                                                                                                                                             [27;1H~                                                                                                                                                                                             [28;1H~                                                                                                                                                                                             [29;1H~                                                                                                                                                                                             [30;1H~                                                                                                                                                                                             [31;1H~                                                                                                                                                                                             [32;1H~                                                                                                                                                                                             [33;1H~                                                                                                                                                                                             [34;1H~                                                                                                                                                                                             [35;1H~                                                                                                                                                                                             [36;1H~                                                                                                                                                                                             [37;1H~                                                                                                                                                                                             [38;1H~                                                                                                                                                                                             [39;1H~                                                                                                                                                                                             [40;1H~                                                                                                                                                                                             [41;1H~                                                                                                                                                                                             [42;1H~                                                                                                                                                                                             [43;1H~                                                                                                                                                                                             [44;1H~                                                                                                                                                                                             [45;1H~                                                                                                                                                                                             [46;1H~                                                                                                                                                                                             [47;1H~                                                                                                                                                                                             [48;1H~                                                                                                                                                                                             [m[49;173H1,1[11CAll[1;1H[?25hP+q436f\P+q6b75\P+q6b64\P+q6b72\P+q6b6c\P+q2332\P+q2334\P+q2569\P+q2a37\P+q6b31\[?25l[49;1H[K[49;1H:[?2004h[?25hq[?25l[?25h[?25l[?2004l[23;2t[23;1t[22;2t[22;1t[23;2t[23;1t[49;1H[K[49;1H[?2004l[?1l>[?25h[?1049l[23;0;0tdorbach1@remote05:~/i220a/submit/lab4/exercises/bad-types$ make -f ../Makefile
gcc  -g -Wall -Wno-unused-parameter -std=c18 -lm  bad-types.c   -o bad-types
[01m[Kbad-types.c:[m[K In function â€˜[01m[Kmain[m[Kâ€™:
[01m[Kbad-types.c:6:14:[m[K [01;35m[Kwarning: [m[Kinitialization of â€˜[01m[Kchar *[m[Kâ€™ from incompatible pointer type â€˜[01m[Kint *[m[Kâ€™ [[01;35m[K-Wincompatible-pointer-types[m[K]
   char *cp = [01;35m[Kints[m[K;  //expect warning
              [01;35m[K^~~~[m[K
[01m[Kbad-types.c:7:13:[m[K [01;35m[Kwarning: [m[Kinitialization of â€˜[01m[Kint *[m[Kâ€™ from incompatible pointer type â€˜[01m[Kchar *[m[Kâ€™ [[01;35m[K-Wincompatible-pointer-types[m[K]
   int *ip = [01;35m[Kcs[m[K;     //expect warning
             [01;35m[K^~[m[K
dorbach1@remote05:~/i220a/submit/lab4/exercises/bad-types$ ./bad-types
char pointer cp = 0x7fff3696e1c0, pointing at char '' (0x1)
char pointer cp = 0x7fff3696e1c1, pointing at char ' ' (0x0)
char pointer cp = 0x7fff3696e1c2, pointing at char ' ' (0x0)
char pointer cp = 0x7fff3696e1c3, pointing at char ' ' (0x0)
char pointer cp = 0x7fff3696e1c4, pointing at char '' (0x2)
int pointer ip = 0x7fff3696e1e3, pointing at int 1684234849 (0x64636261)
int pointer ip = 0x7fff3696e1e7, pointing at int 357 (0x165)
int pointer ip = 0x7fff3696e1eb, pointing at int 1280 (0x500)
int pointer ip = 0x7fff3696e1ef, pointing at int -1763578112 (0x96e1ef00)
int pointer ip = 0x7fff3696e1f3, pointing at int 8388406 (0x7fff36)
dorbach1@remote05:~/i220a/submit/lab4/exercises/bad-types$ vi./bad-typesmake -f ../Makefile[5Pvi bad-types.c
[?2004h[?1049h[22;0;0t[?1h=[?2004h[1;49r[?12h[?12l[22;2t[22;1t[27m[23m[29m[m[H[2J[?25l[49;1H"bad-types.c" 18L, 521C[2;1Hâ–½[6n[2;1H  [1;1H[>c]10;?]11;?[1;1H[95m#include [m[95m<stdio.h>[m

[94mint[m main() {
  [94mchar[m cs[] = { [95m'a'[m, [95m'b'[m, [95m'c'[m, [95m'd'[m, [95m'e'[m };
  [94mint[m ints[] = { [95m1[m, [95m2[m, [95m3[m, [95m4[m, [95m5[m };
  [94mchar[m *cp = ints;  [91m//expect warning[m
  [94mint[m *ip = cs;     [91m//expect warning[m
  [31mfor[m ([94munsigned[m i = [95m0[m; i < [31msizeof[m(cs)/[31msizeof[m(cs[[95m0[m]); i++) {
    printf([95m"char pointer cp = %p, pointing at char '%c' (0x%x)\n"[m,[10;12Hcp, *cp, *cp);
    cp++;
  }
  [31mfor[m ([94munsigned[m i = [95m0[m; i < [31msizeof[m(ints)/[31msizeof[m(ints[[95m0[m]); i++) {
    printf([95m"int pointer ip = %p, pointing at int %d (0x%x)\n"[m, ip, *ip, *ip);
    ip++;
  }
  [31mreturn[m [95m0[m;
}
[94m~                                                                                                                                                                                             [20;1H~                                                                                                                                                                                             [21;1H~                                                                                                                                                                                             [22;1H~                                                                                                                                                                                             [23;1H~                                                                                                                                                                                             [24;1H~                                                                                                                                                                                             [25;1H~                                                                                                                                                                                             [26;1H~                                                                                                                                                                                             [27;1H~                                                                                                                                                                                             [28;1H~                                                                                                                                                                                             [29;1H~                                                                                                                                                                                             [30;1H~                                                                                                                                                                                             [31;1H~                                                                                                                                                                                             [32;1H~                                                                                                                                                                                             [33;1H~                                                                                                                                                                                             [34;1H~                                                                                                                                                                                             [35;1H~                                                                                                                                                                                             [36;1H~                                                                                                                                                                                             [37;1H~                                                                                                                                                                                             [38;1H~                                                                                                                                                                                             [39;1H~                                                                                                                                                                                             [40;1H~                                                                                                                                                                                             [41;1H~                                                                                                                                                                                             [42;1H~                                                                      