Script started on 2021-12-09 11:03:45-05:00 [TERM="xterm-256color" TTY="/dev/pts/3" COLUMNS="80" LINES="24"]
bash: /home/umrigar/cs220/bin.student.rc: No such file or directory
dorbach1@g7-27:~/i220a/submit/lab13$ vi gen[K[K[K[K[K[Kcd exercises/
dorbach1@g7-27:~/i220a/submit/lab13/exercises$ cd[K[Kls
file-char-count  file-copy  no-buffer-copy  rec-io  stdin-char-count
dorbach1@g7-27:~/i220a/submit/lab13/exercises$ dc s[Krec[K[K[K[K[K[Kcd rec-io/
dorbach1@g7-27:~/i220a/submit/lab13/exercises/rec-io$ ls
dyn-array.c  gen-rand-points	Makefile    stat-points
dyn-array.h  gen-rand-points.c	point2.h    stat-points.c
dyn-array.o  gen-rand-points.o	points.dat  stat-points.o
dorbach1@g7-27:~/i220a/submit/lab13/exercises/rec-io$ iv[K[Kvi den-rand[K[K[K[K[K[K[K[Kgrn[K[Ken-rand-points.c
[?2004h[?1049h[22;0;0t[?1h=[?2004h[1;24r[?12h[?12l[22;2t[22;1t[27m[23m[29m[m[H[2J[?25l[24;1H"gen-rand-points.c" 54L, 1357C[2;1H▽[6n[2;1H  [1;1H[>c]10;?]11;?[1;1H[95m#include [m[95m<errno.h>[m
[95m#include [m[95m<math.h>[m
[95m#include [m[95m<stdlib.h>[m
[95m#include [m[95m<stdio.h>[m
[95m#include [m[95m<string.h>[m

[95m#include [m[95m"point2.h"[m

[94mstatic[m [94mvoid[m __attribute__(([94mnoreturn[m))
usage([94mconst[m [94mchar[m *progName)
{
  fprintf([95mstderr[m, [95m"usage: %s N_POINTS OUT_FILE\n"[m, progName);
  exit([95m1[m);
}

[94mstatic[m [94mint[m
randCoord([94mvoid[m)
{
  [94menum[m { MAX = [95m1000[m }; [91m//exclusive
[m  [91m//statistically unsound; see
[m  [91m//<https://stackoverflow.com/questions/4195958/how-do-i-scale-down-numbers-froo[22;1Hm-rand>[m
  [31mreturn[m rand() % MAX;[24;63H1,1[11CTop]2;gen-rand-points.c (~/projects/i2...mit/lab13/exercises/rec-io) - VIM]1;gen-rand-points.c[1;1H[?25hP+q436f\P+q6b75\P+q6b64\P+q6b72\P+q6b6c\P+q2332\P+q2334\P+q2569\P+q2a37\P+q6b31\[?25l[24;63H2[2;1H[?25h[?25l[24;63H3[3;1H[?25h[?25l[24;63H4[4;1H[?25h[?25l[24;63H5[5;1H[?25h[?25l[24;63H6,0-1[6;1H[?25h[?25l[24;63H7,1  [7;1H[?25h[?25l[24;63H8,0-1[8;1H[?25h[?25l[24;63H9,1  [9;1H[?25h[?25l[24;63H10,1[10;1H[?25h[?25l
[106m{


}[m[24;64H1[11;1H[?25h[?25l{


}[24;64H2[12;1H[?25h[?25l[24;64H3[13;1H[?25h[?25l[11;1H[106m{


}[m[24;64H4[14;1H[?25h[?25l[11;1H{


}[24;64H5,0-1[15;1H[?25h[?25l[24;64H6,1  [16;1H[?25h[?25l[24;64H7[17;1H[?25h[?25l[24;64H8[18;1H[?25h[?25l[24;64H9[19;1H[?25h[?25l[24;63H20[20;1H[?25h[?25l[24;64H1[21;1H[?25h[?25l[24;64H2[23;1H[?25h[?25l[1;23r[23;1H
[1;24r[17;1H[106m{[23;1H}[m[24;1H[K[24;63H23,1[11C3%[23;1H[?25h[?25l[1;23r[23;1H
[1;24r[16;1H{[22;1H}[24;63H[K[24;63H24,0-1[9C6%[23;1H[?25h[?25l[1;23r[23;1H
[1;24r[23;1H[94mint[m[24;63H[K[24;63H25,1[11C9%[23;1H[?25h[?25l[1;23r[23;1H
[1;24r[23;1Hmain([94mint[m argc, [94mconst[m [94mchar[m *argv[])[24;63H[K[24;63H26,1[10C12%[23;1H[?25h[?25l[1;23r[23;1H
[1;24r[23;1H{[24;63H[K[24;63H27,1[10C15%[23;1H[?25h[?25l[1;23r[23;1H
[1;24r[23;3H[31mif[m (argc != [95m3[m) usage(argv[[95m0[m]);[24;63H[K[24;63H28,1[10C18%[23;1H[?25h[?25l[1;23r[23;1H
[1;24r[23;3H[94mint[m nPoints = atoi(argv[[95m1[m]);[24;63H[K[24;63H29,1[10C21%[23;1H[?25h[?25l[1;23r[23;1H
[1;24r[23;3H[31mif[m (nPoints <= [95m0[m) usage(argv[[95m0[m]);[24;63H[K[24;63H30,1[10C25%[23;1H[?25h[?25l[1;23r[23;1H
[1;24r[23;3H[94mconst[m [94mchar[m *outName = argv[[95m2[m];[24;63H[K[24;63H31,1[10C28%[23;1H[?25h[?25l[1;23r[23;1H
[1;24r[23;3H[94mFILE[m *out = fopen(outName, [95m"w"[m);[24;63H[K[24;63H32,1[10C31%[23;1H[?25h[?25l[1;23r[23;1H
[1;24r[23;3H[31mif[m (!out) {[24;63H[K[24;63H33,1[10C34%[23;1H[?25h[?25l[1;23r[23;1H
[1;24r[23;5Hfprintf([95mstderr[m, [95m"cannot write %s: %s\n"[m, outName, strerror(errno));[24;63H[K[24;63H34,1[10C37%[23;1H[?25h[?25l[1;23r[23;1H
[1;24r[23;5Hexit([95m1[m);[24;63H[K[24;63H35,1[10C40%[23;1H[?25h[?25l[1;23r[23;1H
[1;24r[23;3H}[24;63H[K[24;63H36,1[10C43%[23;1H[?25h[?25l[1;23r[23;1H
[1;24r[23;3H[94mdouble[m sum = [95m0.0[m;[24;63H[K[24;63H37,1[10C46%[23;1H[?25h[?25l[1;23r[23;1H
[1;24r[23;3H[31mfor[m ([94mint[m i = [95m0[m; i < nPoints; i++) {[24;63H[K[24;63H38,1[10C50%[23;1H[?25h[?25l[1;23r[23;1H
[1;24r[23;5HPoint2 point2 = { .x = randCoord(), .y = randCoord(), };[24;63H[K[24;63H39,1[10C53%[23;1H[?25h[?25l[24;64H8[22;1H[?25h[?25l[24;64H7[21;1H[?25h[?25l[24;64H6[20;1H[?25h[?25l[24;64H5[19;1H[?25h[?25l[24;64H4[18;1H[?25h[?25l[24;64H3[17;1H[?25h[?25l[24;64H2[16;1H[?25h[?25l[24;66H2[16;2H[?25h[?25l[24;66H3[16;3H[?25h[?25l[24;66H4[16;4H[?25h[?25l[24;66H5[16;5H[?25h[?25l[24;66H6[16;6H[?25h[?25l[24;66H7[16;7H[?25h[?25l[24;66H8[16;8H[?25h[?25l[24;66H9[16;9H[?25h[?25l[24;66H10[16;10H[?25h[?25l[24;67H1[16;11H[?25h[?25l[24;67H2[16;12H[?25h[?25l[24;67H3[16;13H[?25h[?25l[24;67H4[16;14H[?25h[?25l[24;67H5[16;15H[?25h[?25l[24;67H6[16;16H[?25h[?25l[24;67H7[16;17H[?25h[?25l[24;67H8[16;18H[?25h[?25l[24;67H9[16;19H[?25h[?25ln[106m([12C)[m[24;66H20[16;20H[?25h[?25l([12C)[24;67H1[16;21H[?25h[?25l[24;67H2[16;22H[?25h[?25l[24;67H3[16;23H[?25h[?25l[24;67H4[16;24H[?25h[?25l[24;67H5[16;25H[?25h[?25l[24;67H6[16;26H[?25h[?25l[24;67H7[16;27H[?25h[?25l[24;67H8[16;28H[?25h[?25l[24;67H9[16;29H[?25h[?25l[24;66H30[16;30H[?25h[?25l[24;67H1[16;31H[?25h[?25l[24;67H2[16;32H[?25h[?25l[24;1H[1m-- INSERT --[m[24;63H[K[24;63H32,32[9C53%[16;32H[?25h[?25l[95mn"[m);[24;67H3]2;gen-rand-points.c + (~/projects/...mit/lab13/exercises/rec-io) - VIM]1;gen-rand-points.c[16;33H[?25h[?25l[95m"[m);[16;35H[K[24;67H2[16;32H[?25h[?25l[95mb"[m);[24;67H3[16;33H[?25h[24;1H[K[16;32H[?25l[24;63H32,32[9C53%[16;32H[?25h[?25l[17;13H[106m{[20;3H}[m[24;64H3,13[17;13H[?25h[?25l{[20;3H}[24;64H4,32[18;32H[?25h[?25l[24;64H5,1[19;12H[?25h[?25l[17;13H[106m{[20;3H}[m[24;64H6,3 [20;3H[?25h[?25l[17;13H{[20;3H}[24;64H7,19[21;19H[?25h[?25l[24;64H8,32[22;32H[?25h[?25l[24;64H9[23;32H[?25h[?25l[1;23r[23;1H
[1;24r[23;5H[31mif[m (fwrite(&point2, [31msizeof[m(Point2), [95m1[m, out) != [95m1[m) {[24;63H[K[24;63H40,32[9C56%[23;32H[?25h[?25l[1;23r[23;1H
[1;24r[23;7Hfprintf([95mstderr[m, [95m"cannot write Point2(%d, %d) to %s: %s\n"[m,[24;63H[K[24;63H41,32[9C59%[23;32H[?25h[?25l[1;23r[23;1H
[1;24r[23;15Hpoint2.x, point2.y, outName, strerror(errno));[24;63H[K[24;63H42,32[9C62%[23;32H[?25h[?25l[1;23r[1;1H[2M[1;24r[22;7Hexit([95m1[m);
    }[24;63H[K[24;63H43,14[9C67%[22;14H[?25h[?25l[19;55H[106m{[23;5H}[m[24;64H4,5 [23;5H[?25h[?25l[1;23r[23;1H
[1;24r[18;55H{[22;5H}
    [94mdouble[m mag = magnitudePoint2(&point2);[24;63H[K[24;63H45,32[9C70%[23;32H[?25h[?25l[1;23r[23;1H
[1;24r[23;5Hsum += mag;[24;63H[K[24;63H46,15[9C74%[23;15H[?25h[?25l[1;23r[23;1H
[1;24r[14;37H[106m{[23;3H}[m[24;63H[K[24;63H47,3[10C77%[23;3H[?25h[?25l[1;23r[23;1H
[1;24r[13;37H{[22;3H}
  fprintf([95mstderr[m, [95m"average magnitude = %g\n"[m, sum/nPoints);[24;63H[K[24;63H48,32[9C80%[23;32H[?25h[?25l[1;23r[23;1H
[1;24r[23;3H[31mif[m (fclose(out) != [95m0[m) {[24;63H[K[24;63H49,25[9C83%[23;25H[?25h[?25l[1;23r[23;1H
[1;24r[23;5Hfprintf([95mstderr[m, [95m"cannot close %s: %s\n"[m, outName, strerror(errno));[24;63H[K[24;63H50,32[9C87%[23;32H[?25h[?25l[1;23r[23;1H
[1;24r[23;5Hexit([95m1[m);[24;63H[K[24;63H51,12[9C90%[23;12H[?25h[?25l[24;63H[K[24;1H:[?2004h[?25hw[?25l[?25hq[?25l[?25h[?25l[?2004l"gen-rand-points.c" 54L, 1358C written]2;Terminal - ]1;Terminal - [23;2t[23;1t[22;2t[22;1t[23;2t[23;1t
[?2004l[?1l>[?25h[?1049l[23;0;0tdorbach1@g7-27:~/i220a/submit/lab13/exercises/rec-io$ vi stat-points.c
[?2004h[?1049h[22;0;0t[?1h=[?2004h[1;24r[?12h[?12l[22;2t[22;1t[27m[23m[29m[m[H[2J[?25l[24;1H"stat-points.c" 76L, 1801C[2;1H▽[6n[2;1H  [1;1H[>c]10;?]11;?[1;1H[95m#include [m[95m<assert.h>[m
[95m#include [m[95m<errno.h>[m
[95m#include [m[95m<math.h>[m
[95m#include [m[95m<stdlib.h>[m
[95m#include [m[95m<stdio.h>[m
[95m#include [m[95m<string.h>[m

[95m#include [m[95m"dyn-array.h"[m
[95m#include [m[95m"point2.h"[m

[94mstatic[m [94mvoid[m
readPoints([94mconst[m [94mchar[m *inName, DynArray *points)
{
  [94mFILE[m *in = fopen(inName, [95m"r"[m);
  [31mif[m (!in) {
    fprintf([95mstderr[m, [95m"cannot read %s: %s\n"[m, inName, strerror(errno));
    exit([95m1[m);
  }
  Point2 point2;
  [31mwhile[m (fread(&point2, [31msizeof[m(Point2), [95m1[m, in) == [95m1[m) {
    addElementDynArray(points, &point2);
  }
  [31mif[m (fclose(in) != [95m0[m) {[24;63H1,1[11CTop]2;stat-points.c (~/projects/i220a/submit/lab13/exercises/rec-io) - VIM]1;stat-points.c[1;1H[?25hP+q436f\P+q6b75\P+q6b64\P+q6b72\P+q6b6c\P+q2332\P+q2334\P+q2569\P+q2a37\P+q6b31\[?25l[24;63H2[2;1H[?25h[?25l[24;63H3[3;1H[?25h[?25l[24;63H4[4;1H[?25h[?25l[24;63H5[5;1H[?25h[?25l[24;63H6[6;1H[?25h[?25l[24;63H7,0-1[7;1H[?25h[?25l[24;63H8,1  [8;1H[?25h[?25l[24;63H9[9;1H[?25h[?25l[24;63H10,0-1[10;1H[?25h[?25l[24;64H1,1  [11;1H[?25h[?25l[24;64H2[12;1H[?25h[?25l[24;64H3[13;1H[?25h[?25l[24;64H4[14;1H[?25h[?25l[24;64H5[15;1H[?25h[?25l[24;64H6[16;1H[?25h[?25l[24;64H7[17;1H[?25h[?25l[24;64H6[16;1H[?25h[?25l[24;64H5[15;1H[?25h[?25l[24;64H4[14;1H[?25h[?25l[24;66H2[14;2H[?25h[?25l[24;66H3[14;3H[?25h[?25l[24;66H4[14;4H[?25h[?25l[24;66H5[14;5H[?25h[?25l[24;66H6[14;6H[?25h[?25l[24;66H7[14;7H[?25h[?25l[24;66H8[14;8H[?25h[?25l[24;66H9[14;9H[?25h[?25l[24;66H10[14;10H[?25h[?25l[24;67H1[14;11H[?25h[?25l[24;67H2[14;12H[?25h[?25l[24;67H3[14;13H[?25h[?25l[24;67H4[14;14H[?25h[?25l[24;67H5[14;15H[?25h[?25l[24;67H6[14;16H[?25h[?25l[24;67H7[14;17H[?25h[?25l[24;67H8[14;18H[?25h[?25ln[106m([11C)[m[24;67H9[14;19H[?25h[?25l([11C)[24;66H20[14;20H[?25h[?25l[24;67H1[14;21H[?25h[?25l[24;67H2[14;22H[?25h[?25l[24;67H3[14;23H[?25h[?25l[24;67H4[14;24H[?25h[?25l[24;67H5[14;25H[?25h[?25l[24;67H6[14;26H[?25h[?25l[24;67H7[14;27H[?25h[?25l[24;67H8[14;28H[?25h[?25l[24;67H9[14;29H[?25h[?25l[24;66H30[14;30H[?25h[?25l[24;1H[1m-- INSERT --[m[24;13H[K[24;63H14,30[9CTop[14;30H[?25h[?25l[95mn"[m);[24;67H1]2;stat-points.c + (~/projects/i220...mit/lab13/exercises/rec-io) - VIM]1;stat-points.c[14;31H[?25h[?25l[95m"[m);[14;33H[K[24;67H0[14;30H[?25h[?25l[95mb"[m);[24;67H1[14;31H[?25h[24;1H[K[14;30H[?25l[24;63H14,30[9CTop[14;30H[?25h[?25l[24;63H[K[24;1H:[?2004h[?25hw[?25l[?25hq[?25l[?25h[?25l[?2004l"stat-points.c" 76L, 1802C written]2;Terminal - ]1;Terminal - [23;2t[23;1t[22;2t[22;1t[23;2t[23;1t
[?2004l[?1l>[?25h[?1049l[23;0;0tdorbach1@g7-27:~/i220a/submit/lab13/exercises/rec-io$ vi stat-points.c
[?2004h[?1049h[22;0;0t[?1h=[?2004h[1;24r[?12h[?12l[22;2t[22;1t[27m[23m[29m[m[H[2J[?25l[24;1H"stat-points.c" 76L, 1802C[2;1H▽[6n[2;1H  [1;1H[>c]10;?]11;?[1;1H[95m#include [m[95m<assert.h>[m
[95m#include [m[95m<errno.h>[m
[95m#include [m[95m<math.h>[m
[95m#include [m[95m<stdlib.h>[m
[95m#include [m[95m<stdio.h>[m
[95m#include [m[95m<string.h>[m

[95m#include [m[95m"dyn-array.h"[m
[95m#include [m[95m"point2.h"[m

[94mstatic[m [94mvoid[m
readPoints([94mconst[m [94mchar[m *inName, DynArray *points)
{
  [94mFILE[m *in = fopen(inName, [95m"rb"[m);
  [31mif[m (!in) {
    fprintf([95mstderr[m, [95m"cannot read %s: %s\n"[m, inName, strerror(errno));
    exit([95m1[m);
  }
  Point2 point2;
  [31mwhile[m (fread(&point2, [31msizeof[m(Point2), [95m1[m, in) == [95m1[m) {
    addElementDynArray(points, &point2);
  }
  [31mif[m (fclose(in) != [95m0[m) {[24;63H1,1[11CTop]2;stat-points.c (~/projects/i220a/submit/lab13/exercises/rec-io) - VIM]1;stat-points.c[1;1H[?25hP+q436f\P+q6b75\P+q6b64\P+q6b72\P+q6b6c\P+q2332\P+q2334\P+q2569\P+q2a37\P+q6b31\[?25l[24;63H2[2;1H[?25h[?25l[24;63H3[3;1H[?25h[?25l[24;63H4[4;1H[?25h[?25l[24;63H5[5;1H[?25h[?25l[24;63H6[6;1H[?25h[?25l[24;63H7,0-1[7;1H[?25h[?25l[24;63H8,1  [8;1H[?25h[?25l[24;63H9[9;1H[?25h[?25l[24;63H10,0-1[10;1H[?25h[?25l[24;64H1,1  [11;1H[?25h[?25l[24;64H2[12;1H[?25h[?25l[24;64H3[13;1H[?25h[?25l[24;64H4[14;1H[?25h[?25l[24;64H5[15;1H[?25h[?25l[24;64H6[16;1H[?25h[?25l[24;64H7[17;1H[?25h[?25l[24;64H8[18;1H[?25h[?25l[24;64H9[19;1H[?25h[?25l[24;63H20[20;1H[?25h[?25l[24;64H1[21;1H[?25h[?25l[24;64H2[22;1H[?25h[?25l[24;64H3[23;1H[?25h[?25l[1;23r[23;1H
[1;24r[23;5Hfprintf([95mstderr[m, [95m"cannot close %s: %s\n"[m, inName, strerror(errno));[24;1H[K[24;63H24,1[11C1%[23;1H[?25h[?25l[1;23r[23;1H
[1;24r[23;5Hexit([95m1[m);[24;63H[K[24;63H25,1[11C3%[23;1H[?25h[?25l[1;23r[23;1H
[1;24r[23;3H}[24;63H[K[24;63H26,1[11C5%[23;1H[?25h[?25l[1;23r[23;1H
[1;24r[9;1H[106m{[23;1H}[m[24;63H[K[24;63H27,1[11C7%[23;1H[?25h[?25l[1;23r[23;1H
[1;24r[8;1H{[22;1H}[24;63H[K[24;63H28,0-1[9C9%[23;1H[?25h[?25l[1;23r[23;1H
[1;24r[23;1H[94mstatic[m [94mint[m[24;63H[K[24;63H29,1[10C11%[23;1H[?25h[?25l[1;23r[23;1H
[1;24r[23;1HcomparePoint2([94mconst[m [94mvoid[m *p1, [94mconst[m [94mvoid[m *p2)[24;63H[K[24;63H30,1[10C13%[23;1H[?25h[?25l[1;23r[23;1H
[1;24r[23;1H{[24;63H[K[24;63H31,1[10C15%[23;1H[?25h[?25l[1;23r[23;1H
[1;24r[23;3H[31mreturn[m magnitudePoint2(p1) - magnitudePoint2(p2);[24;63H[K[24;63H32,1[10C16%[23;1H[?25h[?25l[1;23r[23;1H
[1;24r[21;1H[106m{

}[m[24;63H[K[24;63H33,1[10C18%[23;1H[?25h[?25l[1;23r[23;1H
[1;24r[20;1H{

}[24;63H[K[24;63H34,0-1[8C20%[23;1H[?25h[?25l[1;23r[23;1H
[1;24r[23;1H[94mstatic[m [94mdouble[m[24;63H[K[24;63H35,1[10C22%[23;1H[?25h[?25l[1;23r[23;1H
[1;24r[23;1HaveragePoints([94mconst[m DynArray *points)[24;63H[K[24;63H36,1[10C24%[23;1H[?25h[?25l[1;23r[23;1H
[1;24r[23;1H{[24;63H[K[24;63H37,1[10C26%[23;1H[?25h[?25l[1;23r[23;1H
[1;24r[23;3H[94mconst[m [94mint[m n = nElementsDynArray(points);[24;63H[K[24;63H38,1[10C28%[23;1H[?25h[?25l[1;23r[23;1H
[1;24r[23;3Hassert(n > [95m0[m);[24;63H[K[24;63H39,1[10C30%[23;1H[?25h[?25l[1;23r[23;1H
[1;24r[23;3H[94mdouble[m sum = [95m0[m;[24;63H[K[24;63H40,1[10C32%[23;1H[?25h[?25l[1;23r[23;1H
[1;24r[23;3H[31mfor[m ([94mint[m i = [95m0[m; i < n; i++) {[24;63H[K[24;63H41,1[10C33%[23;1H[?25h[?25l[1;23r[23;1H
[1;24r[23;5H[94mconst[m Point2 *p = getElementDynArray(points, i);[24;63H[K[24;63H42,1[10C35%[23;1H[?25h[?25l[1;23r[23;1H
[1;24r[23;5H[94mdouble[m mag = magnitudePoint2(p);[24;63H[K[24;63H43,1[10C37%[23;1H[?25h[?25l[1;23r[23;1H
[1;24r[23;5Hsum += mag;[24;63H[K[24;63H44,1[10C39%[23;1H[?25h[?25l[24;64H3[22;1H[?25h[?25l[24;64H2[21;1H[?25h[?25l[24;64H1[20;1H[?25h[?25l[24;64H0[19;1H[?25h[?25l[24;63H39[18;1H[?25h[?25l[24;64H8[17;1H[?25h[?25l[24;64H7[16;1H[?25h[?25l[24;64H6[15;1H[?25h[?25l[24;64H5[14;1H[?25h[?25l[24;64H4,0-1[13;1H[?25h[?25l[10;1H[106m{

}[m[24;64H3,1  [12;1H[?25h[?25l[10;1H{

}[24;64H2[11;1H[?25h[?25l[10;1H[106m{

}[m[24;64H1[10;1H[?25h[?25l{

}[24;64H0[9;1H[?25h[?25l[24;63H29[8;1H[?25h[?25l[24;64H8,0-1[7;1H[?25h[?25l[24;64H7,1  [6;1H[?25h[?25l[24;64H6[5;1H[?25h[?25l[24;64H5[4;1H[?25h[?25l[24;64H4[3;1H[?25h[?25l[24;64H3[2;1H[?25h[?25l[24;64H2[1;1H[?25h[?25l[1;23r[1;1H[L[1;24r[1;5HaddElementDynArray(points, &point2);[24;63H[K[24;63H21,1[10C37%[1;1H[?25h[?25l[1;23r[1;1H[L[1;24r[1;3H[31mwhile[m (fread(&point2, [31msizeof[m(Point2), [95m1[m, in) == [95m1[m) {[24;63H[K[24;63H20,1[10C35%[1;1H[?25h[?25l[1;23r[1;1H[L[1;24r[1;3HPoint2 point2;[24;63H[K[24;63H19,1[10C33%[1;1H[?25h[?25l[1;23r[1;1H[L[1;24r[1;3H}[24;63H[K[24;63H18,1[10C32%[1;1H[?25h[?25l[1;23r[1;1H[L[1;24r[1;5Hexit([95m1[m);[24;63H[K[24;63H17,1[10C30%[1;1H[?25h[?25l[1;23r[1;1H[L[1;24r[1;5Hfprintf([95mstderr[m, [95m"cannot read %s: %s\n"[m, inName, strerror(errno));[24;63H[K[24;63H16,1[10C28%[1;1H[?25h[?25l[1;23r[1;1H[L[1;24r[1;3H[31mif[m (!in) {[24;63H[K[24;63H15,1[10C26%[1;1H[?25h[?25l[1;23r[1;1H[L[1;24r[1;3H[94mFILE[m *in = fopen(inName, [95m"rb"[m);[24;63H[K[24;63H14,1[10C24%[1;1H[?25h[?25l[15;23r[15;1H[L[1;24r[1;1H[106m{[m[1;3H[K[2;3H[94mFILE[m *in = fopen(inName, [95m"rb"[m);
  [31mif[m (!in) {[3;13H[K[4;5Hfprintf([95mstderr[m, [95m"cannot read %s: %s\n"[m, inName, strerror(errno));
    exit([95m1[m);
  }[6;4H[K[7;3HPoint2 point2;[7;17H[K[8;3H[31mwhile[m (fread(&point2, [31msizeof[m(Point2), [95m1[m, in) == [95m1[m) {
    addElementDynArray(points, &point2);
  }[10;4H[K[11;3H[31mif[m (fclose(in) != [95m0[m) {[11;25H[K[12;5Hfprintf([95mstderr[m, [95m"cannot close %s: %s\n"[m, inName, strerror(errno));
    exit([95m1[m);
  }
[106m}[m[24;63H[K[24;63H13,1[10C22%[1;1H[?25h[?25l[1;23r[1;1H[L[1;24r[1;1HreadPoints([94mconst[m [94mchar[m *inName, DynArray *points)
{[16;1H}[24;63H[K[24;63H12,1[10C20%[1;1H[?25h[?25l[1;23r[1;1H[L[1;24r[1;1H[94mstatic[m [94mvoid[m[24;63H[K[24;63H11,1[10C18%[1;1H[?25h[?25l[1;23r[1;1H[L[1;24r[24;63H[K[24;63H10,0-1[8C16%[1;1H[?25h[?25l[24;64H1,1  [2;1H[?25h[?25l[24;64H2[3;1H[?25h[?25l
[106m{[18;1H}[m[24;64H3[4;1H[?25h[?25l{[18;1H}[24;64H4[5;1H[?25h[?25l[24;64H5[6;1H[?25h[?25l[24;64H6[7;1H[?25h[?25l[24;64H7[8;1H[?25h[?25l[24;64H8[9;1H[?25h[?25l[24;64H9[10;1H[?25h[?25l[24;63H20[11;1H[?25h[?25l[24;64H1[12;1H[?25h[?25l[24;64H2[13;1H[?25h[?25l[24;64H3[14;1H[?25h[?25l[24;64H4[15;1H[?25h[?25l[24;64H5[16;1H[?25h[?25l[24;64H6[17;1H[?25h[?25l[4;1H[106m{[18;1H}[m[24;64H7[18;1H[?25h[?25l[4;1H{[18;1H}[24;64H8,0-1[19;1H[?25h[?25l[24;64H9,1  [20;1H[?25h[?25l[24;63H30[21;1H[?25h[?25l[24;64H1[22;1H[?25h[?25l[24;64H2[23;1H[?25h[?25l[1;23r[23;1H
[1;24r[21;1H[106m{

}[m[24;63H[K[24;63H33,1[10C18%[23;1H[?25h[?25l[1;23r[23;1H
[1;24r[20;1H{

}[24;63H[K[24;63H34,0-1[8C20%[23;1H[?25h[?25l[1;23r[23;1H
[1;24r[23;1H[94mstatic[m [94mdouble[m[24;63H[K[24;63H35,1[10C22%[23;1H[?25h[?25l[1;23r[23;1H
[1;24r[23;1HaveragePoints([94mconst[m DynArray *points)[24;63H[K[24;63H36,1[10C24%[23;1H[?25h[?25l[1;23r[23;1H
[1;24r[23;1H{[24;63H[K[24;63H37,1[10C26%[23;1H[?25h[?25l[1;23r[23;1H
[1;24r[23;3H[94mconst[m [94mint[m n = nElementsDynArray(points);[24;63H[K[24;63H38,1[10C28%[23;1H[?25h[?25l[1;23r[23;1H
[1;24r[23;3Hassert(n > [95m0[m);[24;63H[K[24;63H39,1[10C30%[23;1H[?25h[?25l[1;23r[23;1H
[1;24r[23;3H[94mdouble[m sum = [95m0[m;[24;63H[K[24;63H40,1[10C32%[23;1H[?25h[?25l[1;23r[23;1H
[1;24r[23;3H[31mfor[m ([94mint[m i = [95m0[m; i < n; i++) {[24;63H[K[24;63H41,1[10C33%[23;1H[?25h[?25l[1;23r[23;1H
[1;24r[23;5H[94mconst[m Point2 *p = getElementDynArray(points, i);[24;63H[K[24;63H42,1[10C35%[23;1H[?25h[?25l[1;23r[23;1H
[1;24r[23;5H[94mdouble[m mag = magnitudePoint2(p);[24;63H[K[24;63H43,1[10C37%[23;1H[?25h[?25l[1;23r[23;1H
[1;24r[23;5Hsum += mag;[24;63H[K[24;63H44,1[10C39%[23;1H[?25h[?25l[1;23r[23;1H
[1;24r[23;3H}[24;63H[K[24;63H45,1[10C41%[23;1H[?25h[?25l[1;23r[23;1H
[1;24r[23;3H[31mreturn[m sum/n;[24;63H[K[24;63H46,1[10C43%[23;1H[?25h[?25l[1;23r[23;1H
[1;24r[13;1H[106m{[23;1H}[m[24;63H[K[24;63H47,1[10C45%[23;1H[?25h[?25l[1;23r[23;1H
[1;24r[12;1H{[22;1H}[24;63H[K[24;63H48,0-1[8C47%[23;1H[?25h[?25l[1;23r[23;1H
[1;24r[23;1H[94mstatic[m [94mvoid[m[24;63H[K[24;63H49,1[10C49%[23;1H[?25h[?25l[1;23r[23;1H
[1;24r[23;1HstatPoints(DynArray *points, [94mFILE[m *out)[24;63H[K[24;63H50,1[10C50%[23;1H[?25h[?25l[1;23r[23;1H
[1;24r[23;1H{[24;63H[K[24;63H51,1[10C52%[23;1H[?25h[?25l[1;23r[23;1H
[1;24r[23;3HsortDynArray(points, comparePoint2);[24;63H[K[24;63H52,1[10C54%[23;1H[?25h[?25l[1;23r[23;1H
[1;24r[23;3H[94mconst[m [94mint[m n = nElementsDynArray(points);[24;63H[K[24;63H53,1[10C56%[23;1H[?25h[?25l[1;23r[23;1H
[1;24r[23;3H[31mif[m (n > [95m0[m) {[24;63H[K[24;63H54,1[10C58%[23;1H[?25h[?25l[1;23r[23;1H
[1;24r[23;5H[94mdouble[m min = magnitudePoint2(getElementDynArray(points, [95m0[m));[24;63H[K[24;63H55,1[10C60%[23;1H[?25h[?25l[1;23r[23;1H
[1;24r[23;5H[94mdouble[m max = magnitudePoint2(getElementDynArray(points, n - [95m1[m));[24;63H[K[24;63H56,1[10C62%[23;1H[?25h[?25l[1;23r[23;1H
[1;24r[23;5H[94mdouble[m average = averagePoints(points);[24;63H[K[24;63H57,1[10C64%[23;1H[?25h[?25l[1;23r[23;1H
[1;24r[23;5H[94mdouble[m median = magnitudePoint2(getElementDynArray(points, n/[95m2[m));[24;63H[K[24;63H58,1[10C66%[23;1H[?25h[?25l[1;23r[23;1H
[1;24r[23;5Hfprintf(out, [95m"min = %g\naverage = %g\nmedian = %g\nmax = %g\n"[m,[24;63H[K[24;63H59,1[10C67%[23;1H[?25h[?25l[1;23r[23;1H
[1;24r[23;13Hmin, average, median, max);[24;63H[K[24;63H60,1[10C69%[23;1H[?25h[?25l[1;23r[23;1H
[1;24r[23;3H}[24;63H[K[24;63H61,1[10C71%[23;1H[?25h[?25l[1;23r[23;1H
[1;24r[12;1H[106m{[23;1H}[m[24;63H[K[24;63H62,1[10C73%[23;1H[?25h[?25l[1;23r[23;1H
[1;24r[11;1H{[22;1H}[24;63H[K[24;63H63,0-1[8C75%[23;1H[?25h[?25l[1;23r[23;1H
[1;24r[23;1H[94mint[m[24;63H[K[24;63H64,1[10C77%[23;1H[?25h[?25l[1;23r[23;1H
[1;24r[23;1Hmain([94mint[m argc, [94mconst[m [94mchar[m *argv[])[24;63H[K[24;63H65,1[10C79%[23;1H[?25h[?25l[1;23r[23;1H
[1;24r[23;1H{[24;63H[K[24;63H66,1[10C81%[23;1H[?25h[?25l[1;23r[23;1H
[1;24r[23;3H[31mif[m (argc != [95m2[m) {[24;63H[K[24;63H67,1[10C83%[23;1H[?25h[?25l[1;23r[23;1H
[1;24r[23;5Hfprintf([95mstderr[m, [95m"usage: %s BINARY_POINTS_FILE\n"[m, argv[[95m0[m]);[24;63H[K[24;63H68,1[10C84%[23;1H[?25h[?25l[1;23r[23;1H
[1;24r[23;5Hexit([95m1[m);[24;63H[K[24;63H69,1[10C86%[23;1H[?25h[?25l[1;23r[23;1H
[1;24r[23;3H}[24;63H[K[24;63H70,1[10C88%[23;1H[?25h[?25l[1;23r[23;1H
[1;24r[23;3HDynArray *points = newDynArray([31msizeof[m(Point2));[24;63H[K[24;63H71,1[10C90%[23;1H[?25h[?25l[1;23r[23;1H
[1;24r[23;3HreadPoints(argv[[95m1[m], points);[24;63H[K[24;63H72,1[10C92%[23;1H[?25h[?25l[1;23r[23;1H
[1;24r[23;3HstatPoints(points, [95mstdout[m);[24;63H[K[24;63H73,1[10C94%[23;1H[?25h[?25l[1;23r[23;1H
[1;24r[23;3HfreeDynArray(points);[24;63H[K[24;63H74,1[10C96%[23;1H[?25h[?25l[1;23r[23;1H
[1;24r[23;3H[31mreturn[m [95m0[m;[24;63H[K[24;63H75,1[10C98%[23;1H[?25h[?25l[1;23r[23;1H
[1;24r[13;1H[106m{[23;1H}[m[24;63H[K[24;63H76,1[10CBot[23;1H[?25h[?25l[13;1H{[23;1H}[24;64H5[22;1H[?25h[?25l[24;64H4[21;1H[?25h[?25l[24;64H3[20;1H[?25h[?25l[24;64H2[19;1H[?25h[?25l[24;64H1[18;1H[?25h[?25l[24;64H0[17;1H[?25h[?25l[24;63H69[16;1H[?25h[?25l[24;64H8[15;1H[?25h[?25l[24;64H7[14;1H[?25h[?25l[13;1H[106m{[23;1H}[m[24;64H6[13;1H[?25h[?25l{[23;1H}[24;64H5[12;1H[?25h[?25l[24;64H4[11;1H[?25h[?25l[24;64H3,0-1[10;1H[?25h[?25l[24;64H2,1  [9;1H[?25h[?25l[24;64H1[8;1H[?25h[?25l[24;64H0[7;1H[?25h[?25l[24;63H59[6;1H[?25h[?25l[24;64H8[5;1H[?25h[?25l[24;64H7[4;1H[?25h[?25l[24;64H6[3;1H[?25h[?25l[24;64H5[2;1H[?25h[?25l[24;64H4[1;1H[?25h[?25l[1;23r[1;1H[L[1;24r[1;3H[94mconst[m [94mint[m n = nElementsDynArray(points);[24;63H[K[24;63H53,1[10C98%[1;1H[?25h[?25l[1;23r[1;1H[L[1;24r[1;3HsortDynArray(points, comparePoint2);[24;63H[K[24;63H52,1[10C96%[1;1H[?25h[?25l[12;23r[12;1H[L[1;24r[1;1H[106m{[m[1;3H[K[2;3HsortDynArray(points, comparePoint2);[2;39H[K[3;3H[94mconst[m [94mint[m n = nElementsDynArray(points);
  [31mif[m (n > [95m0[m) {[4;16H[K[5;13Hin[46C[95m0[m));[5;65H[K[6;12Hmax = magnitudePoint2(getElementDynArray(points, n - [95m1[m));[7;12Haverage = averagePoints(points);[7;44H[K[8;5H[94mdouble[m median = magnitudePoint2(getElementDynArray(points, n/[95m2[m));
    fprintf(out, [95m"min = %g\naverage = %g\nmedian = %g\nmax = %g\n"[m,
   [9Cmin, average, median, max);
  }
[106m}[m[24;63H[K[24;63H51,1[10C94%[1;1H[?25h[?25l[1;23r[1;1H[L[1;24r[1;1HstatPoints(DynArray *points, [94mFILE[m *out)
{[13;1H}[24;63H[K[24;63H50,1[10C92%[1;1H[?25h[?25l[1;23r[1;1H[L[1;24r[1;1H[94mstatic[m [94mvoid[m[24;63H[K[24;63H49,1[10C90%[1;1H[?25h[?25l[1;23r[1;1H[L[1;24r[24;63H[K[24;63H48,0-1[8C88%[1;1H[?25h[?25l[1;23r[1;1H[L[1;24r[1;1H}[24;63H[K[24;63H47,1[10C86%[1;1H[?25h[?25l[1;23r[1;1H[L[1;24r[1;3H[31mreturn[m sum/n;[24;63H[K[24;63H46,1[10C84%[1;1H[?25h[?25l[1;23r[1;1H[L[1;24r[1;3H}[24;63H[K[24;63H45,1[10C83%[1;1H[?25h[?25l[1;23r[1;1H[L[1;24r[1;5Hsum += mag;[24;63H[K[24;63H44,1[10C81%[1;1H[?25h[?25l[1;23r[1;1H[L[1;24r[1;5H[94mdouble[m mag = magnitudePoint2(p);[24;63H[K[24;63H43,1[10C79%[1;1H[?25h[?25l[24;64H4[2;1H[?25h[?25l[24;64H5[3;1H[?25h[?25l[24;64H6[4;1H[?25h[?25l[24;64H7[5;1H[?25h[?25l[24;64H8,0-1[6;1H[?25h[?25l[24;64H9,1  [7;1H[?25h[?25l[24;63H50[8;1H[?25h[?25l
[106m{[20;1H}[m[24;64H1[9;1H[?25h[?25l{[20;1H}[24;64H2[10;1H[?25h[?25l[24;64H3[11;1H[?25h[?25l[24;64H4[12;1H[?25h[?25l[24;64H5[13;1H[?25h[?25l[24;64H6[14;1H[?25h[?25l[24;64H7[15;1H[?25h[?25l[24;64H8[16;1H[?25h[?25l[24;64H9[17;1H[?25h[?25l[24;63H60[18;1H[?25h[?25l[24;64H1[19;1H[?25h[?25l[9;1H[106m{[20;1H}[m[24;64H2[20;1H[?25h[?25l[9;1H{[20;1H}[24;64H3,0-1[21;1H[?25h[?25l[24;64H4,1  [22;1H[?25h[?25l[24;64H5[23;1H[?25h[?25l[1;23r[23;1H
[1;24r[23;1H{[24;63H[K[24;63H66,1[10C81%[23;1H[?25h[?25l[1;23r[23;1H
[1;24r[23;3H[31mif[m (argc != [95m2[m) {[24;63H[K[24;63H67,1[10C83%[23;1H[?25h[?25l[1;23r[23;1H
[1;24r[23;5Hfprintf([95mstderr[m, [95m"usage: %s BINARY_POINTS_FILE\n"[m, argv[[95m0[m]);[24;63H[K[24;63H68,1[10C84%[23;1H[?25h[?25l[1;23r[23;1H
[1;24r[23;5Hexit([95m1[m);[24;63H[K[24;63H69,1[10C86%[23;1H[?25h[?25l[1;23r[23;1H
[1;24r[23;3H}[24;63H[K[24;63H70,1[10C88%[23;1H[?25h[?25l[1;23r[23;1H
[1;24r[23;3HDynArray *points = newDynArray([31msizeof[m(Point2));[24;63H[K[24;63H71,1[10C90%[23;1H[?25h[?25l[1;23r[23;1H
[1;24r[23;3HreadPoints(argv[[95m1[m], points);[24;63H[K[24;63H72,1[10C92%[23;1H[?25h[?25l[1;23r[23;1H
[1;24r[23;3HstatPoints(points, [95mstdout[m);[24;63H[K[24;63H73,1[10C94%[23;1H[?25h[?25l[1;23r[23;1H
[1;24r[23;3HfreeDynArray(points);[24;63H[K[24;63H74,1[10C96%[23;1H[?25h[?25l[1;23r[23;1H
[1;24r[23;3H[31mreturn[m [95m0[m;[24;63H[K[24;63H75,1[10C98%[23;1H[?25h[?25l[1;23r[23;1H
[1;24r[13;1H[106m{[23;1H}[m[24;63H[K[24;63H76,1[10CBot[23;1H[?25h[?25l[13;1H{[23;1H}[24;64H5[22;1H[?25h[?25l[24;64H4[21;1H[?25h[?25l[24;64H3[20;1H[?25h[?25l[24;64H2[19;1H[?25h[?25l[24;64H1[18;1H[?25h[?25l[24;64H0[17;1H[?25h[?25l[24;63H69[16;1H[?25h[?25l[24;64H8[15;1H[?25h[?25l[24;64H7[14;1H[?25h[?25l[13;1H[106m{[23;1H}[m[24;64H6[13;1H[?25h[?25l{[23;1H}[24;64H5[12;1H[?25h[?25l
[106m{[23;1H}[m[24;64H6[13;1H[?25h[?25l{[23;1H}[24;64H7[14;1H[?25h[?25l[24;64H8[15;1H[?25h[?25l[24;64H9[16;1H[?25h[?25l[24;63H70[17;1H[?25h[?25l[24;66H2[17;2H[?25h[?25l[14;18H[106m{[17;3H}[m[24;66H3[17;3H[?25h[?25l[14;18H{[17;3H}[24;63H69[16;3H[?25h[?25l[24;64H8[15;3H[?25h[?25l[24;64H7[14;3H[?25h[?25l[24;66H4[14;4H[?25h[?25l[24;66H5[14;5H[?25h[?25l [106m([9C)[m[24;66H6[14;6H[?25h[?25l([9C)[24;66H7[14;7H[?25h[?25l[24;66H8[14;8H[?25h[?25l[24;66H9[14;9H[?25h[?25l[24;66H10[14;10H[?25h[?25l[24;67H1[14;11H[?25h[?25l[24;67H2[14;12H[?25h[?25l[24;67H3[14;13H[?25h[?25l[24;67H4[14;14H[?25h[?25l[24;67H5[14;15H[?25h[?25l[14;6H[106m([9C)[m[24;67H6[14;16H[?25h[?25l[14;6H([9C)[24;67H7[14;17H[?25h[?25l[14;6H[106m([9C)[m[24;67H6[14;16H[?25h[?25l[24;1H[1m-- INSERT --[m[24;63H[K[24;63H67,16[9CBot[14;16H[?25h[?25l[106m [m) { [106m)[m[24;67H7]2;stat-points.c + (~/projects/i220...mit/lab13/exercises/rec-io) - VIM]1;stat-points.c[14;17H[?25h[?25l[106m|[m) {|[106m)[m[24;67H8[14;18H[?25h[?25l[106m|[m) {|[106m)[m[24;67H9[14;19H[?25h[?25l[106m [m) { [106m)[m[24;66H20[14;20H[?25h[?25l[106ma[m) {a[106m)[m[24;67H1[14;21H[?25h[?25l[106mr[m) {r[106m)[m[24;67H2[14;22H[?25h[?25l[106mt[m) {t[106m)[m[24;67H3[14;23H[?25h[?25l)[106m [m{[14;25H[K[14;22H[106m)[m [24;67H2[14;22H[?25h[?25l[106mg[m) {g[106m)[m[24;67H3[14;23H[?25h[?25l[106mc[m) {c[106m)[m[24;67H4[14;24H[?25h[?25l[106m [m) { [106m)[m[24;67H5[14;25H[?25h[?25l[106m![m) {![106m)[m[24;67H6[14;26H[?25h[?25l[106m=[m) {=[106m)[m[24;67H7[14;27H[?25h[?25l[106m [m) { [106m)[m[24;67H8[14;28H[?25h[?25l[95m[106m3[m) {[95m3[m[106m)[m[24;67H9[14;29H[?25h[?25l[14;6H([22C)[24;64H8[15;29H[?25h[?25l[24;64H9,13[16;13H[?25h[?25l[14;31H[106m{[17;3H}[m[24;63H70,4 [17;4H[?25h[?25l[14;31H{[17;3H}[24;63H69,13[16;13H[?25h[?25l[24;64H8,29[15;29H[?25h[?25l[24;66H30[15;30H[?25h[?25l[24;67H1[15;31H[?25h[?25l[24;67H2[15;32H[?25h[?25l[24;67H3[15;33H[?25h[?25l[24;67H4[15;34H[?25h[?25l[24;67H5[15;35H[?25h[?25l[24;67H6[15;36H[?25h[?25l[24;67H7[15;37H[?25h[?25l[24;67H8[15;38H[?25h[?25l[24;67H9[15;39H[?25h[?25l[24;66H40[15;40H[?25h[?25l[24;67H1[15;41H[?25h[?25l[24;67H2[15;42H[?25h[?25l[24;67H3[15;43H[?25h[?25l[24;67H4[15;44H[?25h[?25l[24;67H5[15;45H[?25h[?25l[24;67H6[15;46H[?25h[?25l[24;67H7[15;47H[?25h[?25l[24;67H8[15;48H[?25h[?25l[24;67H9[15;49H[?25h[?25l[24;66H50[15;50H[?25h[?25l[95m \n"[m, argv[[95m0[m]);[24;67H1[15;51H[?25h[?25l[95m[\n"[m, argv[[95m0[m]);[24;67H2[15;52H[?25h[?25l[95m]\n"[m, argv[[95m0[m]);[15;51H[95m[106m[][m[24;67H3[15;53H[?25h[?25l[24;67H2[15;52H[?25h[?25l[95m[106mO[m[95m]\n"[m, argv[[95m0[m]);[15;52H[95mO[m[95m[106m][m[24;67H3[15;53H[?25h[?25l[95m[106mU[m[95m]\n"[m, argv[[95m0[m]);[15;53H[95mU[m[95m[106m][m[24;67H4[15;54H[?25h[?25l[95m[106mT[m[95m]\n"[m, argv[[95m0[m]);[15;54H[95mT[m[95m[106m][m[24;67H5[15;55H[?25h[?25l[95m[106mP[m[95m]\n"[m, argv[[95m0[m]);[15;55H[95mP[m[95m[106m][m[24;67H6[15;56H[?25h[?25l[95m[106mU[m[95m]\n"[m, argv[[95m0[m]);[15;56H[95mU[m[95m[106m][m[24;67H7[15;57H[?25h[?25l[95m[106mT[m[95m]\n"[m, argv[[95m0[m]);[15;57H[95mT[m[95m[106m][m[24;67H8[15;58H[?25h[?25l[95m[106m_[m[95m]\n"[m, argv[[95m0[m]);[15;58H[95m_[m[95m[106m][m[24;67H9[15;59H[?25h[?25l[95m[106mF[m[95m]\n"[m, argv[[95m0[m]);[15;59H[95mF[m[95m[106m][m[24;66H60[15;60H[?25h[?25l[95m[106mI[m[95m]\n"[m, argv[[95m0[m]);[15;60H[95mI[m[95m[106m][m[24;67H1[15;61H[?25h[?25l[95m[106mL[m[95m]\n"[m, argv[[95m0[m]);[15;61H[95mL[m[95m[106m][m[24;67H2[15;62H[?25h[?25l[95m[106mE[m[95m]\n"[m, argv[[95m0[m]);[15;62H[95mE[m[95m[106m][m[24;67H3[15;63H[?25h[?25l[15;51H[95m[[11C][m[24;64H9,1[16;13H[?25h[?25l[14;31H[106m{[17;3H}[m[24;63H70,4 [17;4H[?25h[?25l[14;31H{[17;3H}[24;64H1,50[18;50H[?25h[?25l[24;64H2,31[19;31H[?25h[?25l[24;64H3,30[20;30H[?25h[?25l[24;64H4,24[21;24H[?25h[?25l[24;64H5,12[22;12H[?25h[?25l[13;1H[106m{[23;1H}[m[24;64H6,2 [23;2H[?25h[?25l[13;1H{[23;1H}[24;64H5,12[22;12H[?25h[?25l[24;64H4,24[21;24H[?25h[?25l[24;64H3,30[20;30H[?25h[?25l[24;64H2,31[19;31H[?25h[?25l[24;64H1,50[18;50H[?25h[?25l[14;31H[106m{[17;3H}[m[24;64H0,4 [17;4H[?25h[?25l[14;31H{[17;3H}[24;63H69,13[16;13H[?25h[?25l[14;31H[106m{[17;3H}[m[24;63H70,4 [17;4H[?25h[?25l[14;31H{[17;3H}[24;64H1,50[18;50H[?25h[?25l[24;64H2,31[19;31H[?25h[?25l[24;64H3,30[20;30H[?25h[?25l[24;64H2,31[19;31H[?25h[?25l[24;64H1,50[18;50H[?25h[?25l[14;31H[106m{[17;3H}[m[24;64H0,4 [17;4H[?25h[?25l[14;31H{[17;3H}[24;66H5[17;5H[?25h[?25l[18;23r[18;1H[L[1;24r[24;63H[K[24;63H71,1[10C98%[18;1H[?25h[?25l[24;66H2-9[18;9H[?25h[?25l[24;66H1  [18;1H[?25h[?25l[24;66H2[18;2H[?25h[?25l[24;66H1[18;1H[?25h[?25l[24;66H2[18;2H[?25h[?25l[24;66H3[18;3H[?25h[?25l[14;31H[106m{[17;3H}[m[24;64H0[17;3H[?25h[?25l[14;31H{[17;3H}[24;63H69[16;3H[?25h[?25l[24;64H8[15;3H[?25h[?25l[24;64H7[14;3H[?25h[?25l[24;64H6,2[13;2H[?25h[?25l[24;64H5,3[12;3H[?25h[?25l[24;64H4[11;3H[?25h[?25l[24;64H3,1[10;1H[?25h[?25l[24;64H2,2[9;2H[?25h[?25l[1;14H[106m{[8;3H}[m[24;64H1,3[8;3H[?25h[?25l[1;14H{[8;3H}[24;64H0[7;3H[?25h[?25l[24;63H59[6;3H[?25h[?25l[24;64H8[5;3H[?25h[?25l[24;64H7[4;3H[?25h[?25l[24;64H6[3;3H[?25h[?25l[24;64H5[2;3H[?25h[?25l[24;64H4[1;3H[?25h[?25l[1;23r[1;1H[L[1;24r[1;3H[94mconst[m [94mint[m n = nElementsDynArray(points);[24;63H[K[24;63H53,3[10C96%[1;3H[?25h[?25l[1;23r[1;1H[L[1;24r[1;3HsortDynArray(points, comparePoint2);[24;63H[K[24;63H52,3[10C94%[1;3H[?25h[?25l[1;23r[1;1H[L[1;24r[1;1H{[24;63H[K[24;63H51,2[10C92%[1;1H[106m{[12;1H}[1;2H[?25h[?25l[1;23r[m[1;1H[L[1;24r[1;1HstatPoints(DynArray *points, [94mFILE[m *out)[24;63H[K[24;63H50,3[10C90%[2;1H{[13;1H}[1;3H[?25h[?25l[1;23r[1;1H[L[1;24r[1;1H[94mstatic[m [94mvoid[m[24;63H[K[24;63H49,3[10C88%[1;3H[?25h[?25l[1;23r[1;1H[L[1;24r[24;63H[K[24;63H48,1[10C87%[1;1H[?25h[?25l[1;23r[1;1H[L[1;24r[1;1H}[24;63H[K[24;63H47,2[10C85%[1;2H[?25h[?25l[24;64H8,1[2;1H[?25h[?25l[24;64H9,3[3;3H[?25h[?25l[24;63H50[4;3H[?25h[?25l
[106m{[16;1H}[m[24;64H1,2[5;2H[?25h[?25l{[16;1H}[24;64H2,3[6;3H[?25h[?25l[24;64H3[7;3H[?25h[?25l[24;64H4[8;3H[?25h[?25l[24;64H5[9;3H[?25h[?25l[24;64H6[10;3H[?25h[?25l[24;64H7[11;3H[?25h[?25l[24;64H8[12;3H[?25h[?25l[24;64H9[13;3H[?25h[?25l[24;63H60[14;3H[?25h[?25l[8;14H[106m{[15;3H}[m[24;64H1[15;3H[?25h[?25l[5;1H[106m{[m[8;14H{[15;3H}
[106m}[m[24;64H2,2[16;2H[?25h[?25l[5;1H{[16;1H}[24;64H3,1[17;1H[?25h[?25l[24;64H4,3[18;3H[?25h[?25l[24;64H5[19;3H[?25h[?25l[24;64H6,2[20;2H[?25h[?25l[24;64H7,3[21;3H[?25h[?25l[24;64H8[22;3H[?25h[?25l[24;64H9[23;3H[?25h[?25l[1;23r[23;1H
[1;24r[23;3H}[24;63H[K[24;63H70,3[10C87%[20;31H[106m{[23;3H}[?25h[?25l[1;23r[m[23;1H
[1;24r[24;63H[K[24;63H71,3[10C88%[19;31H{[22;3H}
  [?25h[?25l[1;23r[23;1H
[1;24r[23;3HDynArray *points = newDynArray([31msizeof[m(Point2));[24;63H[K[24;63H72,3[10C90%[23;3H[?25h[?25l[1;23r[23;1H
[1;24r[23;3HreadPoints(argv[[95m1[m], points);[24;63H[K[24;63H73,3[10C92%[23;3H[?25h[?25l[1;23r[23;1H
[1;24r[23;3HstatPoints(points, [95mstdout[m);[24;63H[K[24;63H74,3[10C94%[23;3H[?25h[?25l[1;23r[23;1H
[1;24r[23;3HfreeDynArray(points);[24;63H[K[24;63H75,3[10C96%[23;3H[?25h[?25l[1;23r[23;1H
[1;24r[23;3H[31mreturn[m [95m0[m;[24;63H[K[24;63H76,3[10C98%[23;3H[?25h[?25l[1;23r[23;1H
[1;24r[23;1H}[24;63H[K[24;63H77,2[10CBot[12;1H[106m{[23;1H}[?25h[?25l[m[12;1H{[23;1H}[24;64H6,3[22;3H[?25h[?25l[24;64H5[21;3H[?25h[?25l[24;64H4[20;3H[?25h[?25l[24;64H3[19;3H[?25h[?25l[24;64H2[18;3H[?25h[?25l[24;64H1[17;3H[?25h[?25lF[24;66H4[17;4H[?25h[?25li[24;66H5[17;5H[?25h[?25ll[24;66H6[17;6H[?25h[?25le[24;66H7[17;7H[?25h[?25l[24;66H8[17;8H[?25h[?25l*[24;66H9[17;9H[?25h[?25lp[24;66H10[17;10H[?25h[?25lt[24;67H1[17;11H[?25h[?25l[17;10H[K[24;67H0[17;10H[?25h[?25l[17;9H[K[24;66H9 [17;9H[?25h[?25lo[24;66H10[17;10H[?25h[?25lu[24;67H1[17;11H[?25h[?25lt[24;67H2[17;12H[?25h[?25l[17;11H[K[24;67H1[17;11H[?25h[?25l[17;10H[K[24;67H0[17;10H[?25h[?25l[17;9H[K[24;66H9 [17;9H[?25h[?25l[17;8H[K[24;66H8[17;8H[?25h[?25l[24;66H7[17;7H[?25h[?25l[17;6H[K[24;66H6[17;6H[?25h[?25l[17;5H[K[24;66H5[17;5H[?25h[?25l[17;4H[K[24;66H4[17;4H[?25h[?25lI[24;66H5[17;5H[?25h[?25lL[24;66H6[17;6H[?25h[?25l[94mFILE[m[24;66H7[17;7H[?25h[?25l[24;66H8[17;8H[?25h[?25l*[24;66H9[17;9H[?25h[?25lo[24;66H10[17;10H[?25h[?25lu[24;67H1[17;11H[?25h[?25lt[24;67H2[17;12H[?25h[?25l[24;67H3[17;13H[?25h[?25l=[24;67H4[17;14H[?25h[?25l[24;67H5[17;15H[?25h[?25ln[24;67H6[17;16H[?25h[?25lu[24;67H7[17;17H[?25h[?25ll[24;67H8[17;18H[?25h[?25ll[24;67H9[17;19H[?25h[?25l[17;18H[K[24;67H8[17;18H[?25h[?25l[17;17H[K[24;67H7[17;17H[?25h[?25l[17;16H[K[24;67H6[17;16H[?25h[?25l[17;15H[K[24;67H5[17;15H[?25h[?25lN[24;67H6[17;16H[?25h[?25lU[24;67H7[17;17H[?25h[?25lL[24;67H8[17;18H[?25h[?25l[95mNULL[m[24;67H9[17;19H[?25h[?25l;[24;66H20[17;20H[?25h[?25l[18;23r[18;1H[L[1;24r[24;63H[K[24;63H72,1[10C98%[18;1H[?25h[?25l[24;66H2-9[18;9H[?25h[?25l[24;66H1  [18;1H[?25h[?25l[24;66H2[18;2H[?25h[?25l[24;66H3[18;3H[?25h[?25li[24;66H4[18;4H[?25h[?25l[31mif[m[24;66H5[18;5H[?25h[?25l([24;66H6[18;6H[?25h[?25l)[106m()[m[24;66H7[18;7H[?25h[?25l[24;66H6[18;6H[?25h[?25l[106mr[m)r[106m)[m[24;66H7[18;7H[?25h[?25l)[18;7H[K[18;6H[106m)[m[24;66H6[18;6H[?25h[?25l[106ma[m)a[106m)[m[24;66H7[18;7H[?25h[?25l[106mr[m)r[106m)[m[24;66H8[18;8H[?25h[?25l[106mc[m)c[106m)[m[24;66H9[18;9H[?25h[?25l[106m [m) [106m)[m[24;66H10[18;10H[?25h[?25l[106m=[m)=[106m)[m[24;67H1[18;11H[?25h[?25l[106m=[m)=[106m)[m[24;67H2[18;12H[?25h[?25l[106m [m) [106m)[m[24;67H3[18;13H[?25h[?25l[95m[106m3[m)[95m3[m[106m)[m[24;67H4[18;14H[?25h[?25l[24;67H5[18;15H[?25h[?25l{[18;5H([8C)[24;67H6[18;16H[?25h[?25l[19;23r[19;1H[L[1;24r[24;63H[K[24;63H73,1[10C96%[19;1H[?25h[?25l[20;23r[20;1H[L[1;24r[24;63H[K[24;63H74,1[10C94%[20;1H[?25h[?25l[24;66H2-9[20;9H[?25h[?25l[24;66H1  [20;1H[?25h[?25l[24;66H2[20;2H[?25h[?25l[24;66H3[20;3H[?25h[?25l}[18;15H[106m{

[m  [106m}[m[24;66H4[20;4H[?25h[?25l[18;15H{

  }[24;64H3,1[19;1H[?25h[?25l[24;66H2-9[19;9H[?25h[?25lf[24;66H3-10[19;10H[?25h[?25lo[24;66H4-11[19;11H[?25h[?25lp[24;66H5-12[19;12H[?25h[?25le[24;66H6-13[19;13H[?25h[?25ln[24;66H7-14[19;14H[?25h[?25l([24;66H8-15[19;15H[?25h[?25l)[106m()[m[24;66H9-16[19;16H[?25h[?25l[24;66H8-15[19;15H[?25h[?25l[18;15H[106m{[m[19;14H()
  [106m}[m[24;64H2,15  [18;15H[?25h[?25l{

  }[24;64H1[17;15H[?25h[?25l[24;64H0,5 [16;5H[?25h[?25l[17;23r[17;1H[L[1;24r[24;63H[K[24;63H71,1[10C93%[17;1H[?25h[?25l[24;66H2-9[17;9H[?25h[?25l[24;66H1  [17;1H[?25h[?25l[24;66H2[17;2H[?25h[?25l[24;66H3[17;3H[?25h[?25lc[24;66H4[17;4H[?25h[?25lh[24;66H5[17;5H[?25h[?25la[24;66H6[17;6H[?25h[?25l[94mchar[m[24;66H7[17;7H[?25h[?25l[24;66H8[17;8H[?25h[?25l*[24;66H9[17;9H[?25h[?25l[24;66H8[17;8H[?25h[?25l[24;66H7[17;7H[?25h[?25l[24;66H6[17;6H[?25h[?25l[24;66H5[17;5H[?25h[?25l[24;66H4[17;4H[?25h[?25l[24;66H3[17;3H[?25h[?25lcchar *[24;66H4[17;4H[?25h[?25lochar *[24;66H5[17;5H[?25h[?25lnchar *[24;66H6[17;6H[?25h[?25lschar *[24;66H7[17;7H[?25h[?25ltchar *[24;66H8[17;8H[?25h[?25l  [94mconst[m [94mchar[m *[24;66H9[17;9H[?25h[?25l[24;66H10[17;10H[?25h[?25l[24;67H1[17;11H[?25h[?25l[24;67H2[17;12H[?25h[?25l[24;67H3[17;13H[?25h[?25l[24;67H4[17;14H[?25h[?25l[24;67H5[17;15H[?25h[?25lo[24;67H6[17;16H[?25h[?25lu[24;67H7[17;17H[?25h[?25lt[24;67H8[17;18H[?25h[?25lN[24;67H9[17;19H[?25h[?25la[24;66H20[17;20H[?25h[?25lm[24;67H1[17;21H[?25h[?25le[24;67H2[17;22H[?25h[?25l[24;67H3[17;23H[?25h[?25l=[24;67H4[17;24H[?25h[?25l[24;67H5[17;25H[?25h[?25la[24;67H6[17;26H[?25h[?25l[17;25H[K[24;67H5[17;25H[?25h[?25l[24;1H[K[24;63H71,24[9C93%[17;24H[?25h[?25l[24;64H0,4 [16;4H[?25h[?25l[24;64H1,24[17;24H[?25h[?25l[17;23r[23;1H
[1;24r[23;3HstatPoints(points, [95mstdout[m);[24;63H[K[24;63H71,3[10C94%[17;3H[?25h[?25l[24;64H2[18;3H[?25h[?25l[24;64H3,1-8[19;8H[?25h[?25l[24;66H2-9[19;9H[?25h[?25l[24;64H2,9  [18;9H[?25h[?25l[24;66H10[18;10H[?25h[?25l[24;67H1[18;11H[?25h[?25l[24;67H2[18;12H[?25h[?25l[24;67H3[18;13H[?25h[?25l[18;5H[106m([8C)[m[24;67H4[18;14H[?25h[?25l[18;5H([8C)[106m{

[m  [106m}[m[24;67H5[18;15H[?25h[?25l[24;1H[1m-- INSERT --[m[24;63H[K[24;63H72,15[9C94%[18;15H[?25h[?25l[24;67H6[18;16H[?25h[?25l[19;23r[19;1H[L[1;24r[20;10H[106mo[m
  }[24;63H[K[24;63H73,1[10C93%[18;15H{[20;10Ho[19;1H[?25h[?25l[24;66H2-9[19;9H[?25h[?25l[24;66H1  [19;1H[?25h[?25l[24;66H2[19;2H[?25h[?25l[24;66H3[19;3H[?25h[34m^[m [?25l[34m^?[m[24;66H4-5[19;5H[?25h[?25l[19;3H[K[24;66H3  [19;3H[?25h[?25ltime ./no-buffer-copy `which gcc` /dev/null [95m0[?25h[?25l[m[24;66H48[19;48H[?25h[?25l[19;47H[K[24;67H7[19;47H[?25h[?25l[24;67H6[19;46H[?25h[?25l[19;45H[K[24;67H5[19;45H[?25h[?25l[19;44H[K[24;67H4[19;44H[?25h[?25l[19;43H[K[24;67H3[19;43H[?25h[?25l[19;42H[K[24;67H2[19;42H[?25h[?25l[19;41H[K[24;67H1[19;41H[?25h[?25l[19;40H[K[24;67H0[19;40H[?25h[?25l[19;39H[K[24;66H39[19;39H[?25h[?25l[19;38H[K[24;67H8[19;38H[?25h[?25l[19;37H[K[24;67H7[19;37H[?25h[?25l[24;67H6[19;36H[?25h[?25l[19;35H[K[24;67H5[19;35H[?25h[?25l[19;34H[K[24;67H4[19;34H[?25h[?25l[19;33H[K[24;67H3[19;33H[?25h[?25l[19;32H[K[24;67H2[19;32H[?25h[?25l[24;67H1[19;31H[?25h[?25l[19;30H[K[24;67H0[19;30H[?25h[?25l[19;29H[K[24;66H29[19;29H[?25h[?25l[19;28H[K[24;67H8[19;28H[?25h[?25l[19;27H[K[24;67H7[19;27H[?25h[?25l[19;26H[K[24;67H6[19;26H[?25h[?25l[19;25H[K[24;67H5[19;25H[?25h[?25l[24;67H4[19;24H[?25h[?25l[19;23H[K[24;67H3[19;23H[?25h[?25l[19;22H[K[24;67H2[19;22H[?25h[?25l[19;21H[K[24;67H1[19;21H[?25h[?25l[19;20H[K[24;67H0[19;20H[?25h[?25l[19;19H[K[24;66H19[19;19H[?25h[?25l[19;18H[K[24;67H8[19;18H[?25h[?25l[19;17H[K[24;67H7[19;17H[?25h[?25l[19;16H[K[24;67H6[19;16H[?25h[?25l[19;15H[K[24;67H5[19;15H[?25h[?25l[19;14H[K[24;67H4[19;14H[?25h[?25l[19;13H[K[24;67H3[19;13H[?25h[?25l[19;12H[K[24;67H2[19;12H[?25h[?25l[19;11H[K[24;67H1[19;11H[?25h[?25l[19;10H[K[24;67H0[19;10H[?25h[?25l[19;9H[K[24;66H9 [19;9H[?25h[?25l[19;8H[K[24;66H8[19;8H[?25h[?25l[24;66H7[19;7H[?25h[?25l[19;6H[K[24;66H6[19;6H[?25h[?25l[19;5H[K[24;66H5[19;5H[?25h[?25l[19;4H[K[24;66H4[19;4H[?25h[?25l[19;3H[K[24;66H3[19;3H[?25h[?25l[24;66H4[19;4H[?25h[?25l[24;66H5[19;5H[?25h[?25l[24;66H6[19;6H[?25h[?25l[24;66H7[19;7H[?25h[?25l[24;66H8[19;8H[?25h[?25l[24;66H9[19;9H[?25h[?25lf[24;66H10[19;10H[?25h[?25lO[24;67H1[19;11H[?25h[?25l[19;10H[K[24;67H0[19;10H[?25h[?25l[19;9H[K[24;66H9 [19;9H[?25h[?25lC[24;66H10[19;10H[?25h[?25lO[24;67H1[19;11H[?25h[?25lN[24;67H2[19;12H[?25h[?25lS[24;67H3[19;13H[?25h[?25lT[24;67H4[19;14H[?25h[?25l[19;13H[K[24;67H3[19;13H[?25h[?25l[19;12H[K[24;67H2[19;12H[?25h[?25l[19;11H[K[24;67H1[19;11H[?25h[?25l[19;10H[K[24;67H0[19;10H[?25h[?25l[19;9H[K[24;66H9 [19;9H[?25h[?25lc[24;66H10[19;10H[?25h[?25lo[24;67H1[19;11H[?25h[?25ln[24;67H2[19;12H[?25h[?25ls[24;67H3[19;13H[?25h[?25l[94mconst[m[24;67H4[19;14H[?25h[?25l[24;67H5[19;15H[?25h[?25ls[24;67H6[19;16H[?25h[?25lh[24;67H7[19;17H[?25h[?25la[24;67H8[19;18H[?25h[?25l[19;17H[K[24;67H7[19;17H[?25h[?25l[19;16H[K[24;67H6[19;16H[?25h[?25lc[24;67H7[19;17H[?25h[?25l[19;16H[K[24;67H6[19;16H[?25h[?25l[19;15H[K[24;67H5[19;15H[?25h[?25lc[24;67H6[19;16H[?25h[?25lh[24;67H7[19;17H[?25h[?25la[24;67H8[19;18H[?25h[?25l[94mchar[m[24;67H9[19;19H[?25h[?25l[24;66H20[19;20H[?25h[?25l*[24;67H1[19;21H[?25h[?25l[24;67H2[19;22H[?25h[?25l[24;67H1[19;21H[?25h[?25lo[24;67H2[19;22H[?25h[?25lu[24;67H3[19;23H[?25h[?25lt[24;67H4[19;24H[?25h[?25lN[24;67H5[19;25H[?25h[?25la[24;67H6[19;26H[?25h[?25lm[24;67H7[19;27H[?25h[?25le[24;67H8[19;28H[?25h[?25l[24;67H9[19;29H[?25h[?25l=[24;66H30[19;30H[?25h[?25l[24;67H1[19;31H[?25h[?25la[24;67H2[19;32H[?25h[?25lr[24;67H3[19;33H[?25h[?25lg[24;67H4[19;34H[?25h[?25lv[24;67H5[19;35H[?25h[?25l[[24;67H6[19;36H[?25h[?25l[95m2[m[24;67H7[19;37H[?25h[?25l][106m[[1C][m[24;67H8[19;38H[?25h[?25l;[[1C][24;67H9[19;39H[?25h[?25l[20;14H[106m()[m[24;64H4,9-16[20;16H[?25h[?25l[24;66H8-15[20;15H[?25h[?25l[106mo[m)o[106m)[m[24;66H9-16[20;16H[?25h[?25l[106mu[m)u[106m)[m[24;66H10-17[20;17H[?25h[?25l[106mt[m)t[106m)[m[24;67H1-18[20;18H[?25h[?25l[106mN[m)N[106m)[m[24;67H2-19[20;19H[?25h[?25l[106ma[m)a[106m)[m[24;67H3-20[20;20H[?25h[?25l[106mm[m)m[106m)[m[24;67H4-21[20;21H[?25h[?25l[106me[m)e[106m)[m[24;67H5-22[20;22H[?25h[?25l[106m [m) [106m)[m[24;67H6-23[20;23H[?25h[?25l[106m,[m),[106m)[m[24;67H7-24[20;24H[?25h[?25l[106m [m) [106m)[m[24;67H8-25[20;25H[?25h[?25l[95m[106m"[m[95m)
  }
  DynArray *points = newDynArray(sizeof(Point2));
  readPoints(argv[1], points);[20;25H"[m[95m[106m)[m[24;67H9-26[20;26H[?25h[?25l[95m[106m2[m[95m)2[m[95m[106m)[m[24;66H20-27[20;27H[?25h[?25l[95m)[m[20;27H[K[20;26H[95m[106m)[m[24;66H19-26[20;26H[?25h[?25l[95m[106mw[m[95m)w[m[95m[106m)[m[24;66H20-27[20;27H[?25h[?25l[95m[106m"[m)
  }
  DynArray *points = newDynArray([31msizeof[m(Point2));
  readPoints(argv[[1C], points);[20;27H[95m"[m[106m)[m[24;67H1-28[20;28H[?25h[?25l[24;67H2-29[20;29H[?25h[?25l;[20;14H([13C)[24;67H3-30[20;30H[?25h[?25l[24;67H4-31[20;31H[?25h[?25l[18;15H[106m{[21;3H}[m[24;64H5,4    [21;4H[?25h[?25l[18;15H{[21;3H}[24;64H4,24-31[20;31H[?25h[?25l[24;67H3-30[20;30H[?25h[?25l[20;14H[106m([13C)[m[24;67H2-29[20;29H[?25h[?25l[24;67H1-28[20;28H[?25h[?25l[20;14H([13C)[24;67H0-27[20;27H[?25h[?25l[24;66H19-26[20;26H[?25h[?25l[24;67H8-25[20;25H[?25h[?25l[24;67H7-24[20;24H[?25h[?25l[24;67H6-23[20;23H[?25h[?25l[24;67H5-22[20;22H[?25h[?25l[24;67H4-21[20;21H[?25h[?25l[24;67H3-20[20;20H[?25h[?25l[24;67H2-19[20;19H[?25h[?25l[24;67H1-18[20;18H[?25h[?25l[24;67H0-17[20;17H[?25h[?25l[24;66H9-16 [20;16H[?25h[?25l[106m([13C)[m[24;66H8-15[20;15H[?25h[?25l[24;66H7-14[20;14H[?25h[?25l([13C)[24;66H6-13[20;13H[?25h[?25l[24;66H5-12[20;12H[?25h[?25l[24;66H4-11[20;11H[?25h[?25l[24;66H3-10[20;10H[?25h[?25l[24;66H2-9 [20;9H[?25h[?25lofopen(outName , [95m"w"[m);[24;66H3-10[20;10H[?25h[?25lufopen(outName , [95m"w"[m);[24;66H4-11[20;11H[?25h[?25ltfopen(outName , [95m"w"[m);[24;66H5-12[20;12H[?25h[?25l fopen(outName , [95m"w"[m);[24;66H6-13[20;13H[?25h[?25l=fopen(outName , [95m"w"[m);[24;66H7-14[20;14H[?25h[?25l fopen(outName , [95m"w"[m);[24;66H8-15[20;15H[?25h[?25l[24;64H3,15  [19;15H[?25h[?25l[18;15H[106m{[21;3H}[m[24;64H2[18;15H[?25h[?25l{[21;3H}[24;64H1[17;15H[?25h[?25l[24;64H0,5 [16;5H[?25h[?25l[24;63H69,13[15;13H[?25h[?25l[24;64H8,15[14;15H[?25h[?25l[24;64H7[13;15H[?25h[?25l[24;64H6,2 [12;2H[?25h[?25l[24;64H5,15[11;15H[?25h[?25l[24;64H4,4 [10;4H[?25h[?25l[24;64H3,1[9;1H[?25h[?25l[24;64H2,2[8;2H[?25h[?25l[24;64H1,4[7;4H[?25h[?25l[24;64H0,15[6;15H[?25h[?25l[24;63H59[5;15H[?25h[?25l[24;64H8[4;15H[?25h[?25l[24;64H7[3;15H[?25h[?25l[24;64H6[2;15H[?25h[?25l[24;64H5[1;15H[?25h[?25l[1;23r[1;1H[L[1;24r[1;3H[31mif[m (n > [95m0[m) {[24;63H[K[24;63H54,15[9C91%[1;14H[106m{[8;3H}[1;15H[?25h[?25l[1;23r[m[1;1H[L[1;24r[1;3H[94mconst[m [94mint[m n = nElementsDynArray(points);[24;63H[K[24;63H53,15[9C89%[2;14H{[9;3H}[1;15H[?25h[?25l[1;23r[1;1H[L[1;24r[1;3HsortDynArray(points, comparePoint2);[24;63H[K[24;63H52,15[9C87%[1;15H[106m([21C)[1;15H[?25h[?25l[1;23r[m[1;1H[L[1;24r[1;1H{[24;63H[K[24;63H51,2[10C86%[1;1H[106m{[m[2;15H([21C)[12;1H[106m}[1;2H[?25h[?25l[1;23r[m[1;1H[L[1;24r[1;1HstatPoints(DynArray *points, [94mFILE[m *out)[24;63H[K[24;63H50,15[9C84%[2;1H{[13;1H}[1;15H[?25h[?25l[1;23r[1;1H[L[1;24r[1;1H[94mstatic[m [94mvoid[m[24;63H[K[24;63H49,12[9C82%[1;12H[?25h[?25l[1;23r[1;1H[L[1;24r[24;63H[K[24;63H48,1[10C81%[1;1H[?25h[?25l[1;23r[1;1H[L[1;24r[1;1H}[24;63H[K[24;63H47,2[10C79%[1;2H[?25h[?25l[1;23r[1;1H[L[1;24r[1;3H[31mreturn[m sum/n;[24;63H[K[24;63H46,15[9C77%[1;15H[?25h[?25l[1;23r[1;1H[L[1;24r[1;3H}[24;63H[K[24;63H45,4[10C75%[1;4H[?25h[?25l[1;23r[1;1H[L[1;24r[1;5Hsum += mag;[24;63H[K[24;63H44,15[9C74%[1;15H[?25h[?25l[1;23r[1;1H[L[1;24r[1;5H[94mdouble[m mag = magnitudePoint2(p);[24;63H[K[24;63H43,15[9C72%[1;15H[?25h[?25l[1;23r[1;1H[L[1;24r[1;5H[94mconst[m Point2 *p = getElementDynArray(points, i);[24;63H[K[24;63H42,15[9C70%[1;15H[?25h[?25l[1;23r[1;1H[L[1;24r[1;3H[31mfor[m ([94mint[m i = [95m0[m; i < n; i++) {[24;63H[K[24;63H41,15[9C68%[1;15H[?25h[?25l[1;23r[1;1H[L[1;24r[1;3H[94mdouble[m sum = [95m0[m;[24;63H[K[24;63H40,15[9C67%[1;15H[?25h[?25l[1;23r[1;1H[L[1;24r[1;3Hassert(n > [95m0[m);[24;63H[K[24;63H39,15[9C65%[1;9H[106m([5C)[?25h[?25l[1;23r[m[1;1H[L[1;24r[1;3H[94mconst[m [94mint[m n = nElementsDynArray(points);[24;63H[K[24;63H38,15[9C63%[2;9H([5C)[1;15H[?25h[?25l[1;23r[1;1H[L[1;24r[1;1H{[24;63H[K[24;63H37,2[10C62%[1;1H[106m{[11;1H}[1;2H[?25h[?25l[1;23r[m[1;1H[L[1;24r[1;1HaveragePoints([94mconst[m DynArray *points)[24;63H[K[24;63H36,15[9C60%[1;14H[106m([22C)[m
{[12;1H}[1;15H[?25h[?25l[1;23r[1;1H[L[1;24r[1;1H[94mstatic[m [94mdouble[m[24;63H[K[24;63H35,14[9C58%[2;14H([22C)[1;14H[?25h[?25l[1;23r[1;1H[L[1;24r[24;63H[K[24;63H34,1[10C56%[1;1H[?25h[?25l[1;23r[1;1H[L[1;24r[1;1H}[24;63H[K[24;63H33,2[10C55%[1;2H[?25h[?25l[1;23r[1;1H[L[1;24r[1;3H[31mreturn[m magnitudePoint2(p1) - magnitudePoint2(p2);[24;63H[K[24;63H32,15[9C53%[1;15H[?25h[?25l[1;23r[1;1H[L[1;24r[1;1H{[24;63H[K[24;63H31,2[10C51%[1;1H[106m{

}[1;2H[?25h[?25l[1;23r[m[1;1H[L[1;24r[1;1HcomparePoint2([94mconst[m [94mvoid[m *p1, [94mconst[m [94mvoid[m *p2)[24;63H[K[24;63H30,15[9C50%[1;14H[106m([30C)[m
{

}[1;15H[?25h[?25l[1;23r[1;1H[L[1;24r[1;1H[94mstatic[m [94mint[m[24;63H[K[24;63H29,11[9C48%[2;14H([30C)[1;11H[?25h[27m[23m[29m[m[H[2J]2;stat-points.c + (~/projects/i220a/submit/lab13/exercises/rec-io) - VIM]1;stat-points.c[?25l[1;1H[94mstatic[m [94mint[m
comparePoint2([94mconst[m [94mvoid[m *p1, [94mconst[m [94mvoid[m *p2)
{
  [31mreturn[m magnitudePoint2(p1) - magnitudePoint2(p2);
}

[94mstatic[m [94mdouble[m
averagePoints([94mconst[m DynArray *points)
{
  [94mconst[m [94mint[m n = nElementsDynArray(points);
  assert(n > [95m0[m);
  [94mdouble[m sum = [95m0[m;
  [31mfor[m ([94mint[m i = [95m0[m; i < n; i++) {
    [94mconst[m Point2 *p = getElementDynArray(points, i);
    [94mdouble[m mag = magnitudePoint2(p);
    sum += mag;
  }
  [31mreturn[m sum/n;
}

[94mstatic[m [94mvoid[m
statPoints(DynArray *points, [94mFILE[m *out)
{
  sortDynArray(points, comparePoint2);
  [94mconst[m [94mint[m n = nElementsDynArray(points);
  [31mif[m (n > [95m0[m) {
    [94mdouble[m min = magnitudePoint2(getElementDynArray(points, [95m0[m));
    [94mdouble[m max = magnitudePoint2(getElementDynArray(points, n - [95m1[m));
    [94mdouble[m average = averagePoints(points);
    [94mdouble[m median = magnitudePoint2(getElementDynArray(points, n/[95m2[m));
    fprintf(out, [95m"min = %g\naverage = %g\nmedian = %g\nmax = %g\n"[m,[32;13Hmin, average, median, max);
  }
}

[94mint[m
main([94mint[m argc, [94mconst[m [94mchar[m *argv[])
{
  [31mif[m (argc != [95m2[m || argc != [95m3[m) {
    fprintf([95mstderr[m, [95m"usage: %s BINARY_POINTS_FILE [OUTPUT_FILE]\n"[m, argv[[95m0[m]);
    exit([95m1[m);
  }
  [94mFILE[m *out = [95mNULL[m;
  [31mif[m(arc == [95m3[m){[45;9H[94mconst[m [94mchar[m *outName = argv[[95m2[m];[46;9Hout = fopen(outName , [95m"w"[m);
  }
  DynArray *points = newDynArray([31msizeof[m(Point2));
[1m-- INSERT --[m[160C29,11[9C84%[1;11H[?25h[?25l[1;48r[1;1H[L[1;49r[49;173H[K[49;173H28,1[10C81%[1;1H[?25h[?25l[1;48r[1;1H[L[1;49r[1;1H}[49;173H[K[49;173H27,2[10C78%[1;2H[?25h[?25l[1;48r[1;1H[L[1;49r[1;3H}[49;173H[K[49;173H26,4[10C75%[1;4H[?25h[?25l[1;48r[1;1H[L[1;49r[1;5Hexit([95m1[m);[49;173H[K[49;173H25,13[9C72%[1;13H[?25h[?25l[1;48r[1;1H[L[1;49r[1;5Hfprintf([95mstderr[m, [95m"cannot close %s: %s\n"[m, inName, strerror(errno));[49;173H[K[49;173H24,15[9C69%[1;15H[?25h[?25l[1;48r[1;1H[L[1;49r[1;3H[31mif[m (fclose(in) != [95m0[m) {[49;173H[K[49;173H23,15[9C66%[1;15H[?25h[?25l[1;48r[1;1H[L[1;49r[1;3H}[49;173H[K[49;173H22,4[10C63%[1;4H[?25h[?25l[1;48r[1;1H[L[1;49r[1;5HaddElementDynArray(points, &point2);[49;173H[K[49;173H21,15[9C60%[1;15H[?25h[?25l[1;48r[1;1H[L[1;49r[1;3H[31mwhile[m (fread(&point2, [31msizeof[m(Point2), [95m1[m, in) == [95m1[m) {[49;173H[K[49;173H20,15[9C57%[1;15H[106m([30C)[1;15H[?25h[?25l[1;48r[m[1;1H[L[1;49r[1;3HPoint2 point2;[49;173H[K[49;173H19,15[9C54%[2;15H([30C)[1;15H[?25h[?25l[1;48r[1;1H[L[1;49r[1;3H}[49;173H[K[49;173H18,4[10C51%[1;4H[?25h[?25l[1;48r[1;1H[L[1;49r[1;5Hexit([95m1[m);[49;173H[K[49;173H17,13[9C48%[1;13H[?25h[?25l[1;48r[1;1H[L[1;49r[1;5Hfprintf([95mstderr[m, [95m"cannot read %s: %s\n"[m, inName, strerror(errno));[49;173H[K[49;173H16,15[9C45%[1;15H[?25h[?25l[1;48r[1;1H[L[1;49r[1;3H[31mif[m (!in) {[49;173H[K[49;173H15,13[9C42%[1;12H[106m{[4;3H}[1;13H[?25h[?25l[1;48r[m[1;1H[L[1;49r[1;3H[94mFILE[m *in = fopen(inName, [95m"rb"[m);[49;173H[K[49;173H14,15[9C39%[2;12H{[5;3H}[1;15H[?25h[?25l[1;48r[1;1H[L[1;49r[1;1H{[49;173H[K[49;173H13,2[10C36%[1;1H[106m{[15;1H}[1;2H[?25h[?25l[1;48r[m[1;1H[L[1;49r[1;1HreadPoints([94mconst[m [94mchar[m *inName, DynArray *points)[49;173H[K[49;173H12,15[9C33%[2;1H{[16;1H}[1;15H[?25h[?25l[1;48r[1;1H[L[1;49r[1;1H[94mstatic[m [94mvoid[m[49;173H[K[49;173H11,12[9C30%[1;12H[?25h[?25l[1;48r[1;1H[L[1;49r[49;173H[K[49;173H10,1[10C27%[1;1H[?25h[?25l[1;48r[1;1H[L[1;49r[1;1H[95m#include [m[95m"point2.h"[m[49;173H[K[49;173H9,15[10C24%[1;15H[?25h[?25l[1;48r[1;1H[L[1;49r[1;1H[95m#include [m[95m"dyn-array.h"[m[49;173H[K[49;173H8,15[10C21%[1;15H[?25h[?25l[1;48r[1;1H[L[1;49r[49;173H[K[49;173H7,1[11C18%[1;1H[?25h[?25l[1;48r[1;1H[L[1;49r[1;1H[95m#include [m[95m<string.h>[m[49;173H[K[49;173H6,15[10C15%[1;15H[?25h[?25l[1;48r[1;1H[L[1;49r[1;1H[95m#include [m[95m<stdio.h>[m[49;173H[K[49;173H5,15[10C12%[1;15H[?25h[?25l[1;48r[1;1H[L[1;49r[1;1H[95m#include [m[95m<stdlib.h>[m[49;173H[K[49;173H4,15[11C9%[1;15H[?25h[?25l[49;173H5[2;15H[?25h[?25l[49;173H6[3;15H[?25h[?25l[49;173H7,1 [4;1H[?25h[?25l[49;173H8,15[5;15H[?25h[?25l[49;173H9[6;15H[?25h[?25l[49;173H10,1[7;1H[?25h[?25l[49;174H1,12[8;12H[?25h[?25l[49;174H2,15[9;15H[?25h[?25l
[106m{[24;1H}[m[49;174H3,2 [10;2H[?25h[?25l{[24;1H}[49;174H4,15[11;15H[?25h[?25l[12;12H[106m{[15;3H}[m[49;174H5,13[12;13H[?25h[?25l{[15;3H}[49;174H6,15[13;15H[?25h[?25l[49;174H7,13[14;13H[?25h[?25l[12;12H[106m{[15;3H}[m[49;174H8,4 [15;4H[?25h[?25l[12;12H{[15;3H}[49;174H9,15[16;15H[?25h[?25l[17;15H[106m([30C)[m[49;173H20[17;15H[?25h[?25l([30C)[49;174H1[18;15H[?25h[?25l[17;54H[106m{

[m  [106m}[m[49;174H2,4 [19;4H[?25h[?25l[17;54H{

  }[49;174H3,15[20;15H[?25h[?25l[49;174H4[21;15H[?25h[?25l[49;174H5,13[22;13H[?25h[?25l[20;24H[106m{[23;3H}[m[49;174H6,4 [23;4H[?25h[?25l[10;1H[106m{[m[20;24H{[23;3H}
[106m}[m[49;174H7,2[24;2H[?25h[?25l[10;1H{[24;1H}[49;174H8,1[25;1H[?25h[?25l[49;174H9,11[26;11H[?25h[?25l[27;14H[106m([30C)[m[49;173H30,15[27;15H[?25h[?25l([30C)
[106m{

}[m[49;174H1,2 [28;2H[?25h[?25l{

}[49;174H2,15[29;15H[?25h[?25l[28;1H[106m{

}[m[49;174H3,2 [30;2H[?25h[?25l[28;1H{

}[49;174H4,1[31;1H[?25h[?25l[49;174H5,14[32;14H[?25h[?25l[33;14H[106m([22C)[m[49;174H6,15[33;15H[?25h[?25l([22C)
[106m{[44;1H}[m[49;174H7,2 [34;2H[?25h[?25l{[44;1H}[49;174H8,15[35;15H[?25h[?25l[36;9H[106m([5C)[m[49;174H9[36;15H[?25h[?25l([5C)[49;173H40[37;15H[?25h[?25l[49;174H1[38;15H[?25h[?25l[49;174H2[39;15H[?25h[?25l[49;174H3[40;15H[?25h[?25l[49;174H4[41;15H[?25h[?25l[38;31H[106m{[42;3H}[m[49;174H5,4 [42;4H[?25h[?25l[38;31H{[42;3H}[49;174H6,15[43;15H[?25h[?25l[34;1H[106m{[44;1H}[m[49;174H7,2 [44;2H[?25h[?25l[34;1H{[44;1H}[49;174H8,1[45;1H[?25h[?25l[49;174H9,12[46;12H[?25h[?25l[49;173H50,15[47;15H[?25h[?25l[49;174H1,2 [48;2H[?25h[?25l[1;48r[48;1H
[1;49r[48;3HsortDynArray(points, comparePoint2);[49;173H[K[49;173H52,15[9C12%[48;15H[106m([21C)[48;15H[?25h[?25l[1;48r[m[48;1H
[1;49r[48;3H[94mconst[m [94mint[m n = nElementsDynArray(points);[49;173H[K[49;173H53,15[9C15%[47;15H([21C)[48;15H[?25h[?25l[1;48r[48;1H
[1;49r[48;3H[31mif[m (n > [95m0[m) {[49;173H[K[49;173H54,15[9C18%[48;15H[?25h[?25l[1;48r[48;1H
[1;49r[48;5H[94mdouble[m min = magnitudePoint2(getElementDynArray(points, [95m0[m));[49;173H[K[49;173H55,15[9C21%[48;15H[?25h[?25l[1;48r[48;1H
[1;49r[48;5H[94mdouble[m max = magnitudePoint2(getElementDynArray(points, n - [95m1[m));[49;173H[K[49;173H56,15[9C24%[48;15H[?25h[?25l[1;48r[48;1H
[1;49r[48;5H[94mdouble[m average = averagePoints(points);[49;173H[K[49;173H57,15[9C27%[48;15H[?25h[?25l[1;48r[48;1H
[1;49r[48;5H[94mdouble[m median = magnitudePoint2(getElementDynArray(points, n/[95m2[m));[49;173H[K[49;173H58,15[9C30%[48;15H[?25h[?25l[1;48r[48;1H
[1;49r[48;5Hfprintf(out, [95m"min = %g\naverage = %g\nmedian = %g\nmax = %g\n"[m,[49;173H[K[49;173H59,15[9C33%[48;15H[?25h[?25l[1;48r[48;1H
[1;49r[48;13Hmin, average, median, max);[49;173H[K[49;173H60,15[9C36%[48;15H[?25h[?25l[1;48r[48;1H
[1;49r[48;3H}[49;173H[K[49;173H61,4[10C39%[41;14H[106m{[48;3H}[?25h[?25l[1;48r[m[48;1H
[1;49r[48;1H}[49;173H[K[49;173H62,2[10C42%[37;1H[106m{[m[40;14H{[47;3H}
[106m}[?25h[?25l[1;48r[m[48;1H
[1;49r[49;173H[K[49;173H63,1[10C45%[36;1H{[47;1H}
[?25h[?25l[1;48r[48;1H
[1;49r[48;1H[94mint[m[49;173H[K[49;173H64,4[10C48%[48;4H[?25h[?25l[1;48r[48;1H
[1;49r[48;1Hmain([94mint[m argc, [94mconst[m [94mchar[m *argv[])[49;173H[K[49;173H65,15[9C51%[48;15H[?25h[?25l[1;48r[48;1H
[1;49r[48;1H{[49;173H[K[49;173H66,2[10C54%[48;2H[?25h[?25l[1;48r[48;1H
[1;49r[48;3H[31mif[m (argc != [95m2[m || argc != [95m3[m) {[49;173H[K[49;173H67,15[9C57%[48;15H[?25h[?25l[1;48r[48;1H
[1;49r[48;5Hfprintf([95mstderr[m, [95m"usage: %s BINARY_POINTS_FILE [OUTPUT_FILE]\n"[m, argv[[95m0[m]);[49;173H[K[49;173H68,15[9C60%[48;15H[?25h[?25l[1;48r[48;1H
[1;49r[48;5Hexit([95m1[m);[49;173H[K[49;173H69,13[9C63%[48;13H[?25h[?25l[1;48r[48;1H
[1;49r[48;3H}[49;173H[K[49;173H70,5[10C66%[48;5H[?25h[?25l[1;48r[48;1H
[1;49r[48;3H[94mFILE[m *out = [95mNULL[m;[49;173H[K[49;173H71,15[9C69%[48;15H[?25h[?25l[1;48r[48;1H
[1;49r[48;3H[31mif[m(arc == [95m3[m){[49;173H[K[49;173H72,15[9C72%[48;15H[?25h[?25l[1;48r[48;1H
[1;49r[48;9H[94mconst[m [94mchar[m *outName = argv[[95m2[m];[49;173H[K[49;173H73,15[9C75%[48;15H[?25h[?25l[1;48r[48;1H
[1;49r[48;9Hout = fopen(outName , [95m"w"[m);[49;173H[K[49;173H74,8-15[7C78%[48;15H[?25h[?25l[1;48r[48;1H
[1;49r[48;3H}[49;173H[K[49;173H75,4[10C81%[45;15H[106m{[48;3H}[?25h[?25l[1;48r[m[48;1H
[1;49r[48;3HDynArray *points = newDynArray([31msizeof[m(Point2));[49;173H[K[49;173H76,15[9C84%[44;15H{[47;3H}[48;15H[?25h[?25l[1;48r[48;1H
[1;49r[48;3HreadPoints(argv[[95m1[m], points);[49;173H[K[49;173H77,15[9C87%[48;15H[?25h[?25l[1;48r[48;1H
[1;49r[48;3HstatPoints(points, [95mstdout[m);[49;173H[K[49;173H78,15[9C90%[48;15H[?25h[?25l[1;48r[48;1H
[1;49r[48;3HfreeDynArray(points);[49;173H[K[49;173H79,15[9C93%[48;15H[106m([mpoints[106m)[48;15H[?25h[?25l[1;48r[m[48;1H
[1;49r[48;3H[31mreturn[m [95m0[m;[49;173H[K[49;173H80,12[9C96%[47;15H(points)[48;12H[?25h[?25l[1;48r[48;1H
[1;49r[48;1H}[49;173H[K[49;173H81,2[10CBot[33;1H[106m{[48;1H}[?25h[?25l[m[33;1H{[48;1H}[49;174H0,12[47;12H[?25h[?25l[46;15H[106m([mpoints[106m)[m[49;173H79,15[46;15H[?25h[?25l(points)[49;174H8[45;15H[?25h[?25l[49;174H7[44;15H[?25h[?25l[49;174H6[43;15H[?25h[?25l[39;15H[106m{[42;3H}[m[49;174H5,4 [42;4H[?25h[?25l[39;15H{[42;3H}[49;174H6,15[43;15H[?25h[?25l[49;174H7[44;15H[?25h[?25l[49;174H8[45;15H[?25h[?25l[46;15H[106m([mpoints[106m)[m[49;174H9[46;15H[?25h[?25l[49;177H6[46;16H[?25h[?25l(points)[49;177H7[46;17H[?25h[?25l[49;177H8[46;18H[?25h[?25l[49;174H8[45;18H[?25h[?25l[49;177H9[45;19H[?25h[?25l[49;176H20[45;20H[?25h[?25l[49;177H1[45;21H[?25h[?25l  [95mstdout[m);[49;177H2[45;22H[?25h[?25lo [95mstdout[m);[49;177H3[45;23H[?25h[?25lu [95mstdout[m);[49;177H4[45;24H[?25h[?25lt [95mstdout[m);[49;177H5[45;25H[?25h[?25l! [95mstdout[m);[49;177H6[45;26H[?25h[?25l  [95mstdout[m);[49;177H7[45;27H[?25h[?25l[95mstdout[m);[45;35H[K[49;177H6[45;26H[?25h[?25l [95mstdout[m);[45;34H[K[49;177H5[45;25H[?25h[?25l [95mstdout[m);[45;33H[K[49;177H4[45;24H[?25h[?25l [95mstdout[m);[45;32H[K[49;177H3[45;23H[?25h[?25l [95mstdout[m);[45;31H[K[49;177H2[45;22H[?25h[?25l( [95mstdout[m);[45;22H[106m([7C)[m[49;177H3[45;23H[?25h[?25lo [95mstdou[m[95m[106mt[m);[45;22H([7C[95mt[m[49;177H4[45;24H[?25h[?25lu [95mstdout[m);[49;177H5[45;25H[?25h[?25lt [95mstdout[m);[49;177H6[45;26H[?25h[?25l  [95mstdout[m);[49;177H7[45;27H[?25h[?25l! [95mstdout[m);[49;177H8[45;28H[?25h[?25l+ [95mstdout[m);[49;177H9[45;29H[?25h[?25l [95mstdout[m);[45;37H[K[49;177H8[45;28H[?25h[?25l= [95mstdout[m);[49;177H9[45;29H[?25h[?25l  [95mstdout[m);[49;176H30[45;30H[?25h[?25lN [95mstdout[m);[49;177H1[45;31H[?25h[?25lU [95mstdout[m);[49;177H2[45;32H[?25h[?25lL [95mstdout[m);[49;177H3[45;33H[?25h[?25l[95mNULL[m [95mstdout[m);[49;177H4[45;34H[?25h[?25l) [95mstdout[m);[45;22H[106m([11C)[m[49;177H5[45;35H[?25h[?25l  [95mstdout[m);[45;22H([11C)[49;177H6[45;36H[?25h[?25l? [95mstdout[m[97m[101m);[46;23H;[47;11H;
}[m[49;177H7[45;37H[?25h[?25l  [95mstdout[m[97m[101m);[m[49;177H8[45;38H[?25h[?25lo [95mstdout[m[97m[101m);[m[49;177H9[45;39H[?25h[?25lu [95mstdout[m[97m[101m);[m[49;176H40[45;40H[?25h[?25lt [95mstdout[m[97m[101m);[m[49;177H1[45;41H[?25h[?25l  [95mstdout[m[97m[101m);[m[49;177H2[45;42H[?25h[?25l: [95mstdout[m);[46;23H;[47;11H;
}[49;177H3[45;43H[?25h[?25l  [95mstdout[m);[49;177H4[45;44H[?25h[?25l[49;174H9,2[46;24H[?25h[?25l[49;173H80,12[47;12H[?25h[?25l[33;1H[106m{[48;1H}[m[49;174H1,2 [48;2H[?25h[?25l[33;1H{[48;1H}[49;174H0,12[47;12H[?25h[?25l[49;173H79,24[46;24H[?25h[?25l[46;15H[106m([mpoints[106m)[m[49;177H3[46;23H[?25h[?25l[49;177H2[46;22H[?25h[?25l[46;15H(points)[49;177H1[46;21H[?25h[?25l[49;177H0[46;20H[?25h[?25l[49;176H19[46;19H[?25h[?25l[49;177H8[46;18H[?25h[?25l[49;177H7[46;17H[?25h[?25l[106m([mpoints[106m)[m[49;177H6[46;16H[?25h[?25l[49;177H5[46;15H[?25h[?25l(points)[49;177H4[46;14H[?25h[?25l[49;177H3[46;13H[?25h[?25l[49;177H2[46;12H[?25h[?25l[49;177H1[46;11H[?25h[?25l[49;177H0[46;10H[?25h[?25l[49;176H9 [46;9H[?25h[?25l[49;176H8[46;8H[?25h[?25l[49;176H7[46;7H[?25h[?25l[49;176H6[46;6H[?25h[?25l[49;176H5[46;5H[?25h[?25l[49;176H4[46;4H[?25h[?25l[49;176H3[46;3H[?25h[?25lifreeDynArray(points);[49;176H4[46;4H[?25h[?25lfreeDynArray(points);[46;24H[K[49;176H3[46;3H[?25h[?25l\freeDynArray(points);[49;176H4[46;4H[?25h[?25lfreeDynArray(points);[46;24H[K[49;176H3[46;3H[?25h[?25l[46;3H[K[47;1HfreeDynArray(points);
  [31mreturn[m [95m0[m;[49;173H80,1[10C97%[47;1H[?25h[?25l        freeDynArray(points);[49;176H2-9[47;9H[?25h[?25lfreeDynArray(points);[47;22H[K[49;176H1  [47;1H[?25h[?25l freeDynArray(points);[49;176H2[47;2H[?25h[?25l freeDynArray(points);[49;176H3[47;3H[?25h[?25l[49;173H79[46;3H[?25h[?25l[49;176H4-9[46;9H[?25h[?25l[49;176H3  [46;3H[?25h[?25lp[49;176H4[46;4H[?25h[?25lr[49;176H5[46;5H[?25h[?25li[49;176H6[46;6H[?25h[?25ln[49;176H7[46;7H[?25h[?25lt[49;176H8[46;8H[?25h[?25l[46;7H[K[49;176H7[46;7H[?25h[?25l[46;6H[K[49;176H6[46;6H[?25h[?25l[46;5H[K[49;176H5[46;5H[?25h[?25l[46;4H[K[49;176H4[46;4H[?25h[?25l[46;3H[K[49;176H3[46;3H[?25h[?25lf[49;176H4[46;4H[?25h[?25ll[49;176H5[46;5H[?25h[?25lo[49;176H6[46;6H[?25h[?25lc[49;176H7[46;7H[?25h[?25ls[49;176H8[46;8H[?25h[?25le[49;176H9[46;9H[?25h[?25lt[49;176H10[46;10H[?25h[?25l[46;9H[K[49;176H9 [46;9H[?25h[?25l[46;8H[K[49;176H8[46;8H[?25h[?25l[46;7H[K[49;176H7[46;7H[?25h[?25l[46;6H[K[49;176H6[46;6H[?25h[?25l[46;5H[K[49;176H5[46;5H[?25h[?25l[46;4H[K[49;176H4[46;4H[?25h[?25lc[49;176H5[46;5H[?25h[?25ll[49;176H6[46;6H[?25h[?25lo[49;176H7[46;7H[?25h[?25ls[49;176H8[46;8H[?25h[?25le[49;176H9[46;9H[?25h[?25l([49;176H10[46;10H[?25h[?25l)[106m()[m[49;177H1[46;11H[?25h[?25l[49;177H0[46;10H[?25h[?25l[106mo[m)o[106m)[m[49;177H1[46;11H[?25h[?25l[106mu[m)u[106m)[m[49;177H2[46;12H[?25h[?25l[106mt[m)t[106m)[m[49;177H3[46;13H[?25h[?25l[49;177H4[46;14H[?25h[?25l;(out)[49;177H5[46;15H[?25h[49;1H[K[46;14H[?25l[49;173H79,14[9C97%[46;14H[?25h[?25l[49;173H[K[49;1H:[?2004h[?25hw[?25l[?25hq[?25l[?25h[?25l[?2004l"stat-points.c" 82L, 1977C written]2;Terminal - ]1;Terminal - [23;2t[23;1t[22;2t[22;1t[23;2t[23;1t
[?2004l[?1l>[?25h[?1049l[23;0;0tdorbach1@g7-27:~/i220a/submit/lab13/exercises/rec-io$ m,[K[Kmake 
gcc -g -Wall -std=c18   -c -o gen-rand-points.o gen-rand-points.c
gcc   gen-rand-points.o  -lm -o gen-rand-points
gcc -g -Wall -std=c18   -c -o stat-points.o stat-points.c
[01m[Kstat-points.c:[m[K In function ‘[01m[Kmain[m[K’:
[01m[Kstat-points.c:72:6:[m[K [01;31m[Kerror: [m[K‘[01m[Karc[m[K’ undeclared (first use in this function); did you mean ‘[01m[Kargc[m[K’?
   if([01;31m[Karc[m[K == 3){
      [01;31m[K^~~[m[K
      [32m[Kargc[m[K
[01m[Kstat-points.c:72:6:[m[K [01;36m[Knote: [m[Keach undeclared identifier is reported only once for each function it appears in
make: *** [<builtin>: stat-points.o] Error 1
dorbach1@g7-27:~/i220a/submit/lab13/exercises/rec-io$ vi stat-points
[?2004h[?1049h[22;0;0t[?1h=[?2004h[1;49r[?12h[?12l[22;2t[22;1t[27m[23m[29m[m[H[2J[?25l[49;1H"stat-points" [noeol][converted] 71L, 26219C[2;1H▽[6n[2;1H  [1;1H[>c]10;?]11;?[1;1H[34m^?[mELF[34m^B^A^A^@^@^@^@^@^@^@^@^@^C^@[m>[34m^@^A^@^@^@[m [34m^Q^@^@^@^@^@^@[m@[34m^@^@^@^@^@^@^@[m`V[34m^@^@^@^@^@^@^@^@^@^@[m@[34m^@[m8[34m^@^K^@[m@[34m^@[m#[34m^@[m"[34m^@^F^@^@^@^D^@^@^@[m@[34m^@^@^@^@^@^@^@[m@[34m^@^@^@^@^@^@^@[m@[34m^@^@^@^@^@^@^@[mh[34m^B^@^@^@^@^@^^[2;1H@[mh[34m^B^@^@^@^@^@^@^H^@^@^@^@^@^@^@^C^@^@^@^D^@^@^@[m¨[2;50H[34m^B^@^@^@^@^@^@[m¨[2;65H[34m^B^@^@^@^@^@^@[m¨[2;80H[34m^B^@^@^@^@^@^@^\^@^@^@^@^@^@^@^\^@^@^@^@^@^@^@^A^@^@^@^@^@^@^@^A^@^@^@^D^@^@^@^@^@^@^@^@^@^@^@^@^@^@^@^@^@^@^@^^[3;1H@^@^@^@^@^@^@^@^X[m   [34m^@^@^@^@^@^@^X[m  [34m^@^@^@^@^@^@^@^P^@^@^@^@^@^@^A^@^@^@^E^@^@^@^@^P^@^@^@^@^@^@^@^P^@^@^@^@^@^@^@^P^@^@^@^@^@^@[m-   [34m^@^@^@^@^@^@[m-   [34m^@^@^@^@^@^@^@^P^@^@^@^@^@^@^A^@^@^@^D^@^@@[4;1H^@^@[m [34m^@^@^@^@^@^@^@[m [34m^@^@^@^@^@^@^@[m [34m^@^@^@^@^@^@[m¸[4;49H[34m^D^@^@^@^@^@^@[m¸[4;64H[34m^D^@^@^@^@^@^@^@^P^@^@^@^@^@^@^A^@^@^@^F^@^@^@[mØ[4;111H-[34m^@^@^@^@^@^@[mØ[4;125H=[34m^@^@^@^@^@^@[mØ[4;139H=[34m^@^@^@^@^@^@[mÀ[34m^B^@^@^@^@^@^@[mø[4;168H[34m^B^@^@^@^@^@^@^@^P^@^@^^[5;1H@^@^@^@^B^@^@^@^F^@^@^@[mè[5;25H-[34m^@^@^@^@^@^@[mè[5;39H=[34m^@^@^@^@^@^@[mè[5;53H=[34m^@^@^@^@^@^@[mð[5;67H[34m^A^@^@^@^@^@^@[mð[5;82H[34m^A^@^@^@^@^@^@^H^@^@^@^@^@^@^@^D^@^@^@^D^@^@^@[mÄ[34m^B^@^@^@^@^@^@[mÄ[34m^B^@^@^@^@^@^@[mÄ[34m^B^@^@^@^@^@^@[mD[34m^@^@^@^@^@^@^@[mD[34m^@@[6;1H^@^@^@^@^@^@^D^@^@^@^@^@^@^@[mPåtd[34m^D^@^@^@<94>[m![34m^@^@^@^@^@^@<94>[m![34m^@^@^@^@^@^@<94>[m![34m^@^@^@^@^@^@<9c>^@^@^@^@^@^@^@<9c>^@^@^@^@^@^@^@^D^@^@^@^@^@^@^@[mQåtd[34m^F^@^@^@^@^@^@^@^@^@^@^@^@^@^@^@^@^@^@^@^@^^[7;1H@^@^@^@^@^@^@^@^@^@^@^@^@^@^@^@^@^@^@^@^@^@^@^P^@^@^@^@^@^@^@[mRåtd[34m^D^@^@^@[mØ[7;75H-[34m^@^@^@^@^@^@[mØ[7;89H=[34m^@^@^@^@^@^@[mØ[7;103H=[34m^@^@^@^@^@^@[m([34m^B^@^@^@^@^@^@[m([34m^B^@^@^@^@^@^@^A^@^@^@^@^@^@^@[m/lib64/ld-linux-x86-64.so.2[34m^@@[8;1H^D^@^@^@^P^@^@^@^A^@^@^@[mGNU[34m^@^@^@^@^@^C^@^@^@^B^@^@^@^@^@^@^@^D^@^@^@^T^@^@^@^C^@^@^@[mGNU[34m^@[m.æ[8;93Hp[34m^@[mUÂ34¦[34m<9b>[m¹[8;106H°[8;107H[34m<88>[mX;ª[8;114H¤[8;115H1Á[34m<99>^C^@^@^@^S^@^@^@^A^@^@^@^F^@^@^@^@^A<81>^@^@^A^P^B^S^@^@^@^U^@^@^@^@^@@[9;1H^@^@[m([34m^]<8c>^\[mÑeÎm9ò[9;20H[34m<8b>^\^@^@^@^@^@^@^@^@^@^@^@^@^@^@^@^@^@^@^@^@^@^@^@^@[mò[9;75H[34m^@^@^@^R^@^@^@^@^@^@^@^@^@^@^@^@^@^@^@^@^@^@^@<87>^@^@^@^R^@^@^@^@^@^@^@^@^@^@^@^@^@^@^@^@^@^@^@^K^@^@^@[m [34m^@^@^@^@^@^^[10;1H@^@^@^@^@^@^@^@^@^@^@^@^@^@[mÂ[34m^@^@^@^R^@^@^@^@^@^@^@^@^@^@^@^@^@^@^@^@^@^@^@[m´[10;76H[34m^@^@^@^R^@^@^@^@^@^@^@^@^@^@^@^@^@^@^@^@^@^@^@[m¦[34m^@^@^@^R^@^@^@^@^@^@^@^@^@^@^@^@^@^@^@^@^@^@^@[mr[34m^@^@^@^R^@^@^@^@^@^@^^[11;1H@^@^@^@^@^@^@^@^@^@^@^@^@[mà[11;27H[34m^@^@^@^R^@^@^@^@^@^@^@^@^@^@^@^@^@^@^@^@^@^@^@<80>^@^@^@^R^@^@^@^@^@^@^@^@^@^@^@^@^@^@^@^@^@^@^@[mº[11;124H[34m^@^@^@^R^@^@^@^@^@^@^@^@^@^@^@^@^@^@^@^@^@^@^@[m'[34m^@^@^@[m [34m^@^@^@^@^@^@^^[12;1H@^@^@^@^@^@^@^@^@^@^@^@^@<9f>^@^@^@^R^@^@^@^@^@^@^@^@^@^@^@^@^@^@^@^@^@^@^@[mj[34m^@^@^@^R^@^@^@^@^@^@^@^@^@^@^@^@^@^@^@^@^@^@^@[md[34m^@^@^@^R^@^@^@^@^@^@^@^@^@^@^@^@^@^@^@^@^@^@^@[m_[34m^@^@^@^R^@^@^@^@^@^@@[13;1H^@^@^@^@^@^@^@^@^@^@^@^@^@[m6[34m^@^@^@[m [34m^@^@^@^@^@^@^@^@^@^@^@^@^@^@^@^@^@^@^@[mP[34m^@^@^@^R^@^@^@^@^@^@^@^@^@^@^@^@^@^@^@^@^@^@^@[m×[13;121H[34m^@^@^@^R^@^@^@^@^@^@^@^@^@^@^@^@^@^@^@^@^@^@^@<98>^@^@^@^Q^@^Y^@[m @[34m^@^@@[14;1H^@^@^@^@^H^@^@^@^@^@^@^@[mÈ[34m^@^@^@[m"[34m^@^@^@^@^@^@^@^@^@^@^@^@^@^@^@^@^@^@^@[m­[14;72H[34m^@^@^@^Q^@^Y^@[mÀ@[34m^@^@^@^@^@^@^H^@^@^@^@^@^@^@^@[mlibm.so.6[34m^@[m_ITM_deregisterTMCloneTable[34m^@[m__gmon_start__[34m^@[m_ITM_registerTMCll[15;1HoneTable[34m^@[msqrt[34m^@[mlibc.so.6[34m^@[mexit[34m^@[mfopen[34m^@[mrealloc[34m^@[m__assert_fail[34m^@[mcalloc[34m^@[m__errno_location[34m^@[mstdout[34m^@[mmemcpy[34m^@[mfclose[34m^@[mstderr[34m^@[mfread[34m^@[mfprintf[34m^@[mqsort[34m^@[m__cxa_finalize[34m^@[mstrerror[34m^@[m__libc_start_main[34m^@@[m[16;1Hfree[34m^@[mGLIBC_2.2.5[34m^@[mGLIBC_2.14[34m^@^@^@^B^@^B^@^@^@^B^@^B^@^B^@^B^@^B^@^B^@^B^@^@^@^C^@^B^@^B^@^B^@^@^@^D^@^B^@^B^@^B^@^B^@^@^@^@^@^@^@^A^@^A^@^A^@^@^@^P^@^@^@[m [34m^@^@^@[mu[34m^Z[mi[8C[34m^@^@^D^@[m÷[16;184H[34m^@^@^@^^[17;1H@^@^@^@^A^@^B^@[mU[34m^@^@^@^P^@^@^@^@^@^@^@<94><91><96>^F^@^@^C^@^C^A^@^@^P^@^@^@[mu[34m^Z[mi[8C[34m^@^@^B^@[m÷[17;98H[34m^@^@^@^@^@^@^@[mØ[17;113H=[34m^@^@^@^@^@^@^H^@^@^@^@^@^@^@^@^R^@^@^@^@^@^@[mà[17;159H=[34m^@^@^@^@^@^@^H^@^@^@^@^@^@^@[mÀ[34m^QQ[18;1H^@^@^@^@^@^@<90>[m@[34m^@^@^@^@^@^@^H^@^@^@^@^@^@^@<90>[m@[34m^@^@^@^@^@^@[mØ[18;64H?[34m^@^@^@^@^@^@^F^@^@^@^C^@^@^@^@^@^@^@^@^@^@^@[mà[18;110H?[34m^@^@^@^@^@^@^F^@^@^@^H^@^@^@^@^@^@^@^@^@^@^@[mè[18;156H?[34m^@^@^@^@^@^@^F^@^@^@^K^@^@^@^@^@^@@[19;1H^@^@^@^@^@[mð[19;12H?[34m^@^@^@^@^@^@^F^@^@^@^P^@^@^@^@^@^@^@^@^@^@^@[mø[19;58H?[34m^@^@^@^@^@^@^F^@^@^@^T^@^@^@^@^@^@^@^@^@^@^@[m @[34m^@^@^@^@^@^@^E^@^@^@^S^@^@^@^@^@^@^@^@^@^@^@[mÀ@[34m^@^@^@^@^@^@^E^@^@^@^U^@^@^@^@^@^@^@^@^@@[20;1H^@^@^X[m@[34m^@^@^@^@^@^@^G^@^@^@^A^@^@^@^@^@^@^@^@^@^@^@[m @[34m^@^@^@^@^@^@^G^@^@^@^B^@^@^@^@^@^@^@^@^@^@^@[m(@[34m^@^@^@^@^@^@^G^@^@^@^D^@^@^@^@^@^@^@^@^@^@^@[m0@[34m^@^@^@^@^@^@^G^@^@^@^E^@^@^@^@^@^@^@^@^@^@^@[m88[21;1H@[34m^@^@^@^@^@^@^G^@^@^@^F^@^@^@^@^@^@^@^@^@^@^@[m@@[34m^@^@^@^@^@^@^G^@^@^@^G^@^@^@^@^@^@^@^@^@^@^@[mH@[34m^@^@^@^@^@^@^G^@^@^@[7C^@^@^@^@^@^@^@^@^@^@^@[mP@[34m^@^@^@^@^@^@^G^@^@^@
^@^@^@^@^@^@^@^@^@^@^@[mX@[34m^@^@^@^@^@^@^G^@^@^@^L^@^@^@^@^@^@^@^@^@^@^@[m`@[34m^@^@^@^@^@^@^G^@^@^@^M^@^@^@^@^@^@^@^@^@^@^@[mh@[34m^@^@^@^@^@^@^G^@^@^@^N^@^@^@^@^@^@^@^@^@^@^@[mp@[34m^@^@^@^@^@^@^G^@^@^@^O^@^@^@@[23;1H^@^@^@^@^@^@^@^@[mx@[34m^@^@^@^@^@^@^G^@^@^@^Q^@^@^@^@^@^@^@^@^@^@^@<80>[m@[34m^@^@^@^@^@^@^G^@^@^@^R^@^@^@^@^@^@^@^@^@^@^@^@^@^@^@^@^@^@^@^@^@^@^@^@^@^@^@^@^@^@^@^@^@^@^@^@^@^@^@^@^@^@^@^@^@^@^@^@^@^@^^[24;1H@^@^@^@^@^@^@^@^@^@^@^@^@^@^@^@^@^@^@^@^@^@^@^@^@^@^@^@^@^@^@^@^@^@^@^@^@^@^@^@^@^@^@^@^@^@^@^@^@^@^@^@^@^@^@^@^@^@^@^@^@^@^@^@^@^@^@^@^@^@^@^@^@^@^@^@^@^@^@^@^@^@^@^@^@^@^@^@^@^@^@^@^@^@^@^^[25;1H@^@^@^@^@^@^@^@^@^@^@^@^@^@^@^@^@^@^@^@^@^@^@^@^@^@^@^@^@^@^@^@^@^@^@^@^@^@^@^@^@^@^@^@^@^@^@^@^@^@^@^@^@^@^@^@^@^@^@^@^@^@^@^@^@^@^@^@^@^@^@^@^@^@^@^@^@^@^@^@^@^@^@^@^@^@^@^@^@^@^@^@^@^@^@^^[26;1H@^@^@^@^@^@^@^@^@^@^@^@^@^@^@^@^@^@^@^@^@^@^@^@^@^@^@^@^@^@^@^@^@^@^@^@^@^@^@^@^@^@^@^@^@^@^@^@^@^@^@^@^@^@^@^@^@^@^@^@^@^@^@^@^@^@^@^@^@^@^@^@^@^@^@^@^@^@^@^@^@^@^@^@^@^@^@^@^@^@^@^@^@^@^@^^[27;1H@^@^@^@^@^@^@^@^@^@^@^@^@^@^@^@^@^@^@^@^@^@^@^@^@^@^@^@^@^@^@^@^@^@^@^@^@^@^@^@^@^@^@^@^@^@^@^@^@^@^@^@^@^@^@^@^@^@^@^@^@^@^@^@^@^@^@^@^@^@^@^@^@^@^@^@^@^@^@^@^@^@^@^@^@^@^@^@^@^@^@^@^@^@^@^^[28;1H@^@^@^@^@^@^@^@^@^@^@^@^@^@^@^@^@^@^@^@^@^@^@^@^@^@^@^@^@^@^@^@^@^@^@^@^@^@^@^@^@^@^@^@^@^@^@^@^@^@^@^@^@^@^@^@^@^@^@^@^@^@^@^@^@^@^@^@^@^@^@^@^@^@^@^@^@^@^@^@^@^@^@^@^@^@^@^@^@^@^@^@^@^@^@^^[29;1H@^@^@^@^@^@^@^@^@^@^@^@^@^@^@^@^@^@^@^@^@^@^@^@^@^@^@^@^@^@^@^@^@^@^@^@^@^@^@^@^@^@^@^@^@^@^@^@^@^@^@^@^@^@^@^@^@^@^@^@^@^@^@^@^@^@^@^@^@^@^@^@^@^@^@^@^@^@^@^@^@^@^@^@^@^@^@^@^@^@^@^@^@^@^@^^[30;1H@^@^@^@^@^@^@^@^@^@^@^@^@^@^@^@^@^@^@^@^@^@^@^@^@^@^@^@^@^@^@^@^@^@^@^@^@^@^@^@^@^@^@^@^@^@^@^@^@^@^@^@^@^@^@^@^@^@^@^@^@^@^@^@^@^@^@^@^@^@^@^@^@^@^@^@^@^@^@^@^@^@^@^@^@^@^@^@^@^@^@^@^@^@^@^^[31;1H@^@^@^@^@^@^@^@^@^@^@^@^@^@^@^@^@^@^@^@^@^@^@^@^@^@^@^@^@^@^@^@^@^@^@^@^@^@^@^@^@^@^@^@^@^@^@^@^@^@^@^@^@^@^@^@^@^@^@^@^@^@^@^@^@^@^@^@^@^@^@^@^@^@^@^@^@^@^@^@^@^@^@^@^@^@^@^@^@^@^@^@^@^@^@^^[32;1H@^@^@^@^@^@^@^@^@^@^@^@^@^@^@^@^@^@^@^@^@^@^@^@^@^@^@^@^@^@^@^@^@^@^@^@^@^@^@^@^@^@^@^@^@^@^@^@^@^@^@^@^@^@^@^@^@^@^@^@^@^@^@^@^@^@^@^@^@^@^@^@^@^@^@^@^@^@^@^@^@^@^@^@^@^@^@^@^@^@^@^@^@^@^@^^[33;1H@^@^@^@^@^@^@^@^@^@^@^@^@^@^@^@^@^@^@^@^@^@^@^@^@^@^@^@^@^@^@^@^@^@^@^@^@^@^@^@^@^@^@^@^@^@^@^@^@^@^@^@^@^@^@^@^@^@^@^@^@^@^@^@^@^@^@^@^@^@^@^@^@^@^@^@^@^@^@^@^@^@^@^@^@^@^@^@^@^@^@^@^@^@^@^^[34;1H@^@^@^@^@^@^@^@^@^@^@^@^@^@^@^@^@^@^@^@^@^@^@^@^@^@^@^@^@^@^@^@^@^@^@^@^@^@^@^@^@^@^@^@^@^@^@^@^@^@^@^@^@^@^@^@^@^@^@^@^@^@^@^@^@^@^@^@^@^@^@^@^@^@^@^@^@^@^@^@^@^@^@^@^@^@^@^@^@^@^@^@^@^@^@^^[35;1H@^@^@^@^@^@^@^@^@^@^@^@^@^@^@^@^@^@^@^@^@^@^@^@^@^@^@^@^@^@^@^@^@^@^@^@^@^@^@^@^@^@^@^@^@^@^@^@^@^@^@^@^@^@^@^@^@^@^@^@^@^@^@^@^@^@^@^@^@^@^@^@^@^@^@^@^@^@^@^@^@^@^@^@^@^@^@^@^@^@^@^@^@^@^@^^[36;1H@^@^@^@^@^@^@^@^@^@^@^@^@^@^@^@^@^@^@^@^@^@^@^@^@^@^@^@^@^@^@^@^@^@^@^@^@^@^@^@^@^@^@^@^@^@^@^@^@^@^@^@^@^@^@^@^@^@^@^@^@^@^@^@^@^@^@^@^@^@^@^@^@^@^@^@^@^@^@^@^@^@^@^@^@^@^@^@^@^@^@^@^@^@^@^^[37;1H@^@^@^@^@^@^@^@^@^@^@^@^@^@^@^@^@^@^@^@^@^@^@^@^@^@^@^@^@^@^@^@^@^@^@^@^@^@^@^@^@^@^@^@^@^@^@^@^@^@^@^@^@^@^@^@^@^@^@^@^@^@^@^@^@^@^@^@^@^@^@^@^@^@^@^@^@^@^@^@^@^@^@^@^@^@^@^@^@^@^@^@^@^@^@^^[38;1H@^@^@^@^@^@^@^@^@^@^@^@^@^@^@^@^@^@^@^@^@^@^@^@^@^@^@^@^@^@^@^@^@^@^@^@^@^@^@^@^@^@^@^@^@^@^@^@^@^@^@^@^@^@^@^@^@^@^@^@^@^@^@^@^@^@^@^@^@^@^@^@^@^@^@^@^@^@^@^@^@^@^@^@^@^@^@^@^@^@^@^@^@^@^@^^[39;1H@^@^@^@^@^@^@^@^@^@^@^@^@^@^@^@^@^@^@^@^@^@^@^@^@^@^@^@^@^@^@^@^@^@^@^@^@^@^@^@^@^@^@^@^@^@^@^@^@^@^@^@^@^@^@^@^@^@^@^@^@^@^@^@^@^@^@^@^@^@^@^@^@^@^@^@^@^@^@^@^@^@^@^@^@^@^@^@^@^@^@^@^@^@^@^^[40;1H@^@^@^@^@^@^@^@^@^@^@^@^@^@^@^@^@^@^@^@^@^@^@^@^@^@^@^@^@^@^@^@^@^@^@^@^@^@^@^@^@^@^@^@^@^@^@^@^@^@^@^@^@^@^@^@^@^@^@^@^@^@^@^@^@^@^@^@^@^@^@^@^@^@^@^@^@^@^@^@^@^@^@^@^@^@^@^@^@^@^@^@^@^@^@^^[41;1H@^@^@^@^@^@^@^@^@^@^@^@^@^@^@^@^@^@^@^@^@^@^@^@^@^@^@^@^@^@^@^@^@^@^@^@^@^@^@^@^@^@^@^@^@^@^@^@^@^@^@^@^@^@^@^@^@^@^@^@^@^@^@^@^@^@^@^@^@^@^@^@^@^@^@^@^@^@^@^@^@^@^@^@^@^@^@^@^@^@^@^@^@^@^@^^[42;1H@^@^@^@^@^@^@^@^@^@^@^@^@^@^@^@^@^@^@[mH[34m<83>[mì[42;44H[34m^H[mH[34m<8b>^E[mÝ/[34m^@^@[mH[34m<85>[mÀt[34m^B[mÿÐ[42;70HH[34m<83>[mÄ[34m^H[mÃ[34m^@^@^@^@^@^@^@^@^@[mÿ5â/[34m^@^@[mÿ%ä/[34m^@^@^O^_[m@[34m^@[mÿ%â/[34m^@^@[mh[34m^@^@^@^@[mé[42;138Hà[42;139Hÿÿÿÿ%Ú/[34m^@^@[mh[34m^A^@^@^@[mé[42;160HÐ[42;161Hÿÿÿÿ%Ò/[34m^@^@[mh[34m^B^@^@^@[mé[42;182HÀÿÿÿÿ%Ê/[34m^^[43;1H@^@[mh[34m^C^@^@^@[mé[43;14H°[43;15Hÿÿÿÿ%Â/[34m^@^@[mh[34m^D^@^@^@[mé[43;36H ÿÿÿÿ%º[43;43H/[34m^@^@[mh[34m^E^@^@^@[mé[43;58H[34m<90>[mÿÿÿÿ%²[43;68H/[34m^@^@[mh[34m^F^@^@^@[mé[43;83H[34m<80>[mÿÿÿÿ%ª[43;93H/[34m^@^@[mh[34m^G^@^@^@[mé[43;108Hpÿÿÿÿ%¢/[34m^@^@[mh[34m^H^@^@^@[mé[43;130H`ÿÿÿÿ%[34m<9a>[m/[34m^@^@[mh [34m^@^@^@[mé[43;154HPÿÿÿÿ%[34m<92>[m/[34m^@^@[mh
[34m^@^@^@[mé[44;8H@ÿÿÿÿ%[34m<8a>[m/[34m^@^@[mh[34m^K^@^@^@[mé[44;33H0ÿÿÿÿ%[34m<82>[m/[34m^@^@[mh[34m^L^@^@^@[mé[44;59Hÿÿÿÿ%z/[34m^@^@[mh[34m^M^@^@^@[mé[44;80H[34m^P[mÿÿÿÿ%â.[34m^@^@[mf[34m<90>^@^@^@^@^@^@^@^@[m1í[44;116HI[34m<89>[mÑ^H[34m<89>[mâH[34m<83>[mäð[44;136HPTL[34m<8d>^E[mê[44;146H[34m^G^@^@[mH[34m<8d>^M<83>^G^@^@[mH[34m<8d>[m=Þ[44;176H[34m^C^@^@[mÿ[34m^U<96>[m.[34m^^[45;1H@^@[mô[34m^O^_[mD[34m^@^@[mH[34m<8d>[m=A/[34m^@^@[mH[34m<8d>^E[m:/[34m^@^@[mH9ø[45;42Ht[34m^U[mH[34m<8b>^E[mn.[34m^@^@[mH[34m<85>[mÀt  ÿà[45;69H[34m^O^_<80>^@^@^@^@[mÃ[34m^O^_<80>^@^@^@^@[mH[34m<8d>[m=[34m^Q[m/[34m^@^@[mH[34m<8d>[m5
/[34m^@^@[mH)þ[46;9HHÁþ[46;12H[34m^C[mH[34m<89>[mð[46;20HHÁè[46;23H?H[34m^A[mÆ[46;28HHÑþ[46;31Ht[34m^T[mH[34m<8b>^E[mE.[34m^@^@[mH[34m<85>[mÀt[34m^H[mÿà[46;58Hf[34m^O^_[mD[34m^@^@[mÃ[34m^O^_<80>^@^@^@^@<80>[m=[34m^A[m/[34m^@^@^@[mu/UH[34m<83>[m=&.[34m^@^@^@[mH[34m<89>[måt[34m^L[mH[34m<8b>[m=²[46;132H.[34m^@^@[mè[46;138H-ÿÿÿè[46;143HhÿÿÿÆ[46;148H[34m^E[mÙ.[34m^@^@^A[m]Ã[34m^O^_<80>^@^@^@^@[mÃ[34m^O^_<80>^@^@^@@[47;1H^@[mé[47;4H{ÿÿÿUH[34m<89>[måH[34m<83>[mì[47;21H[34m^P[mH[34m<89>[m}ø[47;30HH[34m<8b>[mEø[47;37H[34m<8b>^@[mò[47;44H[34m^O[m*ÈH[34m<8b>[mEø[47;55H[34m<8b>^@[mò[47;62H[34m^O[m*Àò[47;67H[34m^O[mYÈH[34m<8b>[mEø[47;78H[34m<8b>[m@[34m^D[mò[47;86H[34m^O[m*Ð[47;90HH[34m<8b>[mEø[47;97H[34m<8b>[m@[34m^D[mò[47;105H[34m^O[m*Àò[47;110H[34m^O[mYÂò[47;115H[34m^O[mXÁè[47;120H¤[47;121Hþ[47;122HÿÿfH[34m^O[m~ÀH[34m<89>[mEð[47;137Hò[47;138H[34m^O^P[mEð[47;144HÉÃUH[34m<89>[måH[34m<83>[mì[47;160HH[34m<89>[m}è[47;167HH[34m<89>[muà[47;174HH[34m<8b>[mEè[47;181HH[34m<8d>[m5[34m<91>>[48;1H^M^@^@[mH[34m<89>[mÇè[48;14HQþ[48;16HÿÿH[34m<89>[mEø[48;25HH[34m<83>[m}ø[48;32H[34m^@[muMè[48;37H±[48;38Hýÿÿ[34m<8b>^@<89>[mÇè[48;53Hhþ[48;55HÿÿH[34m<89>[mÁH[34m<8b>^E^^[m.[34m^@^@[mH[34m<8b>[mUè[48;84HH[34m<8d>[m5][34m^M^@^@[mH[34m<89>[mÇ¸[48;104H[34m^@^@^@^@[mè[48;113Hæ[48;114Hýÿÿ¿[48;118H[34m^A^@^@^@[mè[48;127H[34m^\[mþ[48;130HÿÿH[34m<8d>[mUð[48;139HH[34m<8b>[mEà[48;146HH[34m<89>[mÖH[34m<89>[mÇè[48;159Hi[34m^D^@^@[mH[34m<8b>[mUø[48;173HH[34m<8d>[mEð[48;180HH[34m<89>[mÑº[48;187H[34m^A^@[m[46;1H[94m@                                                                                                                                                                                             [47;1H@                                                                                                                                                                                             [48;1H@                                                                                                                                                                                             [m[49;173H1,1[11CTop]2;stat-points (~/projects/i220a/submit/lab13/exercises/rec-io) - VIM]1;stat-points[1;1H[?25hP+q436f\P+q6b75\P+q6b64\P+q6b72\P+q6b6c\P+q2332\P+q2334\P+q2569\P+q2a37\P+q6b31\[?25l[49;1H[K[49;1H:[?2004h[?25hq[?25l[?25h[?25l[?2004l]2;Terminal - ]1;Terminal - [23;2t[23;1t[22;2t[22;1t[23;2t[23;1t[49;1H[K[49;1H[?2004l[?1l>[?25h[?1049l[23;0;0tdorbach1@g7-27:~/i220a/submit/lab13/exercises/rec-io$ vi stat-points.c
[?2004h[?1049h[22;0;0t[?1h=[?2004h[1;49r[?12h[?12l[22;2t[22;1t[27m[23m[29m[m[H[2J[?25l[49;1H"stat-points.c" 82L, 1977C[2;1H▽[6n[2;1H  [1;1H[>c]10;?]11;?[1;1H[95m#include [m[95m<assert.h>[m
[95m#include [m[95m<errno.h>[m
[95m#include [m[95m<math.h>[m
[95m#include [m[95m<stdlib.h>[m
[95m#include [m[95m<stdio.h>[m
[95m#include [m[95m<string.h>[m

[95m#include [m[95m"dyn-array.h"[m
[95m#include [m[95m"point2.h"[m

[94mstatic[m [94mvoid[m
readPoints([94mconst[m [94mchar[m *inName, DynArray *points)
{
  [94mFILE[m *in = fopen(inName, [95m"rb"[m);
  [31mif[m (!in) {
    fprintf([95mstderr[m, [95m"cannot read %s: %s\n"[m, inName, strerror(errno));
    exit([95m1[m);
  }
  Point2 point2;
  [31mwhile[m (fread(&point2, [31msizeof[m(Point2), [95m1[m, in) == [95m1[m) {
    addElementDynArray(points, &point2);
  }
  [31mif[m (fclose(in) != [95m0[m) {
    fprintf([95mstderr[m, [95m"cannot close %s: %s\n"[m, inName, strerror(errno));
    exit([95m1[m);
  }
}

[94mstatic[m [94mint[m
comparePoint2([94mconst[m [94mvoid[m *p1, [94mconst[m [94mvoid[m *p2)
{
  [31mreturn[m magnitudePoint2(p1) - magnitudePoint2(p2);
}

[94mstatic[m [94mdouble[m
averagePoints([94mconst[m DynArray *points)
{
  [94mconst[m [94mint[m n = nElementsDynArray(points);
  assert(n > [95m0[m);
  [94mdouble[m sum = [95m0[m;
  [31mfor[m ([94mint[m i = [95m0[m; i < n; i++) {
    [94mconst[m Point2 *p = getElementDynArray(points, i);
    [94mdouble[m mag = magnitudePoint2(p);
    sum += mag;
  }
  [31mreturn[m sum/n;
}[49;173H1,1[11CTop]2;stat-points.c (~/projects/i220a/submit/lab13/exercises/rec-io) - VIM]1;stat-points.c[1;1H[?25hP+q436f\P+q6b75\P+q6b64\P+q6b72\P+q6b6c\P+q2332\P+q2334\P+q2569\P+q2a37\P+q6b31\[?25l[49;173H2[2;1H[?25h[?25l[49;173H3[3;1H[?25h[?25l[49;173H4[4;1H[?25h[?25l[49;173H5[5;1H[?25h[?25l[49;173H6[6;1H[?25h[?25l[49;173H7,0-1[7;1H[?25h[?25l[49;173H8,1  [8;1H[?25h[?25l[49;173H9[9;1H[?25h[?25l[49;173H10,0-1[10;1H[?25h[?25l[49;174H1,1  [11;1H[?25h[?25l[49;174H2[12;1H[?25h[?25l
[106m{[27;1H}[m[49;174H3[13;1H[?25h[?25l{[27;1H}[49;174H4[14;1H[?25h[?25l[49;174H5[15;1H[?25h[?25l[49;174H6[16;1H[?25h[?25l[49;174H7[17;1H[?25h[?25l[49;174H8[18;1H[?25h[?25l[49;174H9[19;1H[?25h[?25l[49;173H20[20;1H[?25h[?25l[49;174H1[21;1H[?25h[?25l[49;174H2[22;1H[?25h[?25l[49;174H3[23;1H[?25h[?25l[49;174H4[24;1H[?25h[?25l[49;174H5[25;1H[?25h[?25l[49;174H6[26;1H[?25h[?25l[13;1H[106m{[27;1H}[m[49;174H7[27;1H[?25h[?25l[13;1H{[27;1H}[49;174H8,0-1[28;1H[?25h[?25l[49;174H9,1  [29;1H[?25h[?25l[49;173H30[30;1H[?25h[?25l
[106m{

}[m[49;174H1[31;1H[?25h[?25l{

}[49;174H2[32;1H[?25h[?25l[31;1H[106m{

}[m[49;174H3[33;1H[?25h[?25l[31;1H{

}[49;174H4,0-1[34;1H[?25h[?25l[49;174H5,1  [35;1H[?25h[?25l[49;174H6[36;1H[?25h[?25l
[106m{[47;1H}[m[49;174H7[37;1H[?25h[?25l{[47;1H}[49;174H8[38;1H[?25h[?25l[49;174H9[39;1H[?25h[?25l[49;173H40[40;1H[?25h[?25l[49;174H1[41;1H[?25h[?25l[49;174H2[42;1H[?25h[?25l[49;174H3[43;1H[?25h[?25l[49;174H4[44;1H[?25h[?25l[49;174H5[45;1H[?25h[?25l[49;174H6[46;1H[?25h[?25l[37;1H[106m{[47;1H}[m[49;174H7[47;1H[?25h[?25l[37;1H{[47;1H}[49;174H8,0-1[48;1H[?25h[?25l[1;48r[48;1H
[1;49r[48;1H[94mstatic[m [94mvoid[m[49;1H[K[49;173H49,1[11C2%[48;1H[?25h[?25l[1;48r[48;1H
[1;49r[48;1HstatPoints(DynArray *points, [94mFILE[m *out)[49;173H[K[49;173H50,1[11C5%[48;1H[?25h[?25l[1;48r[48;1H
[1;49r[48;1H{[49;173H[K[49;173H51,1[11C8%[48;1H[?25h[?25l[1;48r[48;1H
[1;49r[48;3HsortDynArray(points, comparePoint2);[49;173H[K[49;173H52,1[10C11%[48;1H[?25h[?25l[1;48r[48;1H
[1;49r[48;3H[94mconst[m [94mint[m n = nElementsDynArray(points);[49;173H[K[49;173H53,1[10C14%[48;1H[?25h[?25l[1;48r[48;1H
[1;49r[48;3H[31mif[m (n > [95m0[m) {[49;173H[K[49;173H54,1[10C17%[48;1H[?25h[?25l[1;48r[48;1H
[1;49r[48;5H[94mdouble[m min = magnitudePoint2(getElementDynArray(points, [95m0[m));[49;173H[K[49;173H55,1[10C20%[48;1H[?25h[?25l[1;48r[48;1H
[1;49r[48;5H[94mdouble[m max = magnitudePoint2(getElementDynArray(points, n - [95m1[m));[49;173H[K[49;173H56,1[10C23%[48;1H[?25h[?25l[1;48r[48;1H
[1;49r[48;5H[94mdouble[m average = averagePoints(points);[49;173H[K[49;173H57,1[10C26%[48;1H[?25h[?25l[1;48r[48;1H
[1;49r[48;5H[94mdouble[m median = magnitudePoint2(getElementDynArray(points, n/[95m2[m));[49;173H[K[49;173H58,1[10C29%[48;1H[?25h[?25l[1;48r[48;1H
[1;49r[48;5Hfprintf(out, [95m"min = %g\naverage = %g\nmedian = %g\nmax = %g\n"[m,[49;173H[K[49;173H59,1[10C32%[48;1H[?25h[?25l[1;48r[48;1H
[1;49r[48;13Hmin, average, median, max);[49;173H[K[49;173H60,1[10C35%[48;1H[?25h[?25l[1;48r[48;1H
[1;49r[48;3H}[49;173H[K[49;173H61,1[10C38%[48;1H[?25h[?25l[1;48r[48;1H
[1;49r[37;1H[106m{[48;1H}[m[49;173H[K[49;173H62,1[10C41%[48;1H[?25h[?25l[1;48r[48;1H
[1;49r[36;1H{[47;1H}[49;173H[K[49;173H63,0-1[8C44%[48;1H[?25h[?25l[1;48r[48;1H
[1;49r[48;1H[94mint[m[49;173H[K[49;173H64,1[10C47%[48;1H[?25h[?25l[1;48r[48;1H
[1;49r[48;1Hmain([94mint[m argc, [94mconst[m [94mchar[m *argv[])[49;173H[K[49;173H65,1[10C50%[48;1H[?25h[?25l[1;48r[48;1H
[1;49r[48;1H{[49;173H[K[49;173H66,1[10C52%[48;1H[?25h[?25l[1;48r[48;1H
[1;49r[48;3H[31mif[m (argc != [95m2[m || argc != [95m3[m) {[49;173H[K[49;173H67,1[10C55%[48;1H[?25h[?25l[1;48r[48;1H
[1;49r[48;5Hfprintf([95mstderr[m, [95m"usage: %s BINARY_POINTS_FILE [OUTPUT_FILE]\n"[m, argv[[95m0[m]);[49;173H[K[49;173H68,1[10C58%[48;1H[?25h[?25l[1;48r[48;1H
[1;49r[48;5Hexit([95m1[m);[49;173H[K[49;173H69,1[10C61%[48;1H[?25h[?25l[1;48r[48;1H
[1;49r[48;3H}[49;173H[K[49;173H70,1[10C64%[48;1H[?25h[?25l[1;48r[48;1H
[1;49r[48;3H[94mFILE[m *out = [95mNULL[m;[49;173H[K[49;173H71,1[10C67%[48;1H[?25h[?25l[1;48r[48;1H
[1;49r[48;3H[31mif[m(arc == [95m3[m){[49;173H[K[49;173H72,1[10C70%[48;1H[?25h[?25l[1;48r[48;1H
[1;49r[48;9H[94mconst[m [94mchar[m *outName = argv[[95m2[m];[49;173H[K[49;173H73,1[10C73%[48;1H[?25h[?25l[1;48r[48;1H
[1;49r[48;9Hout = fopen(outName , [95m"w"[m);[49;173H[K[49;173H74,1-8[8C76%[48;8H[?25h[?25l[1;48r[48;1H
[1;49r[48;3H}[49;173H[K[49;173H75,1[10C79%[48;1H[?25h[?25l[1;48r[48;1H
[1;49r[48;3HDynArray *points = newDynArray([31msizeof[m(Point2));[49;173H[K[49;173H76,1[10C82%[48;1H[?25h[?25l[1;48r[48;1H
[1;49r[48;3HreadPoints(argv[[95m1[m], points);[49;173H[K[49;173H77,1[10C85%[48;1H[?25h[?25l[1;48r[48;1H
[1;49r[48;3HstatPoints(points, (out != [95mNULL[m) ? out :  [95mstdout[m);[49;173H[K[49;173H78,1[10C88%[48;1H[?25h[?25l[1;48r[48;1H
[1;49r[48;3Hfclose(out);[49;173H[K[49;173H79,1[10C91%[48;1H[?25h[?25l[1;48r[48;1H
[1;49r[48;3HfreeDynArray(points);[49;173H[K[49;173H80,1[10C94%[48;1H[?25h[?25l[1;48r[48;1H
[1;49r[48;3H[31mreturn[m [95m0[m;[49;173H[K[49;173H81,1[10C97%[48;1H[?25h[?25l[1;48r[48;1H
[1;49r[32;1H[106m{[48;1H}[m[49;173H[K[49;173H82,1[10CBot[48;1H[?25h[?25l[32;1H{[48;1H}[49;174H1[47;1H[?25h[?25l[49;174H0[46;1H[?25h[?25l[49;173H79[45;1H[?25h[?25l[49;174H8[44;1H[?25h[?25l[49;174H7[43;1H[?25h[?25l[49;174H6[42;1H[?25h[?25l[49;174H5[41;1H[?25h[?25l[49;174H4,1-8[40;8H[?25h[?25l[49;174H3,1  [39;1H[?25h[?25l[49;174H2[38;1H[?25h[?25l[49;176H2[38;2H[?25h[?25l[49;176H3[38;3H[?25h[?25l[49;176H4[38;4H[?25h[?25l[1C[106m([8C)[m[49;176H5[38;5H[?25h[?25l([8C)[49;176H6[38;6H[?25h[?25l[49;176H7[38;7H[?25h[?25l[49;176H8[38;8H[?25h[?25l[49;1H[1m-- INSERT --[m[49;173H[K[49;173H79,15[9CBot[45;15H[?25h[?25lg[49;177H6]2;stat-points.c + (~/projects/i220a/submit/lab13/exercises/rec-io) - VIM]1;stat-points.c[45;16H[?25h[?25l[45;15H[K[49;177H5[45;15H[?25h[?25l[49;174H8[44;15H[?25h[?25l[49;174H7[43;15H[?25h[?25l[49;174H6[42;15H[?25h[?25l[38;15H[106m{[41;3H}[m[49;174H5,4 [41;4H[?25h[?25l[38;15H{[41;3H}[49;174H4,8-15[40;15H[?25h[?25l[49;174H3,15  [39;15H[?25h[?25l[38;15H[106m{[41;3H}[m[49;174H2[38;15H[?25h[?25l[38;5H[106m([8C)[m{[41;3H}[49;177H4[38;14H[?25h[?25l[38;5H([8C)[49;177H3[38;13H[?25h[?25l[49;177H2[38;12H[?25h[?25l[49;177H1[38;11H[?25h[?25l[49;177H0[38;10H[?25h[?25l[49;176H9 [38;9H[?25h[?25l[49;176H8[38;8H[?25h[?25lgc == [95m3[m){[49;176H9[38;9H[?25h[49;1H[K[38;8H[?25l[49;173H72,8[10CBot[38;8H[?25h[?25l[49;173H[K[49;1H:[?2004h[?25hw[?25l[?25hq[?25l[?25h[?25l[?2004l"stat-points.c" 82L, 1978C written]2;Terminal - ]1;Terminal - [23;2t[23;1t[22;2t[22;1t[23;2t[23;1t
[?2004l[?1l>[?25h[?1049l[23;0;0tdorbach1@g7-27:~/i220a/submit/lab13/exercises/rec-io$ vi stat-points.c[K[9Pmake vi stat-points.c
[?2004h[?1049h[22;0;0t[?1h=[?2004h[1;49r[?12h[?12l[22;2t[22;1t[27m[23m[29m[m[H[2J[?25l[49;1H"stat-points.c" 82L, 1978C[2;1H▽[6n[2;1H  [1;1H[>c]10;?]11;?[1;1H[95m#include [m[95m<assert.h>[m
[95m#include [m[95m<errno.h>[m
[95m#include [m[95m<math.h>[m
[95m#include [m[95m<stdlib.h>[m
[95m#include [m[95m<stdio.h>[m
[95m#include [m[95m<string.h>[m

[95m#include [m[95m"dyn-array.h"[m
[95m#include [m[95m"point2.h"[m

[94mstatic[m [94mvoid[m
readPoints([94mconst[m [94mchar[m *inName, DynArray *points)
{
  [94mFILE[m *in = fopen(inName, [95m"rb"[m);
  [31mif[m (!in) {
    fprintf([95mstderr[m, [95m"cannot read %s: %s\n"[m, inName, strerror(errno));
    exit([95m1[m);
  }
  Point2 point2;
  [31mwhile[m (fread(&point2, [31msizeof[m(Point2), [95m1[m, in) == [95m1[m) {
    addElementDynArray(points, &point2);
  }
  [31mif[m (fclose(in) != [95m0[m) {
    fprintf([95mstderr[m, [95m"cannot close %s: %s\n"[m, inName, strerror(errno));
    exit([95m1[m);
  }
}

[94mstatic[m [94mint[m
comparePoint2([94mconst[m [94mvoid[m *p1, [94mconst[m [94mvoid[m *p2)
{
  [31mreturn[m magnitudePoint2(p1) - magnitudePoint2(p2);
}

[94mstatic[m [94mdouble[m
averagePoints([94mconst[m DynArray *points)
{
  [94mconst[m [94mint[m n = nElementsDynArray(points);
  assert(n > [95m0[m);
  [94mdouble[m sum = [95m0[m;
  [31mfor[m ([94mint[m i = [95m0[m; i < n; i++) {
    [94mconst[m Point2 *p = getElementDynArray(points, i);
    [94mdouble[m mag = magnitudePoint2(p);
    sum += mag;
  }
  [31mreturn[m sum/n;
}[49;173H1,1[11CTop]2;stat-points.c (~/projects/i220a/submit/lab13/exercises/rec-io) - VIM]1;stat-points.c[1;1H[?25hP+q436f\P+q6b75\P+q6b64\P+q6b72\P+q6b6c\P+q2332\P+q2334\P+q2569\P+q2a37\P+q6b31\[?25l[49;1H[K[49;1H:[?2004h[?25hw[?25l[?25hq[?25l[?25h[?25l[?2004l"stat-points.c" 82L, 1978C written]2;Terminal - ]1;Terminal - [23;2t[23;1t[22;2t[22;1t[23;2t[23;1t
[?2004l[?1l>[?25h[?1049l[23;0;0tdorbach1@g7-27:~/i220a/submit/lab13/exercises/rec-io$ m,a[K[K[Kmake
gcc -g -Wall -std=c18   -c -o stat-points.o stat-points.c
gcc   stat-points.o dyn-array.o  -lm -o stat-points
dorbach1@g7-27:~/i220a/submit/lab13/exercises/rec-io$ valgrind stat-points[K[K[K[K[K[K[K[K[K[K[K[K[K[K[K[K[K[K[K[Kmakevi stat-points.c[K[9Pmake vi stat-points.cgen-rand-points.cls[Kcd rec-io/ls[Kcd rec-io/ls[Kcd exercises/exit[K[2Pfgexitgit merge -m "Merged Main" main[14Pcheckout prj5push[Kmerge -m "Finished Project 5" prj5[21Pcheckout mainmerge -m "Finished Project 5" prj5push[Kcheckout prj5merge -m "Merged Main" mainexit[K[2Pfgexitcd exercises/ls[Kcd rec-io/ls[Kvi gen-rand-points.c[4Pstat-points.cmake [Kvi stat-points.cmake[K[K./gen-rand-points.c | [K[K
bash: ./gen-rand-points.c: Permission denied
dorbach1@g7-27:~/i220a/submit/lab13/exercises/rec-io$ ./gen-rand-points.c | stat-points
bash: ./gen-rand-points.c: Permission denied
bash: stat-points: command not found
dorbach1@g7-27:~/i220a/submit/lab13/exercises/rec-io$ ./gen-rand-points.c | stat-points[1P[1P[C[C[C[C[C[C[C[C[C[C[C[C[C[C
bash: stat-points: command not found
usage: ./gen-rand-points N_POINTS OUT_FILE
dorbach1@g7-27:~/i220a/submit/lab13/exercises/rec-io$ ./gen-rand-points | stat-points.stat-points/stat-points
usage: ./stat-points BINARY_POINTS_FILE [OUTPUT_FILE]
usage: ./gen-rand-points N_POINTS OUT_FILE
dorbach1@g7-27:~/i220a/submit/lab13/exercises/rec-io$ /.gen-rand-points point ; stat-points[K[K[K[K[K[K[K[K[K[K[K[K[K
bash: /.gen-rand-points: No such file or directory
dorbach1@g7-27:~/i220a/submit/lab13/exercises/rec-io$ /.gen-rand-points point [C[1P[C[1P[1@.[1@/
usage: ./gen-rand-points N_POINTS OUT_FILE
dorbach1@g7-27:~/i220a/submit/lab13/exercises/rec-io$ ./gen-rand-points point . d a t a 
usage: ./gen-rand-points N_POINTS OUT_FILE
dorbach1@g7-27:~/i220a/submit/lab13/exercises/rec-io$ ./gen-rand-points point.data [1P t 
usage: ./gen-rand-points N_POINTS OUT_FILE
dorbach1@g7-27:~/i220a/submit/lab13/exercises/rec-io$ ./gen-rand-points point.datt [C[K[K
usage: ./gen-rand-points N_POINTS OUT_FILE
dorbach1@g7-27:~/i220a/submit/lab13/exercises/rec-io$ vi gen-rand-points.c
[?2004h[?1049h[22;0;0t[?1h=[?2004h[1;49r[?12h[?12l[22;2t[22;1t[27m[23m[29m[m[H[2J[?25l[49;1H"gen-rand-points.c" 54L, 1358C[2;1H▽[6n[2;1H  [1;1H[>c]10;?]11;?[1;1H[95m#include [m[95m<errno.h>[m
[95m#include [m[95m<math.h>[m
[95m#include [m[95m<stdlib.h>[m
[95m#include [m[95m<stdio.h>[m
[95m#include [m[95m<string.h>[m

[95m#include [m[95m"point2.h"[m

[94mstatic[m [94mvoid[m __attribute__(([94mnoreturn[m))
usage([94mconst[m [94mchar[m *progName)
{
  fprintf([95mstderr[m, [95m"usage: %s N_POINTS OUT_FILE\n"[m, progName);
  exit([95m1[m);
}

[94mstatic[m [94mint[m
randCoord([94mvoid[m)
{
  [94menum[m { MAX = [95m1000[m }; [91m//exclusive
[m  [91m//statistically unsound; see
[m  [91m//<https://stackoverflow.com/questions/4195958/how-do-i-scale-down-numbers-from-rand>[m
  [31mreturn[m rand() % MAX;
}

[94mint[m
main([94mint[m argc, [94mconst[m [94mchar[m *argv[])
{
  [31mif[m (argc != [95m3[m) usage(argv[[95m0[m]);
  [94mint[m nPoints = atoi(argv[[95m1[m]);
  [31mif[m (nPoints <= [95m0[m) usage(argv[[95m0[m]);
  [94mconst[m [94mchar[m *outName = argv[[95m2[m];
  [94mFILE[m *out = fopen(outName, [95m"wb"[m);
  [31mif[m (!out) {
    fprintf([95mstderr[m, [95m"cannot write %s: %s\n"[m, outName, strerror(errno));
    exit([95m1[m);
  }
  [94mdouble[m sum = [95m0.0[m;
  [31mfor[m ([94mint[m i = [95m0[m; i < nPoints; i++) {
    Point2 point2 = { .x = randCoord(), .y = randCoord(), };
    [31mif[m (fwrite(&point2, [31msizeof[m(Point2), [95m1[m, out) != [95m1[m) {[41;7Hfprintf([95mstderr[m, [95m"cannot write Point2(%d, %d) to %s: %s\n"[m,[42;15Hpoint2.x, point2.y, outName, strerror(errno));[43;7Hexit([95m1[m);
    }
    [94mdouble[m mag = magnitudePoint2(&point2);
    sum += mag;
  }
  fprintf([95mstderr[m, [95m"average magnitude = %g\n"[m, sum/nPoints);[49;173H1,1[11CTop]2;gen-rand-points.c (~/projects/i220a/submit/lab13/exercises/rec-io) - VIM]1;gen-rand-points.c[1;1H[?25hP+q436f\P+q6b75\P+q6b64\P+q6b72\P+q6b6c\P+q2332\P+q2334\P+q2569\P+q2a37\P+q6b31\[?25l[49;173H2[2;1H[?25h[?25l[49;173H3[3;1H[?25h[?25l[49;173H4[4;1H[?25h[?25l[49;173H5[5;1H[?25h[?25l[49;173H6,0-1[6;1H[?25h[?25l[49;173H7,1  [7;1H[?25h[?25l[49;173H8,0-1[8;1H[?25h[?25l[49;173H9,1  [9;1H[?25h[?25l[49;173H10,1[10;1H[?25h[?25l
[106m{


}[m[49;174H1[11;1H[?25h[?25l{


}[49;174H2[12;1H[?25h[?25l[49;174H3[13;1H[?25h[?25l[11;1H[106m{


}[m[49;174H4[14;1H[?25h[?25l[11;1H{


}[49;174H5,0-1[15;1H[?25h[?25l[49;174H6,1  [16;1H[?25h[?25l[49;174H7[17;1H[?25h[?25l
[106m{[23;1H}[m[49;174H8[18;1H[?25h[?25l{[23;1H}[49;174H9[19;1H[?25h[?25l[49;173H20[20;1H[?25h[?25l[49;174H1[21;1H[?25h[?25l[49;174H2[22;1H[?25h[?25l[18;1H[106m{[23;1H}[m[49;174H3[23;1H[?25h[?25l[18;1H{[23;1H}[49;174H4,0-1[24;1H[?25h[?25l[49;174H5,1  [25;1H[?25h[?25l[49;174H6[26;1H[?25h[?25l[49;174H7[27;1H[?25h[?25l[49;174H8[28;1H[?25h[?25l[49;174H9[29;1H[?25h[?25l[49;173H30[30;1H[?25h[?25l[49;174H1[31;1H[?25h[?25l[49;174H2[32;1H[?25h[?25l[49;174H3[33;1H[?25h[?25l[49;174H4[34;1H[?25h[?25l[49;174H5[35;1H[?25h[?25l[49;174H6[36;1H[?25h[?25l[49;174H7[37;1H[?25h[?25l[49;174H8[38;1H[?25h[?25l[49;174H9[39;1H[?25h[?25l[49;173H40[40;1H[?25h[?25l[49;174H1[41;1H[?25h[?25l[49;174H2[42;1H[?25h[?25l[49;174H3[43;1H[?25h[?25l[49;174H4[44;1H[?25h[?25l[49;174H5[45;1H[?25h[?25l[49;174H6[46;1H[?25h[?25l[49;174H7[47;1H[?25h[?25l[49;174H8[48;1H[?25h[?25l[1;48r[48;1H
[1;49r[48;3H[31mif[m (fclose(out) != [95m0[m) {[49;1H[K[49;173H49,1[10C16%[48;1H[?25h[?25l[1;48r[48;1H
[1;49r[48;5Hfprintf([95mstderr[m, [95m"cannot close %s: %s\n"[m, outName, strerror(errno));[49;173H[K[49;173H50,1[10C33%[48;1H[?25h[?25l[1;48r[48;1H
[1;49r[48;5Hexit([95m1[m);[49;173H[K[49;173H51,1[10C50%[48;1H[?25h[?25l[1;48r[48;1H
[1;49r[48;3H}[49;173H[K[49;173H52,1[10C66%[48;1H[?25h[?25l[1;48r[48;1H
[1;49r[48;3H[31mreturn[m [95m0[m;[49;173H[K[49;173H53,1[10C83%[48;1H[?25h[?25l[1;48r[48;1H
[1;49r[21;1H[106m{[48;1H}[m[49;173H[K[49;173H54,1[10CBot[48;1H[?25h[?25l[21;1H{[48;1H}[49;174H3[47;1H[?25h[?25l[49;174H2[46;1H[?25h[?25l[49;174H1[45;1H[?25h[?25l[49;174H0[44;1H[?25h[?25l[49;173H49[43;1H[?25h[?25l[49;174H8[42;1H[?25h[?25l[49;174H7[41;1H[?25h[?25l[49;174H6[40;1H[?25h[?25l[49;174H5[39;1H[?25h[?25l[49;174H4[38;1H[?25h[?25l[49;174H3[37;1H[?25h[?25l[49;174H2[36;1H[?25h[?25l[49;174H1[35;1H[?25h[?25l[49;174H0[34;1H[?25h[?25l[49;173H39[33;1H[?25h[?25l[49;174H8[32;1H[?25h[?25l[49;174H7[31;1H[?25h[?25l[49;174H6[30;1H[?25h[?25l[49;174H5[29;1H[?25h[?25l[49;174H4[28;1H[?25h[?25l[49;174H3[27;1H[?25h[?25l[49;174H2[26;1H[?25h[?25l[49;174H1[25;1H[?25h[?25l[49;174H0[24;1H[?25h[?25l[49;173H29[23;1H[?25h[?25l[49;174H8[22;1H[?25h[?25l[21;1H[106m{[48;1H}[m[49;174H7[21;1H[?25h[?25l{[48;1H}[49;174H6[20;1H[?25h[?25l[49;174H5[19;1H[?25h[?25l[49;174H4,0-1[18;1H[?25h[?25l[12;1H[106m{[17;1H}[m[49;174H3,1  [17;1H[?25h[?25l[12;1H{[17;1H}[49;174H2[16;1H[?25h[?25l[49;174H1[15;1H[?25h[?25l[49;174H0[14;1H[?25h[?25l[49;173H19[13;1H[?25h[?25l[12;1H[106m{[17;1H}[m[49;174H8[12;1H[?25h[?25l{[17;1H}[49;174H7[11;1H[?25h[?25l[49;174H6[10;1H[?25h[?25l[49;174H5,0-1[9;1H[?25h[?25l[5;1H[106m{


}[m[49;174H4,1  [8;1H[?25h[?25l[5;1H{


}[49;174H3[7;1H[?25h[?25l[49;174H2[6;1H[?25h[?25l[5;1H[106m{


}[m[49;174H1[5;1H[?25h[?25l{


}[49;174H0[4;1H[?25h[?25l[49;173H9,1 [3;1H[?25h[?25l[49;173H8,0-1[2;1H[?25h[?25l[49;173H7,1  [1;1H[?25h[?25l[1;48r[1;1H[L[1;49r[49;173H[K[49;173H6,0-1[9C83%[1;1H[?25h[?25l[1;48r[1;1H[L[1;49r[1;1H[95m#include [m[95m<string.h>[m[49;173H[K[49;173H5,1[11C66%[1;1H[?25h[?25l[1;48r[1;1H[L[1;49r[1;1H[95m#include [m[95m<stdio.h>[m[49;173H[K[49;173H4,1[11C50%[1;1H[?25h[?25l[1;48r[1;1H[L[1;49r[1;1H[95m#include [m[95m<stdlib.h>[m[49;173H[K[49;173H3,1[11C33%[1;1H[?25h[?25l[1;48r[1;1H[L[1;49r[1;1H[95m#include [m[95m<math.h>[m[49;173H[K[49;173H2,1[11C16%[1;1H[?25h[?25l[1;48r[1;1H[L[1;49r[1;1H[95m#include [m[95m<errno.h>[m[49;173H[K[49;173H1,1[11CTop[1;1H[?25h[?25l[49;173H[K[49;1H:[?2004h[?25hw[?25l[?25hq[?25l[?25h[?25l[?2004l"gen-rand-points.c" 54L, 1358C written]2;Terminal - ]1;Terminal - [23;2t[23;1t[22;2t[22;1t[23;2t[23;1t
[?2004l[?1l>[?25h[?1049l[23;0;0tdorbach1@g7-27:~/i220a/submit/lab13/exercises/rec-io$ vi gen-rand-points.c[C[C./gen-rand-points point.dat1point.dat point.dat0point.dat[1Ppoint.dat[1Ppoint.dat0point.dat0point.dat point.dat
average magnitude = 752.156
dorbach1@g7-27:~/i220a/submit/lab13/exercises/rec-io$ ./gen-rand-points 100 point.dat[11Pvi gen-rand-points.c[K[K[K[K[K[K[K[K[K[K[K[K[K[K[K[K[K[K[K[Kvalgrind stat-points point.dat outpo[K[Kstat.dat
valgrind: stat-points: command not found
dorbach1@g7-27:~/i220a/submit/lab13/exercises/rec-io$ valgrind stat-points point.dat outstat.dat[1@.[1@/
==1700259== Memcheck, a memory error detector
==1700259== Copyright (C) 2002-2017, and GNU GPL'd, by Julian Seward et al.
==1700259== Using Valgrind-3.14.0 and LibVEX; rerun with -h for copyright info
==1700259== Command: ./stat-points point.dat outstat.dat
==1700259== 
usage: ./stat-points BINARY_POINTS_FILE [OUTPUT_FILE]
==1700259== 
==1700259== HEAP SUMMARY:
==1700259==     in use at exit: 0 bytes in 0 blocks
==1700259==   total heap usage: 0 allocs, 0 frees, 0 bytes allocated
==1700259== 
==1700259== All heap blocks were freed -- no leaks are possible
==1700259== 
==1700259== For counts of detected and suppressed errors, rerun with: -v
==1700259== ERROR SUMMARY: 0 errors from 0 contexts (suppressed: 0 from 0)
dorbach1@g7-27:~/i220a/submit/lab13/exercises/rec-io$ valgrind ./stat-points point.dat outstat.dat[C[C[C[C[C[C[C[C[C[K[K[K[K[K[K[K[K[K[K[K[K[K[K[K[K[K[K[K[K[K[K[K[K[K[K[K[K[K[K[K[K[K[K[K[K[K[K[K[K[K[K[K[Kls outstat.dat
ls: cannot access 'outstat.dat': No such file or directory
dorbach1@g7-27:~/i220a/submit/lab13/exercises/rec-io$ ls outstat.dat[30@valgrind ./stat-points point.dat[C[C[C[C[C[C[C[C[C[C[C[C[1P[1P[1P[1P[1P[1P[1P[1P
usage: ./stat-points BINARY_POINTS_FILE [OUTPUT_FILE]
dorbach1@g7-27:~/i220a/submit/lab13/exercises/rec-io$  ./stat-points point.dat outstat.dat[C[C[C[C[C[C[C[C[C[22Pls[C[C[C[C[C[C[C[C[C[C[C[C[30@valgrind ./stat-points point.dat[C[C[C[C[C[C[C[C[C[C[C[C[2P[C[C[C[C[C[C[C[C[C[C[C[C[C[C[C[C[C[C[C[C[C[C[C[C[C[C[C[C[C[C[C[C[C[11P./gen-rand-points 100 point.dat[11Pvi gen-rand-points.c[K[K[K[K[K[K[K[K[K[K[K[K[K[K[K[K[Kstat-points.c
[?2004h[?1049h[22;0;0t[?1h=[?2004h[1;49r[?12h[?12l[22;2t[22;1t[27m[23m[29m[m[H[2J[?25l[49;1H"stat-points.c" 82L, 1978C[2;1H▽[6n[2;1H  [1;1H[>c]10;?]11;?[1;1H[95m#include [m[95m<assert.h>[m
[95m#include [m[95m<errno.h>[m
[95m#include [m[95m<math.h>[m
[95m#include [m[95m<stdlib.h>[m
[95m#include [m[95m<stdio.h>[m
[95m#include [m[95m<string.h>[m

[95m#include [m[95m"dyn-array.h"[m
[95m#include [m[95m"point2.h"[m

[94mstatic[m [94mvoid[m
readPoints([94mconst[m [94mchar[m *inName, DynArray *points)
{
  [94mFILE[m *in = fopen(inName, [95m"rb"[m);
  [31mif[m (!in) {
    fprintf([95mstderr[m, [95m"cannot read %s: %s\n"[m, inName, strerror(errno));
    exit([95m1[m);
  }
  Point2 point2;
  [31mwhile[m (fread(&point2, [31msizeof[m(Point2), [95m1[m, in) == [95m1[m) {
    addElementDynArray(points, &point2);
  }
  [31mif[m (fclose(in) != [95m0[m) {
    fprintf([95mstderr[m, [95m"cannot close %s: %s\n"[m, inName, strerror(errno));
    exit([95m1[m);
  }
}

[94mstatic[m [94mint[m
comparePoint2([94mconst[m [94mvoid[m *p1, [94mconst[m [94mvoid[m *p2)
{
  [31mreturn[m magnitudePoint2(p1) - magnitudePoint2(p2);
}

[94mstatic[m [94mdouble[m
averagePoints([94mconst[m DynArray *points)
{
  [94mconst[m [94mint[m n = nElementsDynArray(points);
  assert(n > [95m0[m);
  [94mdouble[m sum = [95m0[m;
  [31mfor[m ([94mint[m i = [95m0[m; i < n; i++) {
    [94mconst[m Point2 *p = getElementDynArray(points, i);
    [94mdouble[m mag = magnitudePoint2(p);
    sum += mag;
  }
  [31mreturn[m sum/n;
}[49;173H1,1[11CTop]2;stat-points.c (~/projects/i220a/submit/lab13/exercises/rec-io) - VIM]1;stat-points.c[1;1H[?25hP+q436f\P+q6b75\P+q6b64\P+q6b72\P+q6b6c\P+q2332\P+q2334\P+q2569\P+q2a37\P+q6b31\[?25l[49;173H2[2;1H[?25h[?25l[49;173H3[3;1H[?25h[?25l[49;173H4[4;1H[?25h[?25l[49;173H5[5;1H[?25h[?25l[49;173H6[6;1H[?25h[?25l[49;173H7,0-1[7;1H[?25h[?25l[49;173H8,1  [8;1H[?25h[?25l[49;173H9[9;1H[?25h[?25l[49;173H10,0-1[10;1H[?25h[?25l[49;174H1,1  [11;1H[?25h[?25l[49;174H2[12;1H[?25h[?25l
[106m{[27;1H}[m[49;174H3[13;1H[?25h[?25l{[27;1H}[49;174H4[14;1H[?25h[?25l[49;174H5[15;1H[?25h[?25l[49;174H6[16;1H[?25h[?25l[49;174H7[17;1H[?25h[?25l[49;174H8[18;1H[?25h[?25l[49;174H9[19;1H[?25h[?25l[49;173H20[20;1H[?25h[?25l[49;174H1[21;1H[?25h[?25l[49;174H2[22;1H[?25h[?25l[49;174H3[23;1H[?25h[?25l[49;174H4[24;1H[?25h[?25l[49;174H5[25;1H[?25h[?25l[49;174H6[26;1H[?25h[?25l[13;1H[106m{[27;1H}[m[49;174H7[27;1H[?25h[?25l[13;1H{[27;1H}[49;174H8,0-1[28;1H[?25h[?25l[49;174H9,1  [29;1H[?25h[?25l[49;173H30[30;1H[?25h[?25l
[106m{

}[m[49;174H1[31;1H[?25h[?25l{

}[49;174H2[32;1H[?25h[?25l[31;1H[106m{

}[m[49;174H3[33;1H[?25h[?25l[31;1H{

}[49;174H4,0-1[34;1H[?25h[?25l[49;174H5,1  [35;1H[?25h[?25l[49;174H6[36;1H[?25h[?25l
[106m{[47;1H}[m[49;174H7[37;1H[?25h[?25l{[47;1H}[49;174H8[38;1H[?25h[?25l[49;174H9[39;1H[?25h[?25l[49;173H40[40;1H[?25h[?25l[49;174H1[41;1H[?25h[?25l[49;174H2[42;1H[?25h[?25l[49;174H3[43;1H[?25h[?25l[49;174H4[44;1H[?25h[?25l[49;174H5[45;1H[?25h[?25l[49;174H6[46;1H[?25h[?25l[37;1H[106m{[47;1H}[m[49;174H7[47;1H[?25h[?25l[37;1H{[47;1H}[49;174H8,0-1[48;1H[?25h[?25l[1;48r[48;1H
[1;49r[48;1H[94mstatic[m [94mvoid[m[49;1H[K[49;173H49,1[11C2%[48;1H[?25h[?25l[1;48r[48;1H
[1;49r[48;1HstatPoints(DynArray *points, [94mFILE[m *out)[49;173H[K[49;173H50,1[11C5%[48;1H[?25h[?25l[1;48r[48;1H
[1;49r[48;1H{[49;173H[K[49;173H51,1[11C8%[48;1H[?25h[?25l[1;48r[48;1H
[1;49r[48;3HsortDynArray(points, comparePoint2);[49;173H[K[49;173H52,1[10C11%[48;1H[?25h[?25l[1;48r[48;1H
[1;49r[48;3H[94mconst[m [94mint[m n = nElementsDynArray(points);[49;173H[K[49;173H53,1[10C14%[48;1H[?25h[?25l[1;48r[48;1H
[1;49r[48;3H[31mif[m (n > [95m0[m) {[49;173H[K[49;173H54,1[10C17%[48;1H[?25h[?25l[1;48r[48;1H
[1;49r[48;5H[94mdouble[m min = magnitudePoint2(getElementDynArray(points, [95m0[m));[49;173H[K[49;173H55,1[10C20%[48;1H[?25h[?25l[1;48r[48;1H
[1;49r[48;5H[94mdouble[m max = magnitudePoint2(getElementDynArray(points, n - [95m1[m));[49;173H[K[49;173H56,1[10C23%[48;1H[?25h[?25l[1;48r[48;1H
[1;49r[48;5H[94mdouble[m average = averagePoints(points);[49;173H[K[49;173H57,1[10C26%[48;1H[?25h[?25l[1;48r[48;1H
[1;49r[48;5H[94mdouble[m median = magnitudePoint2(getElementDynArray(points, n/[95m2[m));[49;173H[K[49;173H58,1[10C29%[48;1H[?25h[?25l[1;48r[48;1H
[1;49r[48;5Hfprintf(out, [95m"min = %g\naverage = %g\nmedian = %g\nmax = %g\n"[m,[49;173H[K[49;173H59,1[10C32%[48;1H[?25h[?25l[1;48r[48;1H
[1;49r[48;13Hmin, average, median, max);[49;173H[K[49;173H60,1[10C35%[48;1H[?25h[?25l[1;48r[48;1H
[1;49r[48;3H}[49;173H[K[49;173H61,1[10C38%[48;1H[?25h[?25l[1;48r[48;1H
[1;49r[37;1H[106m{[48;1H}[m[49;173H[K[49;173H62,1[10C41%[48;1H[?25h[?25l[1;48r[48;1H
[1;49r[36;1H{[47;1H}[49;173H[K[49;173H63,0-1[8C44%[48;1H[?25h[?25l[1;48r[48;1H
[1;49r[48;1H[94mint[m[49;173H[K[49;173H64,1[10C47%[48;1H[?25h[?25l[1;48r[48;1H
[1;49r[48;1Hmain([94mint[m argc, [94mconst[m [94mchar[m *argv[])[49;173H[K[49;173H65,1[10C50%[48;1H[?25h[?25l[1;48r[48;1H
[1;49r[48;1H{[49;173H[K[49;173H66,1[10C52%[48;1H[?25h[?25l[1;48r[48;1H
[1;49r[48;3H[31mif[m (argc != [95m2[m || argc != [95m3[m) {[49;173H[K[49;173H67,1[10C55%[48;1H[?25h[?25l[1;48r[48;1H
[1;49r[48;5Hfprintf([95mstderr[m, [95m"usage: %s BINARY_POINTS_FILE [OUTPUT_FILE]\n"[m, argv[[95m0[m]);[49;173H[K[49;173H68,1[10C58%[48;1H[?25h[?25l[1;48r[48;1H
[1;49r[48;5Hexit([95m1[m);[49;173H[K[49;173H69,1[10C61%[48;1H[?25h[?25l[1;48r[48;1H
[1;49r[48;3H}[49;173H[K[49;173H70,1[10C64%[48;1H[?25h[?25l[1;48r[48;1H
[1;49r[48;3H[94mFILE[m *out = [95mNULL[m;[49;173H[K[49;173H71,1[10C67%[48;1H[?25h[?25l[1;48r[48;1H
[1;49r[48;3H[31mif[m(argc == [95m3[m){[49;173H[K[49;173H72,1[10C70%[48;1H[?25h[?25l[1;48r[48;1H
[1;49r[48;9H[94mconst[m [94mchar[m *outName = argv[[95m2[m];[49;173H[K[49;173H73,1[10C73%[48;1H[?25h[?25l[1;48r[48;1H
[1;49r[48;9Hout = fopen(outName , [95m"w"[m);[49;173H[K[49;173H74,1-8[8C76%[48;8H[?25h[?25l[1;48r[48;1H
[1;49r[48;3H}[49;173H[K[49;173H75,1[10C79%[48;1H[?25h[?25l[1;48r[48;1H
[1;49r[48;3HDynArray *points = newDynArray([31msizeof[m(Point2));[49;173H[K[49;173H76,1[10C82%[48;1H[?25h[?25l[1;48r[48;1H
[1;49r[48;3HreadPoints(argv[[95m1[m], points);[49;173H[K[49;173H77,1[10C85%[48;1H[?25h[?25l[1;48r[48;1H
[1;49r[48;3HstatPoints(points, (out != [95mNULL[m) ? out :  [95mstdout[m);[49;173H[K[49;173H78,1[10C88%[48;1H[?25h[?25l[1;48r[48;1H
[1;49r[48;3Hfclose(out);[49;173H[K[49;173H79,1[10C91%[48;1H[?25h[?25l[1;48r[48;1H
[1;49r[48;3HfreeDynArray(points);[49;173H[K[49;173H80,1[10C94%[48;1H[?25h[?25l[1;48r[48;1H
[1;49r[48;3H[31mreturn[m [95m0[m;[49;173H[K[49;173H81,1[10C97%[48;1H[?25h[?25l[1;48r[48;1H
[1;49r[32;1H[106m{[48;1H}[m[49;173H[K[49;173H82,1[10CBot[48;1H[?25h[?25l[32;1H{[48;1H}[49;174H1[47;1H[?25h[?25l[49;174H0[46;1H[?25h[?25l[49;173H79[45;1H[?25h[?25l[49;174H8[44;1H[?25h[?25l[49;174H7[43;1H[?25h[?25l[49;174H6[42;1H[?25h[?25l[49;174H5[41;1H[?25h[?25l[49;174H4,1-8[40;8H[?25h[?25l[49;174H3,1  [39;1H[?25h[?25l[49;174H2[38;1H[?25h[?25l[49;174H1[37;1H[?25h[?25l[49;174H0[36;1H[?25h[?25l[49;173H69[35;1H[?25h[?25l[49;174H8[34;1H[?25h[?25l[49;174H7[33;1H[?25h[?25l[49;176H2[33;2H[?25h[?25l[32;1H[106m{[48;1H}[m[49;174H6,1[32;1H[?25h[?25l{[48;1H}[49;174H5,2[31;2H[?25h[?25l
[106m{[48;1H}[m[49;174H6,1[32;1H[?25h[?25l{[48;1H}[49;174H7,2[33;2H[?25h[?25l[49;176H3[33;3H[?25h[?25l[49;176H4[33;4H[?25h[?25l[49;176H5[33;5H[?25h[?25l [106m([22C)[m[49;176H6[33;6H[?25h[?25l([22C)[49;176H7[33;7H[?25h[?25l[49;176H8[33;8H[?25h[?25l[49;176H9[33;9H[?25h[?25l[49;176H10[33;10H[?25h[?25l[49;177H1[33;11H[?25h[?25l[49;177H2[33;12H[?25h[?25l[49;177H3[33;13H[?25h[?25l[49;177H4[33;14H[?25h[?25l[49;177H5[33;15H[?25h[?25l[49;177H6[33;16H[?25h[?25l[49;177H7[33;17H[?25h[?25l[49;177H8[33;18H[?25h[?25l[49;177H9[33;19H[?25h[?25l[49;177H8[33;18H[?25h[?25l[49;177H7[33;17H[?25h[?25l[49;177H8[33;18H[?25h[?25l[49;177H9[33;19H[?25h[?25l[49;1H[1m-- INSERT --[m[49;173H[K[49;173H67,19[9CBot[33;19H[?25h[?25l argc != [95m3[m) {[33;31H[K[49;177H8]2;stat-points.c + (~/projects/i220a/submit/lab13/exercises/rec-io) - VIM]1;stat-points.c[33;18H[?25h[?25l argc != [95m3[m) {[33;30H[K[49;177H7[33;17H[?25h[?25l& argc != [95m3[m) {[49;177H8[33;18H[?25h[?25l& argc != [95m3[m) {[49;177H9[33;19H[?25h[49;1H[K[33;18H[?25l[49;173H67,18[9CBot[33;18H[?25h[?25l[49;173H[K[49;1H:[?2004h[?25hw[?25l[?25hq[?25l[?25h[?25l[?2004l"stat-points.c" 82L, 1978C written]2;Terminal - ]1;Terminal - [23;2t[23;1t[22;2t[22;1t[23;2t[23;1t
[?2004l[?1l>[?25h[?1049l[23;0;0tdorbach1@g7-27:~/i220a/submit/lab13/exercises/rec-io$ vi stat-points.c ./stat-points point.dat outstat.dat[20Pvi stat-points.c[Kmake
gcc -g -Wall -std=c18   -c -o gen-rand-points.o gen-rand-points.c
gcc   gen-rand-points.o  -lm -o gen-rand-points
gcc -g -Wall -std=c18   -c -o stat-points.o stat-points.c
gcc   stat-points.o dyn-array.o  -lm -o stat-points
dorbach1@g7-27:~/i220a/submit/lab13/exercises/rec-io$ makevi stat-points.c ./stat-points point.dat outstat.dat
dorbach1@g7-27:~/i220a/submit/lab13/exercises/rec-io$ more outstat.dat 
min = 43.4166
average = 752.156
median = 773.59
max = 1306.49
dorbach1@g7-27:~/i220a/submit/lab13/exercises/rec-io$ :[K:[K:wq[K[K[Kcd ..
dorbach1@g7-27:~/i220a/submit/lab13/exercises$ exit

Script done on 2021-12-09 11:15:55-05:00 [COMMAND_EXIT_CODE="0"]
