Script started on 2021-10-28 10:03:12-04:00 [TERM="xterm-256color" TTY="/dev/pts/0" COLUMNS="80" LINES="24"]
bash: /home/umrigar/cs220/bin.student.rc: No such file or directory
dorbach1@g7-26:~/i220a/submit/lab8$ ls[K[Kls
exercises  lab8.LOG
dorbach1@g7-26:~/i220a/submit/lab8$ cd exercises/
dorbach1@g7-26:~/i220a/submit/lab8/exercises$ ls
1  2  3  4  5  6  cpuid1  cpuid2  parity  rip  rotate  rsp
dorbach1@g7-26:~/i220a/submit/lab8/exercises$ c [K[Kcd rotate
dorbach1@g7-26:~/i220a/submit/lab8/exercises/rotate$ ls
Makefile  rotate.c
dorbach1@g7-26:~/i220a/submit/lab8/exercises/rotate$ vi rotate.c[Kdorbach1@g7-26:~/i220a/submit/lab8/exercises/rotate$ vi rotate.c[Kdorbach1@g7-26:~/i220a/submit/lab8/exercises/rotate$ vi rotate.c[Kdorbach1@g7-26:~/i220a/submit/lab8/exercises/rotate$ vi rotate.c[Kdorbach1@g7-26:~/i220a/submit/lab8/exercises/rotate$ vi rotate.c[Kdorbach1@g7-26:~/i220a/submit/lab8/exercises/rotate$ vi rotate.c[Kdorbach1@g7-26:~/i220a/submit/lab8/exercises/rotate$ vi rotate.c[Kdorbach1@g7-26:~/i220a/submit/lab8/exercises/rotate$ vi rotate.c[Kdorbach1@g7-26:~/i220a/submit/lab8/exercises/rotate$ vi rotate.c[Kdorbach1@g7-26:~/i220a/submit/lab8/exercises/rotate$ vi rotate.c[Kdorbach1@g7-26:~/i220a/submit/lab8/exercises/rotate$ vi rotate.c[Kdorbach1@g7-26:~/i220a/submit/lab8/exercises/rotate$ vi rotate.c[Kdorbach1@g7-26:~/i220a/submit/lab8/exercises/rotate$ vi rotate.c[Kdorbach1@g7-26:~/i220a/submit/lab8/exercises/rotate$ vi rotate.c[Kdorbach1@g7-26:~/i220a/submit/lab8/exercises/rotate$ vi rotate.c[Kdorbach1@g7-26:~/i220a/submit/lab8/exercises/rotate$ vi rotate.c[Kdorbach1@g7-26:~/i220a/submit/lab8/exercises/rotate$ vi rotate.c[Kdorbach1@g7-26:~/i220a/submit/lab8/exercises/rotate$ vi rotate.c[Kdorbach1@g7-26:~/i220a/submit/lab8/exercises/rotate$ vi rotate.c[Kdorbach1@g7-26:~/i220a/submit/lab8/exercises/rotate$ vi rotate.c[Kdorbach1@g7-26:~/i220a/submit/lab8/exercises/rotate$ vi rotate.c[Kdorbach1@g7-26:~/i220a/submit/lab8/exercises/rotate$ vi rotate.c[Kdorbach1@g7-26:~/i220a/submit/lab8/exercises/rotate$ vi rotate.c[Kdorbach1@g7-26:~/i220a/submit/lab8/exercises/rotate$ vi rotate.c[Kdorbach1@g7-26:~/i220a/submit/lab8/exercises/rotate$ vi rotate.c[Kdorbach1@g7-26:~/i220a/submit/lab8/exercises/rotate$ vi rotate.c[Kdorbach1@g7-26:~/i220a/submit/lab8/exercises/rotate$ vi rotate.c[Kdorbach1@g7-26:~/i220a/submit/lab8/exercises/rotate$ vi rotate.c[Kdorbach1@g7-26:~/i220a/submit/lab8/exercises/rotate$ vi rotate.c[Kdorbach1@g7-26:~/i220a/submit/lab8/exercises/rotate$ vi rotate.c[Kdorbach1@g7-26:~/i220a/submit/lab8/exercises/rotate$ vi rotate.c[Kdorbach1@g7-26:~/i220a/submit/lab8/exercises/rotate$ vi rotate.c[Kdorbach1@g7-26:~/i220a/submit/lab8/exercises/rotate$ vi rotate.c[Kdorbach1@g7-26:~/i220a/submit/lab8/exercises/rotate$ vi rotate.c[Kdorbach1@g7-26:~/i220a/submit/lab8/exercises/rotate$ vi rotate.c[Kdorbach1@g7-26:~/i220a/submit/lab8/exercises/rotate$ vi rotate.c[Kdorbach1@g7-26:~/i220a/submit/lab8/exercises/rotate$ vi rotate.c
[?2004h[?1049h[22;0;0t[?1h=[?2004h[1;29r[?12h[?12l[22;2t[22;1t[27m[23m[29m[m[H[2J[?25l[29;1H"rotate.c" 19L, 326C[2;1Hâ–½[6n[2;1H  [1;1H[>c]10;?]11;?[1;1H[95m#include [m[95m<limits.h>[m

[94minline[m [94munsigned[m
rotl([94munsigned[m x, [94mint[m shift)
{
  [31mreturn[m (x << shift) | (x >> ([31msizeof[m(x)*[95mCHAR_BIT[m - shift));
}

[94minline[m [94munsigned[m
rotr([94munsigned[m x, [94mint[m shift)
{
  [31mreturn[m (x >> shift) | (x << ([31msizeof[m(x)*[95mCHAR_BIT[m - shift));
}

[94munsigned[m
f([94munsigned[m a, [94munsigned[m b, [94munsigned[m n)
{
  [31mreturn[m rotl(a, n) + rotr(b, n);
}
[94m~                                                                                                                              [21;1H~                                                                                                                              [22;1H~                                                                                                                              [23;1H~                                                                                                                              [24;1H~                                                                                                                              [25;1H~                                                                                                                              [26;1H~                                                                                                                              [27;1H~                                                                                                                              [28;1H~                                                                                                                              [m[29;110H1,1[11CAll]2;rotate.c (~/projects/i220a/submit/lab8/exercises/rotate) - VIM]1;rotate.c[1;1H[?25hP+q436f\P+q6b75\P+q6b64\P+q6b72\P+q6b6c\P+q2332\P+q2334\P+q2569\P+q2a37\P+q6b31\[?25l[29;1H[K[29;1H:[?2004h[?25hq[?25l[?25hw[?25l[?25h[?25l[29;3H[K[29;3H[?25h[?25l[?2004l]2;Terminal - ]1;Terminal - [23;2t[23;1t[22;2t[22;1t[23;2t[23;1t[29;1H[K[29;1H[?2004l[?1l>[?25h[?1049l[23;0;0tdorbach1@g7-26:~/i220a/submit/lab8/exercises/rotate$ make
cc -S -Wall -Og -std=c18 rotate.c
dorbach1@g7-26:~/i220a/submit/lab8/exercises/rotate$ ls
Makefile  rotate.c  rotate.s
dorbach1@g7-26:~/i220a/submit/lab8/exercises/rotate$ vi rott[Kate.s
[?2004h[?1049h[22;0;0t[?1h=[?2004h[1;29r[?12h[?12l[22;2t[22;1t[27m[23m[29m[m[H[2J[?25l[29;1H"rotate.s" 17L, 271C[2;1Hâ–½[6n[2;1H  [1;1H[>c]10;?]11;?[1;9H[31m.file[m   "[94mrotate[m[31m.c[m"[2;9H[31m.text[3;9H.globl[m  [94mf[m[4;9H[31m.type[m   [94mf[m, @[94mfunction
f[m:
[31m.LFB2[m:[7;9H[31m.cfi_startproc[m[8;9H[94mmovl[m    %[94medx[m, %[94mecx[9;9Hroll[m    %[94mcl[m, %[94medi[10;9Hrorl[m    %[94mcl[m, %[94mesi[11;9Hleal[m    (%[94mrdi[m,%[94mrsi[m), %[94meax[12;9Hret[m[13;9H[31m.cfi_endproc
.LFE2[m:[15;9H[31m.size[m   [94mf[m, .-[94mf[m[16;9H[31m.ident[m  "[94mGCC[m: ([94mDebian[m [95m8[m.[95m3[m.0-[95m6[m) [95m8[m.[95m3[m.0"[17;9H[31m.section[8C.note.GNU-stack[m,"",@[94mprogbits
~                                                                                                                              [19;1H~                                                                                                                              [20;1H~                                                                                                                              [21;1H~                                                                                                                              [22;1H~                                                                                                                              [23;1H~                                                                                                                              [24;1H~                                                                                                                              [25;1H~                                                                                                                              [26;1H~                                                                                                                              [27;1H~                                                                                                                              [28;1H~                                                                                                                              [m[29;110H1,2-9[9CAll]2;rotate.s (~/projects/i220a/submit/lab8/exercises/rotate) - VIM]1;rotate.s[1;9H[?25hP+q436f\P+q6b75\P+q6b64\P+q6b72\P+q6b6c\P+q2332\P+q2334\P+q2569\P+q2a37\P+q6b31\[?25l[29;110H2[2;9H[?25h[?25l[29;110H3[3;9H[?25h[?25l[29;110H4[4;9H[?25h[?25l[29;110H5,2  [5;2H[?25h[?25l[29;110H6,6[6;6H[?25h[?25l[29;110H7,2-9[7;9H[?25h[?25l[29;110H8[8;9H[?25h[?25l[29;110H9[9;9H[?25h[?25l[29;110H10,2-9[10;9H[?25h[?25l[29;111H1[11;9H[?25h[?25l[29;111H2[12;9H[?25h[?25l[29;111H3[13;9H[?25h[?25l[29;111H4,6  [14;6H[?25h[?25l[29;111H5,2-9[15;9H[?25h[?25l[29;111H6[16;9H[?25h[?25l[29;111H7[17;9H[?25h[?25l[29;111H6[16;9H[?25h[?25l[29;111H5[15;9H[?25h[?25l[29;111H4,6  [14;6H[?25h[?25l[29;111H3,2-9[13;9H[?25h[?25l[29;111H2[12;9H[?25h[?25l[29;111H1[11;9H[?25h[?25l[29;111H0[10;9H[?25h[?25l[29;110H9,2-9 [9;9H[?25h[?25l[29;110H8[8;9H[?25h[?25l[29;110H7[7;9H[?25h[?25l[29;110H8[8;9H[?25h[?25l[29;110H9[9;9H[?25h[?25l[29;110H10,2-9[10;9H[?25h[?25l[29;111H1[11;9H[?25h[?25l[29;111H2[12;9H[?25h[?25l[29;111H3[13;9H[?25h[?25l[29;111H4,6  [14;6H[?25h[?25l[29;111H5,2-9[15;9H[?25h[?25l[29;111H6[16;9H[?25h[?25l[29;111H7[17;9H[?25h[?25l[29;111H6[16;9H[?25h[?25l[29;111H5[15;9H[?25h[?25l[29;111H4,6  [14;6H[?25h[?25l[29;111H3,2-9[13;9H[?25h[?25l[29;111H2[12;9H[?25h[?25l[29;111H1[11;9H[?25h[?25l[29;111H0[10;9H[?25h[?25l[29;110H9,2-9 [9;9H[?25h[?25l[29;110H8[8;9H[?25h[?25l[29;110H7[7;9H[?25h[?25l[29;1H[K[29;1H:[?2004h[?25hq[?25l[?25h[?25l[?2004l]2;Terminal - ]1;Terminal - [23;2t[23;1t[22;2t[22;1t[23;2t[23;1t[29;1H[K[29;1H[?2004l[?1l>[?25h[?1049l[23;0;0tdorbach1@g7-26:~/i220a/submit/lab8/exercises/rotate$ vi rotate.c
[?2004h[?1049h[22;0;0t[?1h=[?2004h[1;29r[?12h[?12l[22;2t[22;1t[27m[23m[29m[m[H[2J[?25l[29;1H"rotate.c" 19L, 326C[2;1Hâ–½[6n[2;1H  [1;1H[>c]10;?]11;?[1;1H[95m#include [m[95m<limits.h>[m

[94minline[m [94munsigned[m
rotl([94munsigned[m x, [94mint[m shift)
{
  [31mreturn[m (x << shift) | (x >> ([31msizeof[m(x)*[95mCHAR_BIT[m - shift));
}

[94minline[m [94munsigned[m
rotr([94munsigned[m x, [94mint[m shift)
{
  [31mreturn[m (x >> shift) | (x << ([31msizeof[m(x)*[95mCHAR_BIT[m - shift));
}

[94munsigned[m
f([94munsigned[m a, [94munsigned[m b, [94munsigned[m n)
{
  [31mreturn[m rotl(a, n) + rotr(b, n);
}
[94m~                                                                                                                              [21;1H~                                                                                                                              [22;1H~                                                                                                                              [23;1H~                                                                                                                              [24;1H~                                                                                                                              [25;1H~                                                                                                                              [26;1H~                                                                                                                              [27;1H~                                                                                                                              [28;1H~                                                                                                                              [m[29;110H1,1[11CAll]2;rotate.c (~/projects/i220a/submit/lab8/exercises/rotate) - VIM]1;rotate.c[1;1H[?25hP+q436f\P+q6b75\P+q6b64\P+q6b72\P+q6b6c\P+q2332\P+q2334\P+q2569\P+q2a37\P+q6b31\[?25l[29;1H[K[29;1H:[?2004h[?25hq[?25l[?25h[?25l[?2004l]2;Terminal - ]1;Terminal - [23;2t[23;1t[22;2t[22;1t[23;2t[23;1t[29;1H[K[29;1H[?2004l[?1l>[?25h[?1049l[23;0;0tdorbach1@g7-26:~/i220a/submit/lab8/exercises/rotate$ vi rotate.s
[?2004h[?1049h[22;0;0t[?1h=[?2004h[1;29r[?12h[?12l[22;2t[22;1t[27m[23m[29m[m[H[2J[?25l[29;1H"rotate.s" 17L, 271C[2;1Hâ–½[6n[2;1H  [1;1H[>c]10;?]11;?[1;9H[31m.file[m   "[94mrotate[m[31m.c[m"[2;9H[31m.text[3;9H.globl[m  [94mf[m[4;9H[31m.type[m   [94mf[m, @[94mfunction
f[m:
[31m.LFB2[m:[7;9H[31m.cfi_startproc[m[8;9H[94mmovl[m    %[94medx[m, %[94mecx[9;9Hroll[m    %[94mcl[m, %[94medi[10;9Hrorl[m    %[94mcl[m, %[94mesi[11;9Hleal[m    (%[94mrdi[m,%[94mrsi[m), %[94meax[12;9Hret[m[13;9H[31m.cfi_endproc
.LFE2[m:[15;9H[31m.size[m   [94mf[m, .-[94mf[m[16;9H[31m.ident[m  "[94mGCC[m: ([94mDebian[m [95m8[m.[95m3[m.0-[95m6[m) [95m8[m.[95m3[m.0"[17;9H[31m.section[8C.note.GNU-stack[m,"",@[94mprogbits
~                                                                                                                              [19;1H~                                                                                                                              [20;1H~                                                                                                                              [21;1H~                                                                                                                              [22;1H~                                                                                                                              [23;1H~                                                                                                                              [24;1H~                                                                                                                              [25;1H~                                                                                                                              [26;1H~                                                                                                                              [27;1H~                                                                                                                              [28;1H~                                                                                                                              [m[29;110H1,2-9[9CAll]2;rotate.s (~/projects/i220a/submit/lab8/exercises/rotate) - VIM]1;rotate.s[1;9H[?25hP+q436f\P+q6b75\P+q6b64\P+q6b72\P+q6b6c\P+q2332\P+q2334\P+q2569\P+q2a37\P+q6b31\[?25l[29;110H2[2;9H[?25h[?25l[29;110H3[3;9H[?25h[?25l[29;110H4[4;9H[?25h[?25l[29;110H5,2  [5;2H[?25h[?25l[29;110H6,6[6;6H[?25h[?25l[29;110H7,2-9[7;9H[?25h[?25l[29;110H6,6  [6;6H[?25h[?25l[29;112H5[6;5H[?25h[?25l[29;112H4[6;4H[?25h[?25l[29;112H3[6;3H[?25h[?25l[29;112H2[6;2H[?25h[?25l[29;112H1[6;1H[?25h[?25l[29;110H7,1-8[7;8H[?25h[?25l[29;110H8[8;8H[?25h[?25l[29;110H9[9;8H[?25h[?25l[29;110H10,1-8[10;8H[?25h[?25l[29;110H9,1-8 [9;8H[?25h[?25l[29;110H8[8;8H[?25h[?25l[29;110H7[7;8H[?25h[?25l[29;110H6,1  [6;1H[?25h[?25l[29;110H7,1-8[7;8H[?25h[?25l[29;110H8[8;8H[?25h[?25l[29;110H9[9;8H[?25h[?25l[29;110H10,1-8[10;8H[?25h[?25l[29;111H1[11;8H[?25h[?25l[29;111H2[12;8H[?25h[?25l[29;111H3[13;8H[?25h[?25l[29;111H4,1  [14;1H[?25h[?25l[29;111H5,1-8[15;8H[?25h[?25l[29;111H6[16;8H[?25h[?25l[29;111H5[15;8H[?25h[?25l[29;113H2-9[15;9H[?25h[?25l[29;113H3-10[15;10H[?25h[?25l[29;113H4-11[15;11H[?25h[?25l[29;113H5-12[15;12H[?25h[?25l[29;113H6-13[15;13H[?25h[?25l[29;113H7-16[15;16H[?25h[?25l[29;113H8-17[15;17H[?25h[?25l[29;113H9-18[15;18H[?25h[?25l[29;113H10-19[15;19H[?25h[?25l[29;114H1-20[15;20H[?25h[?25l[29;114H2-21[15;21H[?25h[?25l[29;114H3-22[15;22H[?25h[?25l[29;111H6,14[16;22H[?25h[?25l[29;111H7,10-24[17;24H[?25h[?25l[29;111H6,14-22[16;22H[?25h[?25l[29;111H5,13[15;22H[?25h[?25l[29;111H4,6    [14;6H[?25h[?25l[29;111H3,13-20[13;20H[?25h[?25l[29;111H2,4-11 [12;11H[?25h[?25l[29;111H1,12-22[11;22H[?25h[?25l[29;111H0[10;22H[?25h[?25l[29;110H9,12-22 [9;22H[?25h[?25l[29;110H8[8;22H[?25h[?25l[29;110H7,15[7;22H[?25h[?25l[29;110H8,12[8;22H[?25h[?25l[29;110H9[9;22H[?25h[?25l[29;113H1-21[9;21H[?25h[?25l[29;110H8[8;21H[?25h[?25l[29;113H0-20[8;20H[?25h[?25l[29;110H7,13[7;20H[?25h[?25l[29;113H2-19[7;19H[?25h[?25l[29;1H[K[29;1H:[?2004h[?25hq[?25l[?25h[?25l[?2004l]2;Terminal - ]1;Terminal - [23;2t[23;1t[22;2t[22;1t[23;2t[23;1t[29;1H[K[29;1H[?2004l[?1l>[?25h[?1049l[23;0;0tdorbach1@g7-26:~/i220a/submit/lab8/exercises/rotate$ cd ../cpuid
bash: cd: ../cpuid: No such file or directory
dorbach1@g7-26:~/i220a/submit/lab8/exercises/rotate$ cd ..
dorbach1@g7-26:~/i220a/submit/lab8/exercises$ ls
1  2  3  4  5  6  cpuid1  cpuid2  parity  rip  rotate  rsp
dorbach1@g7-26:~/i220a/submit/lab8/exercises$ cd spui[K[K[K[Kcpuid1
dorbach1@g7-26:~/i220a/submit/lab8/exercises/cpuid1$ ls
cpuid.s  main.c  Makefile
dorbach1@g7-26:~/i220a/submit/lab8/exercises/cpuid1$ vi cpuid,[K.s
[?2004h[?1049h[22;0;0t[?1h=[?2004h[1;29r[?12h[?12l[22;2t[22;1t[27m[23m[29m[m[H[2J[?25l[29;1H"cpuid.s" 19L, 546C[2;1Hâ–½[6n[2;1H  [1;1H[>c]10;?]11;?[1;1H[91m#get_cpuid(int *eaxP, int *ebxP, int *ecxP, int *edxP).
#rdi = eaxP, rsi = ebxP, rdx = edxP, rcx = ecxP[m[3;9H[31m.text[4;9H.globl[m [94mget_cpuid
get_cpuid[m:[6;9H[94mpushq[m   %[94mrcx[7;9Hpushq[m   %[94mrdx[8;9Hxorl[m    %[94meax[m, %[94meax[m      [91m#setup cpuid opcode to 0[m[9;9H[94mcpuid[m[10;9H[91m#largest param in %eax[11;9H#12-char manufacturer string in ebx, edx, ecx.[m[12;9H[94mmovl[m    %[94meax[m, (%[94mrdi[m)    [91m#store eax cpuid result[m[13;9H[94mmovl[m    %[94mebx[m, (%[94mrsi[m)    [91m#store ebx cpuid result[m[14;9H[94mpopq[m    %[94mrax[m[12C[91m#pop address for edxP[m[15;9H[94mmovl[m    %[94medx[m, (%[94mrax[m)    [91m#store edx cpuid result[m[16;9H[94mpopq[m    %[94mrax[m[12C[91m#pop address for ecxP[m[17;9H[94mmovl[m    %[94mecx[m, (%[94mrax[m)    [91m#store ecx cpuid result[m[18;9H[94mret

~                                                                                                                              [21;1H~                                                                                                                              [22;1H~                                                                                                                              [23;1H~                                                                                                                              [24;1H~                                                                                                                              [25;1H~                                                                                                                              [26;1H~                                                                                                                              [27;1H~                                                                                                                              [28;1H~                                                                                                                              [m[29;110H1,1[11CAll]2;cpuid.s (~/projects/i220a/submit/lab8/exercises/cpuid1) - VIM]1;cpuid.s[1;1H[?25hP+q436f\P+q6b75\P+q6b64\P+q6b72\P+q6b6c\P+q2332\P+q2334\P+q2569\P+q2a37\P+q6b31\[?25l[29;110H2[2;1H[?25h[?25l[29;110H3,1-8[3;8H[?25h[?25l[29;110H4[4;8H[?25h[?25l[29;110H5,1  [5;1H[?25h[?25l[29;110H6,1-8[6;8H[?25h[?25l[29;110H7[7;8H[?25h[?25l[29;110H8[8;8H[?25h[?25l[29;110H7[7;8H[?25h[?25l[29;110H6[6;8H[?25h[?25l[29;110H5,1  [5;1H[?25h[?25l[29;110H4,1-8[4;8H[?25h[?25l[29;110H3[3;8H[?25h[?25l[29;110H2,1  [2;1H[?25h[?25l[29;110H1[1;1H[?25h[?25l[29;112H2[1;2H[?25h[?25l[29;112H3[1;3H[?25h[?25l[29;112H4[1;4H[?25h[?25l[29;112H5[1;5H[?25h[?25l[29;112H6[1;6H[?25h[?25l[29;112H7[1;7H[?25h[?25l[29;112H8[1;8H[?25h[?25l[29;112H9[1;9H[?25h[?25l[29;112H10[1;10H[?25h[?25l[1C[91m[106m([42C)[m[29;113H1[1;11H[?25h[?25l[91m([42C)[m[29;113H2[1;12H[?25h[?25l[29;113H3[1;13H[?25h[?25l[29;113H4[1;14H[?25h[?25l[29;113H5[1;15H[?25h[?25l[29;113H6[1;16H[?25h[?25l[29;113H7[1;17H[?25h[?25l[29;113H8[1;18H[?25h[?25l[29;113H9[1;19H[?25h[?25l[29;112H20[1;20H[?25h[?25l[29;113H1[1;21H[?25h[?25l[29;113H2[1;22H[?25h[?25l[29;113H3[1;23H[?25h[?25l[29;113H4[1;24H[?25h[?25l[29;113H5[1;25H[?25h[?25l[29;113H6[1;26H[?25h[?25l[29;110H2[2;26H[?25h[?25l[29;113H5[2;25H[?25h[?25l[29;113H4[2;24H[?25h[?25l[29;113H3[2;23H[?25h[?25l[29;113H2[2;22H[?25h[?25l[29;113H1[2;21H[?25h[?25l[29;113H0[2;20H[?25h[?25l[29;112H19[2;19H[?25h[?25l[29;113H8[2;18H[?25h[?25l[29;113H7[2;17H[?25h[?25l[29;113H6[2;16H[?25h[?25l[29;113H5[2;15H[?25h[?25l[29;113H4[2;14H[?25h[?25l[29;113H3[2;13H[?25h[?25l[29;113H2[2;12H[?25h[?25l[29;113H1[2;11H[?25h[?25l[29;113H0[2;10H[?25h[?25l[29;112H9 [2;9H[?25h[?25l[29;112H8[2;8H[?25h[?25l[29;112H7[2;7H[?25h[?25l[29;112H6[2;6H[?25h[?25l[29;112H5[2;5H[?25h[?25l[29;112H4[2;4H[?25h[?25l[29;112H3[2;3H[?25h[?25l[29;112H2[2;2H[?25h[?25l[29;112H1[2;1H[?25h[?25l[29;1H[K[29;1H:[?2004h[?25hq[?25l[?25h[?25l[?2004l]2;Terminal - ]1;Terminal - [23;2t[23;1t[22;2t[22;1t[23;2t[23;1t[29;1H[K[29;1H[?2004l[?1l>[?25h[?1049l[23;0;0tdorbach1@g7-26:~/i220a/submit/lab8/exercises/cpuid1$ make
cc -g -Wall -std=c18 -Og   -c -o main.o main.c
cc -c -g -Wall -std=c18 -Og cpuid.s -o cpuid.o
cc main.o cpuid.o -o cpuid
dorbach1@g7-26:~/i220a/submit/lab8/exercises/cpuid1$ ,.[K[K./cupid
bash: ./cupid: No such file or directory
dorbach1@g7-26:~/i220a/submit/lab8/exercises/cpuid1$ ./cupid[K[K[K[Kpuid
cpuid: eax = 0xd; ebx = 0x756e6547; edx = 0x49656e69; ecx = 0x6c65746e
vendor: GenuineIntel
dorbach1@g7-26:~/i220a/submit/lab8/exercises/cpuid1$ cd ..
dorbach1@g7-26:~/i220a/submit/lab8/exercises$ ks[K[Kls
1  2  3  4  5  6  cpuid1  cpuid2  parity  rip  rotate  rsp
dorbach1@g7-26:~/i220a/submit/lab8/exercises$ cd sp[K[Kcpuid2
dorbach1@g7-26:~/i220a/submit/lab8/exercises/cpuid2$ ls 
cpuid.s  main.c  Makefile
dorbach1@g7-26:~/i220a/submit/lab8/exercises/cpuid2$ c[Kvi mainc[K.c
[?2004h[?1049h[22;0;0t[?1h=[?2004h[1;29r[?12h[?12l[22;2t[22;1t[27m[23m[29m[m[H[2J[?25l[29;1H"main.c" 43L, 1271C[2;1Hâ–½[6n[2;1H  [1;1H[>c]10;?]11;?[1;1H[95m#include [m[95m<stdio.h>[m
[95m#include [m[95m<stdlib.h>[m

[91m/** External routine which returns cpuid info for op in *eax, *ebx,
 *  *ecx, *edx (corresponding to values returned in like-named
 *  registers by x86 cpuid instruction).
 */[m
[94mvoid[m get_cpuid([94mint[m op, [94mint[m *eax, [94mint[m *ebx, [94mint[m *ecx, [94mint[m *edx);

[91m/** Decode vendor string in ebx:edx:ecx into vendor_string (which
 *  is assumed to be large enough.
 */[m
[94mstatic[m [94mvoid[m
decode_vendor_string([94mint[m ebx, [94mint[m ecx, [94mint[m edx, [94mchar[m *vendor_string)
{
  *( (([94mint[m *)vendor_string) + [95m0[m ) = ebx;
  *( (([94mint[m *)vendor_string) + [95m1[m ) = edx;
  *( (([94mint[m *)vendor_string) + [95m2[m ) = ecx;
  *([94mchar[m *)((([94mint[m *)vendor_string + [95m3[m)) = [95m'\0'[m;
}

[91m/** Output cpuid for op specified by first command-line argument on
 *  stdout. If op is 0, decode and output vendor info too.
 */[m
[94mint[m
main([94mint[m argc, [94mconst[m [94mchar[m *argv[])
{
  [31mif[m (argc != [95m2[m) {[29;110H1,1[11CTop]2;main.c (~/projects/i220a/submit/lab8/exercises/cpuid2) - VIM]1;main.c[1;1H[?25hP+q436f\P+q6b75\P+q6b64\P+q6b72\P+q6b6c\P+q2332\P+q2334\P+q2569\P+q2a37\P+q6b31\[?25l[29;110H2[2;1H[?25h[?25l[29;110H3,0-1[3;1H[?25h[?25l[29;110H4,1  [4;1H[?25h[?25l[29;110H5[5;1H[?25h[?25l[29;110H6[6;1H[?25h[?25l[29;110H7[7;1H[?25h[?25l[29;110H8[8;1H[?25h[?25l[29;110H9,0-1[9;1H[?25h[?25l[29;110H10,1 [10;1H[?25h[?25l[29;111H1[11;1H[?25h[?25l[29;111H2[12;1H[?25h[?25l[29;111H3[13;1H[?25h[?25l[29;111H4[14;1H[?25h[?25l
[106m{[20;1H}[m[29;111H5[15;1H[?25h[?25l{[20;1H}[29;111H6[16;1H[?25h[?25l[29;111H7[17;1H[?25h[?25l[29;111H8[18;1H[?25h[?25l[29;111H9[19;1H[?25h[?25l[15;1H[106m{[20;1H}[m[29;110H20[20;1H[?25h[?25l[15;1H{[20;1H}[29;111H1,0-1[21;1H[?25h[?25l[29;111H2,1  [22;1H[?25h[?25l[29;111H3[23;1H[?25h[?25l[29;111H4[24;1H[?25h[?25l[29;111H5[25;1H[?25h[?25l[29;111H6[26;1H[?25h[?25l[29;111H7[27;1H[?25h[?25l[29;111H8[28;1H[?25h[?25l[1;28r[28;1H
[1;29r[28;5Hfprintf([95mstderr[m, [95m"usage: %s CPUID_OP\n"[m, argv[[95m0[m]);[29;1H[K[29;110H29,1[11C6%[28;1H[?25h[?25l[1;28r[28;1H
[1;29r[28;5Hexit([95m1[m);[29;110H[K[29;110H30,1[10C13%[28;1H[?25h[?25l[1;28r[28;1H
[1;29r[28;3H}[29;110H[K[29;110H31,1[10C20%[28;1H[?25h[?25l[1;28r[28;1H
[1;29r[28;3H[94mint[m op = atoi(argv[[95m1[m]);[29;110H[K[29;110H32,1[10C26%[28;1H[?25h[?25l[1;28r[28;1H
[1;29r[28;3H[94mint[m eax, ebx, ecx, edx;[29;110H[K[29;110H33,1[10C33%[28;1H[?25h[?25l[1;28r[28;1H
[1;29r[28;3Hget_cpuid(op, &eax, &ebx, &ecx, &edx);[29;110H[K[29;110H34,1[10C40%[28;1H[?25h[?25l[1;28r[28;1H
[1;29r[28;3Hprintf([95m"cpuid(%d): eax = 0x%x; ebx = 0x%x; edx = 0x%x; ecx = 0x%x\n"[m,[29;110H[K[29;110H35,1[10C46%[28;1H[?25h[?25l[1;28r[28;1H
[1;29r[28;10Hop, eax, ebx, edx, ecx);[29;110H[K[29;110H36,1[10C53%[28;1H[?25h[?25l[1;28r[28;1H
[1;29r[28;3H[31mif[m (op == [95m0[m) {[29;110H[K[29;110H37,1[10C60%[28;1H[?25h[?25l[1;28r[28;1H
[1;29r[28;5H[94mchar[m vendor_string[[95m3[m*[95m4[m + [95m1[m];[29;110H[K[29;110H38,1[10C66%[28;1H[?25h[?25l[1;28r[28;1H
[1;29r[28;5Hdecode_vendor_string(ebx, ecx, edx, vendor_string);[29;110H[K[29;110H39,1[10C73%[28;1H[?25h[?25l[1;28r[28;1H
[1;29r[28;5Hprintf([95m"vendor: %s\n"[m, vendor_string);[29;110H[K[29;110H40,1[10C80%[28;1H[?25h[?25l[1;28r[28;1H
[1;29r[28;3H}[29;110H[K[29;110H41,1[10C86%[28;1H[?25h[?25l[1;28r[28;1H
[1;29r[28;3H[31mreturn[m [95m0[m;[29;110H[K[29;110H42,1[10C93%[28;1H[?25h[?25l[1;28r[28;1H
[1;29r[12;1H[106m{[28;1H}[m[29;110H[K[29;110H43,1[10CBot[28;1H[?25h[?25l[12;1H{[28;1H}[29;111H2[27;1H[?25h[?25l[29;111H1[26;1H[?25h[?25l[29;111H0[25;1H[?25h[?25l[29;110H39[24;1H[?25h[?25l[29;111H8[23;1H[?25h[?25l[29;111H7[22;1H[?25h[?25l[29;111H6[21;1H[?25h[?25l[29;111H5[20;1H[?25h[?25l[29;111H4[19;1H[?25h[?25l[29;111H3[18;1H[?25h[?25l[29;111H2[17;1H[?25h[?25l[29;111H1[16;1H[?25h[?25l[29;111H0[15;1H[?25h[?25l[29;110H29[14;1H[?25h[?25l[29;111H8[13;1H[?25h[?25l[12;1H[106m{[28;1H}[m[29;111H7[12;1H[?25h[?25l{[28;1H}[29;111H6[11;1H[?25h[?25l[29;111H5[10;1H[?25h[?25l[29;111H4[9;1H[?25h[?25l[29;111H3[8;1H[?25h[?25l[29;111H2[7;1H[?25h[?25l[29;111H1,0-1[6;1H[?25h[?25l[29;111H0,1  [5;1H[?25h[?25l[29;110H19[4;1H[?25h[?25l[29;111H8[3;1H[?25h[?25l[29;111H7[2;1H[?25h[?25l[29;111H6[1;1H[?25h[?25l[6;28r[6;1H[L[1;29r[1;1H[106m{[m[1;3H[K[2;31H[95m0[m ) = eb[3;31H[95m1[m ) = ed
  *( (([94mint[m *)vendor_string) + [95m2[m ) = ecx;[4;41H[K[5;1H  *([94mchar[m *)((([94mint[m *)vendor_string + [95m3[m)) = [95m'\0'[m;
[106m}[m[29;110H[K[29;110H15,1[10C93%[1;1H[?25h[?25l[1;28r[1;1H[L[1;29r[1;1Hdecode_vendor_string([94mint[m ebx, [94mint[m ecx, [94mint[m edx, [94mchar[m *vendor_string)
{[7;1H}[29;110H[K[29;110H14,1[10C86%[1;1H[?25h[?25l[1;28r[1;1H[L[1;29r[1;1H[94mstatic[m [94mvoid[m[29;110H[K[29;110H13,1[10C80%[1;1H[?25h[?25l[1;28r[1;1H[L[1;29r[1;1H[91m */[m[29;110H[K[29;110H12,1[10C73%[1;1H[?25h[?25l[1;28r[1;1H[L[1;29r[1;1H[91m *  is assumed to be large enough.[m[29;110H[K[29;110H11,1[10C66%[1;1H[?25h[?25l[1;28r[1;1H[L[1;29r[1;1H[91m/** Decode vendor string in ebx:edx:ecx into vendor_string (which[m[29;110H[K[29;110H10,1[10C60%[1;1H[?25h[?25l[1;28r[1;1H[L[1;29r[29;110H[K[29;110H9,0-1[9C53%[1;1H[?25h[?25l[1;28r[1;1H[L[1;29r[1;1H[94mvoid[m get_cpuid([94mint[m op, [94mint[m *eax, [94mint[m *ebx, [94mint[m *ecx, [94mint[m *edx);[29;110H[K[29;110H8,1[11C46%[1;1H[?25h[?25l[1;28r[1;1H[L[1;29r[1;1H[91m */[m[29;110H[K[29;110H7,1[11C40%[1;1H[?25h[?25l[1;28r[1;1H[L[1;29r[1;1H[91m *  registers by x86 cpuid instruction).[m[29;110H[K[29;110H6,1[11C33%[1;1H[?25h[?25l[1;28r[1;1H[L[1;29r[1;1H[91m *  *ecx, *edx (corresponding to values returned in like-named[m[29;110H[K[29;110H5,1[11C26%[1;1H[?25h[?25l[1;28r[1;1H[L[1;29r[1;1H[91m/** External routine which returns cpuid info for op in *eax, *ebx,[m[29;110H[K[29;110H4,1[11C20%[1;1H[?25h[?25l[1;28r[1;1H[L[1;29r[29;110H[K[29;110H3,0-1[9C13%[1;1H[?25h[?25l[1;28r[1;1H[L[1;29r[1;1H[95m#include [m[95m<stdlib.h>[m[29;110H[K[29;110H2,1[12C6%[1;1H[?25h[?25l[1;28r[1;1H[L[1;29r[1;1H[95m#include [m[95m<stdio.h>[m[29;110H[K[29;110H1,1[11CTop[1;1H[?25h[?25l[29;110H2[2;1H[?25h[?25l[29;110H3,0-1[3;1H[?25h[?25l[29;110H4,1  [4;1H[?25h[?25l[29;110H5[5;1H[?25h[?25l[29;110H6[6;1H[?25h[?25l[29;110H7[7;1H[?25h[?25l[29;110H8[8;1H[?25h[?25l[29;110H9,0-1[9;1H[?25h[?25l[29;110H10,1 [10;1H[?25h[?25l[29;111H1[11;1H[?25h[?25l[29;111H2[12;1H[?25h[?25l[29;111H3[13;1H[?25h[?25l[29;111H4[14;1H[?25h[?25l
[106m{[20;1H}[m[29;111H5[15;1H[?25h[?25l[29;110H[K[29;1H:[?2004h[?25hq[?25l[?25h[?25l[?2004l]2;Terminal - ]1;Terminal - [23;2t[23;1t[22;2t[22;1t[23;2t[23;1t[29;1H[K[29;1H[?2004l[?1l>[?25h[?1049l[23;0;0tdorbach1@g7-26:~/i220a/submit/lab8/exercises/cpuid2$ vi [K[K[Kls
cpuid.s  main.c  Makefile
dorbach1@g7-26:~/i220a/submit/lab8/exercises/cpuid2$ vi cpuid.s
[?2004h[?1049h[22;0;0t[?1h=[?2004h[1;29r[?12h[?12l[22;2t[22;1t[27m[23m[29m[m[H[2J[?25l[29;1H"cpuid.s" 19L, 581C[2;1Hâ–½[6n[2;1H  [1;1H[>c]10;?]11;?[1;1H[91m#Currently get_cpuid(int *eax, int *ebx, int *ecx, int *edx).
#Modify to get_cpuid(int cpuid_op, int *eax, int *ebx, int *ecx, int *edx).     [m[3;9H[31m.text[4;9H.globl[m [94mget_cpuid
get_cpuid[m:[6;9H[94mpushq[m   %[94mrcx[7;9Hpushq[m   %[94mrdx[8;9Hxorl[m    %[94meax[m, %[94meax[m      [91m#setup cpuid opcode to 0[m[9;9H[94mcpuid[m[10;9H[91m#largest param in %eax[11;9H#12-char manufacturer string in ebx, edx, ecx.[m[12;9H[94mmovl[m    %[94meax[m, (%[94mrdi[m)    [91m#store eax cpuid result[m[13;9H[94mmovl[m    %[94mebx[m, (%[94mrsi[m)    [91m#store ebx cpuid result[m[14;9H[94mpopq[m    %[94mrax[m[12C[91m#pop address for edxP[m[15;9H[94mmovl[m    %[94medx[m, (%[94mrax[m)    [91m#store edx cpuid result[m[16;9H[94mpopq[m    %[94mrax[m[12C[91m#pop address for ecxP[m[17;9H[94mmovl[m    %[94mecx[m, (%[94mrax[m)    [91m#store ecx cpuid result[m[18;9H[94mret

~                                                                                                                              [21;1H~                                                                                                                              [22;1H~                                                                                                                              [23;1H~                                                                                                                              [24;1H~                                                                                                                              [25;1H~                                                                                                                              [26;1H~                                                                                                                              [27;1H~                                                                                                                              [28;1H~                                                                                                                              [m[29;110H1,1[11CAll]2;cpuid.s (~/projects/i220a/submit/lab8/exercises/cpuid2) - VIM]1;cpuid.s[1;1H[?25hP+q436f\P+q6b75\P+q6b64\P+q6b72\P+q6b6c\P+q2332\P+q2334\P+q2569\P+q2a37\P+q6b31\[?25l[29;110H2[2;1H[?25h[?25l[29;110H3,1-8[3;8H[?25h[?25l[29;110H4[4;8H[?25h[?25l[29;110H5,1  [5;1H[?25h[?25l[29;110H6,1-8[6;8H[?25h[?25l[29;110H7[7;8H[?25h[?25l[29;110H8[8;8H[?25h[?25l[29;110H9[9;8H[?25h[?25l[29;110H10,1-8[10;8H[?25h[?25l[29;111H1[11;8H[?25h[?25l[29;111H2[12;8H[?25h[?25l[29;113H2-9[12;9H[?25h[?25l[29;113H3-10[12;10H[?25h[?25l[29;111H3[13;10H[?25h[?25l[29;111H4[14;10H[?25h[?25l[29;111H3[13;10H[?25h[?25l[29;111H2[12;10H[?25h[?25l[29;111H1[11;10H[?25h[?25l[29;111H0[10;10H[?25h[?25l[29;110H9,3-10 [9;10H[?25h[?25l[29;110H8[8;10H[?25h[?25l[29;110H7[7;10H[?25h[?25l[29;110H8[8;10H[?25h[?25l[29;110H9[9;10H[?25h[?25l[29;110H10,3-10[10;10H[?25h[?25l[29;110H9,3-10 [9;10H[?25h[?25l[29;110H8[8;10H[?25h[?25l[29;112H4-11[8;11H[?25h[?25l[29;112H5-12[8;12H[?25h[?25l[29;112H6-13[8;13H[?25h[?25l[29;112H7-16[8;16H[?25h[?25l[29;112H8-17[8;17H[?25h[?25l[29;112H9-18[8;18H[?25h[?25l[29;112H10-19[8;19H[?25h[?25l[29;113H1-20[8;20H[?25h[?25l[29;113H2-21[8;21H[?25h[?25l[29;113H3-22[8;22H[?25h[?25l[29;113H4-23[8;23H[?25h[?25l[29;113H5-24[8;24H[?25h[?25l[29;113H6-25[8;25H[?25h[?25l[29;113H7-26[8;26H[?25h[?25l[29;113H8-32[8;32H[?25h[?25l[29;113H9-33[8;33H[?25h[?25l[29;113H8-32[8;32H[?25h[?25l[29;113H7-26[8;26H[?25h[?25l[29;113H6-25[8;25H[?25h[?25l[29;113H7-26[8;26H[?25h[?25l[29;113H8-32[8;32H[?25h[?25l[29;110H9,6-13 [9;13H[?25h[?25l[29;110H8,18-32[8;32H[?25h[?25l[29;113H7-26[8;26H[?25h[?25l[29;1H[1m-- INSERT --[m[29;13H[K[29;110H8,17-26[7CAll[8;26H[?25h[?25l[29;113H8-27[8;27H[?25h[?25l[9;28r[9;1H[L[1;29r[8;33H[K[9;9H[91m#setup cpuid opcode to 0[m[29;110H[K[29;110H9,1[11CAll]2;cpuid.s + (~/projects/i220a/submit/lab8/exercises/cpuid2) - VIM]1;cpuid.s[9;1H[?25h[?25l[8;28r[28;1H
[1;29r[8;9H[94mxorl[m    %[94meax[m, %[94meax[m      [91m#setup cpuid opcode to 0[m[28;1H[94m~                                                                                                                              [m[29;110H[K[29;110H8,18-27[7CAll[8;27H[?25h[?25l[29;113H9-33[8;33H[?25h[?25l[29;112H20-34[8;34H[?25h[?25l[29;113H1-35[8;35H[?25h[?25l[29;113H2-36[8;36H[?25h[?25l[29;113H3-37[8;37H[?25h[?25l[29;113H4-38[8;38H[?25h[?25l[29;113H5-39[8;39H[?25h[?25l[29;113H6-40[8;40H[?25h[?25l[29;113H7-41[8;41H[?25h[?25l[29;113H8-42[8;42H[?25h[?25l[29;113H9-43[8;43H[?25h[?25l[29;112H30-44[8;44H[?25h[?25l[29;113H1-45[8;45H[?25h[?25l[29;113H2-46[8;46H[?25h[?25l[29;113H3-47[8;47H[?25h[?25l[29;113H4-48[8;48H[?25h[?25l[29;113H5-49[8;49H[?25h[?25l[29;113H6-50[8;50H[?25h[?25l[29;113H7-51[8;51H[?25h[?25l[29;113H8-52[8;52H[?25h[?25l[29;113H9-53[8;53H[?25h[?25l[29;112H40-54[8;54H[?25h[?25l[29;113H1-55[8;55H[?25h[?25l[29;113H2-56[8;56H[?25h[?25l[29;113H3-57[8;57H[?25h[?25l[9;28r[9;1H[L[1;29r[29;110H[K[29;110H9,1[11CAll[9;1H[?25h[?25l[29;112H2-9[9;9H[?25h[?25l[94mm[m[29;112H3-10[9;10H[?25h[?25l[94mo[m[29;112H4-11[9;11H[?25h[?25l[94mv[m[29;112H5-12[9;12H[?25h[?25l[94ml[m[29;112H6-13[9;13H[?25h[?25l[29;112H7-14[9;14H[?25h[?25l[29;112H8-15[9;15H[?25h[?25l[29;112H9-16[9;16H[?25h[?25l[29;112H10-17[9;17H[?25h[?25l%[29;113H1-18[9;18H[?25h[?25l[94mr[m[29;113H2-19[9;19H[?25h[?25l[94md[m[29;113H3-20[9;20H[?25h[?25l[94mi[m[29;113H4-21[9;21H[?25h[?25l,[29;113H5-22[9;22H[?25h[?25l[29;113H6-23[9;23H[?25h[?25l[94me[m[29;113H7-24[9;24H[?25h[?25l[94ma[m[29;113H8-25[9;25H[?25h[?25l[9;24H[K[29;113H7-24[9;24H[?25h[?25l[9;23H[K[29;113H6-23[9;23H[?25h[?25l%[29;113H7-24[9;24H[?25h[?25l[94me[m[29;113H8-25[9;25H[?25h[?25l[94ma[m[29;113H9-26[9;26H[?25h[?25l[94mx[m[29;112H20-27[9;27H[?25h[?25l[29;113H1-33[9;33H[?25h[?25l[91m#[m[29;113H2-34[9;34H[?25h[?25l[91mm[m[29;113H3-35[9;35H[?25h[?25l[91mo[m[29;113H4-36[9;36H[?25h[?25l[91mv[m[29;113H5-37[9;37H[?25h[?25l[91mi[m[29;113H6-38[9;38H[?25h[?25l[91mn[m[29;113H7-39[9;39H[?25h[?25l[91mg[m[29;113H8-40[9;40H[?25h[?25l[91m [m[29;113H9-41[9;41H[?25h[?25l[91mo[m[29;112H30-42[9;42H[?25h[?25l[91mp[m[29;113H1-43[9;43H[?25h[?25l[91mc[m[29;113H2-44[9;44H[?25h[?25l[91mo[m[29;113H3-45[9;45H[?25h[?25l[91md[m[29;113H4-46[9;46H[?25h[?25l[91me[m[29;113H5-47[9;47H[?25h[?25l[91m [m[29;113H6-48[9;48H[?25h[?25l[91mi[m[29;113H7-49[9;49H[?25h[?25l[91mn[m[29;113H8-50[9;50H[?25h[?25l[91mt[m[29;113H9-51[9;51H[?25h[?25l[91mo[m[29;112H40-52[9;52H[?25h[?25l[91m [m[29;113H1-53[9;53H[?25h[?25l[91mo[m[29;113H2-54[9;54H[?25h[?25l[9;53H[K[29;113H1-53[9;53H[?25h[?25l[9;52H[K[29;113H0-52[9;52H[?25h[?25l[91m [m[29;113H1-53[9;53H[?25h[?25l[91mc[m[29;113H2-54[9;54H[?25h[?25l[91mo[m[29;113H3-55[9;55H[?25h[?25l[91mr[m[29;113H4-56[9;56H[?25h[?25l[91mr[m[29;113H5-57[9;57H[?25h[?25l[91me[m[29;113H6-58[9;58H[?25h[?25l[91mc[m[29;113H7-59[9;59H[?25h[?25l[91mt[m[29;113H8-60[9;60H[?25h[?25l[91m [m[29;113H9-61[9;61H[?25h[?25l[91mp[m[29;112H50-62[9;62H[?25h[?25l[9;61H[K[29;112H49-61[9;61H[?25h[?25l[91mp[m[29;112H50-62[9;62H[?25h[?25l[91ml[m[29;113H1-63[9;63H[?25h[?25l[91ma[m[29;113H2-64[9;64H[?25h[?25l[91mc[m[29;113H3-65[9;65H[?25h[?25l[91me[m[29;113H4-66[9;66H[?25h[?25l[29;110H10,7-14[10;14H[?25h[?25l[29;111H1,24-31[11;31H[?25h[?25l[29;111H2,48-55[12;55H[?25h[?25l[29;111H3,43-56[13;56H[?25h[?25l[29;114H2-55[13;55H[?25h[?25l[29;114H1-54[13;54H[?25h[?25l[29;114H0-53[13;53H[?25h[?25l[29;113H39-52[13;52H[?25h[?25l[29;114H8-51[13;51H[?25h[?25l[29;114H7-50[13;50H[?25h[?25l[29;114H6-49[13;49H[?25h[?25l[29;114H5-48[13;48H[?25h[?25l[29;114H4-47[13;47H[?25h[?25l[29;114H3-46[13;46H[?25h[?25l[29;114H2-45[13;45H[?25h[?25l[29;114H1-44[13;44H[?25h[?25l[29;114H0-43[13;43H[?25h[?25l[29;113H29-42[13;42H[?25h[?25l[29;114H8-41[13;41H[?25h[?25l[29;114H7-40[13;40H[?25h[?25l[29;114H6-39[13;39H[?25h[?25l[29;114H5-38[13;38H[?25h[?25l[29;114H4-37[13;37H[?25h[?25l[29;114H3-36[13;36H[?25h[?25l[29;114H2-35[13;35H[?25h[?25l[29;114H1-34[13;34H[?25h[?25l[29;114H0-33[13;33H[?25h[?25l[13;23H[106m([4C)[m[29;113H19-29[13;29H[?25h[?25l[29;114H8-28[13;28H[?25h[?25l([4C)[29;114H7-27[13;27H[?25h[?25l[29;114H6-26[13;26H[?25h[?25l[29;114H5-25[13;25H[?25h[?25l[106m([4C)[m[29;114H4-24[13;24H[?25h[?25l([4C)[29;114H5-25[13;25H[?25h[?25l[29;114H6-26[13;26H[?25h[?25l[29;114H7-27[13;27H[?25h[?25l[94mi[m) [29;114H6-26[13;26H[?25h[?25l[94msi[m)[29;114H7-27[13;27H[?25h[?25l[29;111H4[14;27H[?25h[?25l[29;111H3[13;27H[?25h[?25l[29;111H4[14;27H[?25h[?25l[29;114H6-26[14;26H[?25h[?25l[29;114H5-25[14;25H[?25h[?25l[106m([4C)[m[29;114H4-24[14;24H[?25h[?25l[29;114H3-23[14;23H[?25h[?25l([4C)[29;114H2-22[14;22H[?25h[?25l[29;114H1-21[14;21H[?25h[?25l[29;114H0-20[14;20H[?25h[?25l[29;113H9-19 [14;19H[?25h[?25l[29;113H8-18[14;18H[?25h[?25l[29;113H7-17[14;17H[?25h[?25l[29;113H6-13[14;13H[?25h[?25l[29;113H5-12[14;12H[?25h[?25l[29;113H4-11[14;11H[?25h[?25l[29;113H3-10[14;10H[?25h[?25l[29;113H2-9 [14;9H[?25h[?25l[15;28r[15;1H[L[1;29r[14;9H[K[15;1H[94mmovl[m    %[94mebx[m, (%[94mrsi[m)    [91m#store ebx cpuid result[m[29;110H[K[29;110H15,1[10CAll[15;1H[?25h[?25l        [94mmovl[m    %[94mebx[m, (%[94mrsi[m)    [91m#store ebx cpuid result[m[29;113H2-9[15;9H[?25h[?25l[29;111H4[14;9H[?25h[?25l[29;111H3[13;9H[?25h[?25l[29;111H2[12;9H[?25h[?25l[29;111H1[11;9H[?25h[?25l[29;111H0[10;9H[?25h[?25l[29;110H9,2-9 [9;9H[?25h[?25l[29;110H8[8;9H[?25h[?25l[29;110H7[7;9H[?25h[?25l[29;110H6[6;9H[?25h[?25l[29;110H7[7;9H[?25h[?25l[29;110H8[8;9H[?25h[?25l[29;110H9[9;9H[?25h[?25l[29;110H10,2-9[10;9H[?25h[?25l[29;111H1[11;9H[?25h[?25l[29;113H3-10[11;10H[?25h[?25l[29;113H4-11[11;11H[?25h[?25l[29;113H5-12[11;12H[?25h[?25l[29;113H6-13[11;13H[?25h[?25l[29;113H7-14[11;14H[?25h[?25l[29;113H8-15[11;15H[?25h[?25l[29;113H9-16[11;16H[?25h[?25l[29;113H10-17[11;17H[?25h[?25l[29;114H1-18[11;18H[?25h[?25l[29;114H2-19[11;19H[?25h[?25l[29;114H3-20[11;20H[?25h[?25l[29;114H4-21[11;21H[?25h[?25l[29;114H5-22[11;22H[?25h[?25l[29;114H6-23[11;23H[?25h[?25l[29;114H7-24[11;24H[?25h[?25l[29;114H8-25[11;25H[?25h[?25l[29;111H2[12;25H[?25h[?25l[29;114H9-26[12;26H[?25h[?25l[29;113H20-27[12;27H[?25h[?25l[29;114H1-28[12;28H[?25h[?25l[29;114H2-29[12;29H[?25h[?25l[29;114H3-30[12;30H[?25h[?25l[29;114H4-31[12;31H[?25h[?25l[29;114H5-32[12;32H[?25h[?25l[29;114H6-33[12;33H[?25h[?25l[29;114H7-34[12;34H[?25h[?25l[29;114H8-35[12;35H[?25h[?25l[29;114H9-36[12;36H[?25h[?25l[29;113H30-37[12;37H[?25h[?25l[29;114H1-38[12;38H[?25h[?25l[29;114H2-39[12;39H[?25h[?25l[29;114H3-40[12;40H[?25h[?25l[29;114H4-41[12;41H[?25h[?25l[29;114H5-42[12;42H[?25h[?25l[29;114H6-43[12;43H[?25h[?25l[29;114H7-44[12;44H[?25h[?25l[29;114H8-45[12;45H[?25h[?25l[29;114H9-46[12;46H[?25h[?25l[29;113H40-47[12;47H[?25h[?25l[29;111H3,34[13;47H[?25h[?25l[29;111H4,2-9  [14;9H[?25h[?25l[29;111H5,34-47[15;47H[?25h[?25l[29;111H6,27[16;47H[?25h[?25l[29;111H5,34[15;47H[?25h[?25l[29;114H3-46[15;46H[?25h[?25l[29;114H2-45[15;45H[?25h[?25l[29;114H1-44[15;44H[?25h[?25l[29;114H0-43[15;43H[?25h[?25l[29;113H29-42[15;42H[?25h[?25l[29;114H8-41[15;41H[?25h[?25l[29;114H7-40[15;40H[?25h[?25l[29;114H6-39[15;39H[?25h[?25l[29;114H5-38[15;38H[?25h[?25l[29;114H4-37[15;37H[?25h[?25l[29;114H3-36[15;36H[?25h[?25l[29;114H2-35[15;35H[?25h[?25l[29;114H1-34[15;34H[?25h[?25l[29;114H0-33[15;33H[?25h[?25l[15;23H[106m([4C)[m[29;113H19-29[15;29H[?25h[?25l[29;114H8-28[15;28H[?25h[?25l([4C)[29;114H7-27[15;27H[?25h[?25l[29;111H4,2-9  [14;9H[?25h[?25l[29;111H3,17-27[13;27H[?25h[?25l[29;111H2,20[12;27H[?25h[?25l[29;111H1[11;27H[?25h[?25l[29;111H0,7-14 [10;14H[?25h[?25l[29;110H9,20-27[9;27H[?25h[?25l[29;110H8,18[8;27H[?25h[?25l[29;110H7,14-21[7;21H[?25h[?25l[29;110H6[6;21H[?25h[?25l[29;110H7[7;21H[?25h[?25l[29;110H8,18-27[8;27H[?25h[?25l[29;110H9,20[9;27H[?25h[?25l[29;110H10,7-14[10;14H[?25h[?25l[29;111H1,20-27[11;27H[?25h[?25l[29;111H2[12;27H[?25h[?25l[29;111H3,17[13;27H[?25h[?25l[29;111H4,2-9  [14;9H[?25h[?25l[29;111H5,17-27[15;27H[?25h[?25l[29;111H4,2-9  [14;9H[?25h[?25l[29;111H5,17-27[15;27H[?25h[?25l[29;111H6,12-25[16;25H[?25h[?25l[29;111H5,17-27[15;27H[?25h[?25l[29;111H4,2-9  [14;9H[?25h[?25l[94mp[m[29;113H3-10[14;10H[?25h[?25l[94mo[m[29;113H4-11[14;11H[?25h[?25l[94mp[m[29;113H5-12[14;12H[?25h[?25l[94mq[m[29;113H6-13[14;13H[?25h[?25l[29;113H7-14[14;14H[?25h[?25l[29;113H8-15[14;15H[?25h[?25l[29;113H9-16[14;16H[?25h[?25l[29;113H10-17[14;17H[?25h[?25l%[29;114H1-18[14;18H[?25h[?25l[94mr[m[29;114H2-19[14;19H[?25h[?25l[94ma[m[29;114H3-20[14;20H[?25h[?25l[94mx[m[29;114H4-21[14;21H[?25h[?25l[29;111H5,11[15;21H[?25h[?25l[29;111H6[16;21H[?25h[?25l[29;111H5[15;21H[?25h[?25l[29;111H4,14[14;21H[?25h[?25l[29;111H5,11[15;21H[?25h[?25l[29;114H0-20[15;20H[?25h[?25l[29;113H9-19 [15;19H[?25h[?25l[29;113H8-18[15;18H[?25h[?25l[29;113H7-17[15;17H[?25h[?25l[29;113H8-18[15;18H[?25h[?25l[29;113H9-19[15;19H[?25h[?25l[29;113H10-20[15;20H[?25h[?25l[29;114H1-21[15;21H[?25h[?25l[29;114H2-22[15;22H[?25h[?25l [106m([4C)[m[29;114H3-23[15;23H[?25h[?25l[29;114H4-24[15;24H[?25h[?25l([4C)[29;114H5-25[15;25H[?25h[?25l[29;114H6-26[15;26H[?25h[?25l[29;114H7-27[15;27H[?25h[?25l[106m([4C)[m[29;114H8-28[15;28H[?25h[?25l)[106m     )[m     [29;114H7-27[15;27H[?25h[?25l)[106m      [15;26H)[m      [29;114H6-26[15;26H[?25h[?25l)[106m       [15;25H)[m       [29;114H5-25[15;25H[?25h[?25l[94m[106mr[m)[94mr[m[106m)[m[29;114H6-26[15;26H[?25h[?25l[94m[106ma[m)[94ma[m[106m)[m[29;114H7-27[15;27H[?25h[?25l[94m[106mx[m)[94mx[m[106m)[m[29;114H8-28[15;28H[?25h[?25l([4C)[29;111H6,12-25[16;25H[?25h[?25l[17;23H[106m([4C)[m[29;111H7,21-28[17;28H[?25h[?25l([4C)[29;114H0-27[17;27H[?25h[?25l[29;113H19-26[17;26H[?25h[?25l[29;114H8-25[17;25H[?25h[?25l[106m([4C)[m[29;114H7-24[17;24H[?25h[?25l[29;114H6-23[17;23H[?25h[?25l([4C)[29;114H5-22[17;22H[?25h[?25l[29;114H4-21[17;21H[?25h[?25l[29;114H3-20[17;20H[?25h[?25l[29;114H2-19[17;19H[?25h[?25l[29;114H3-20[17;20H[?25h[?25l[29;111H6,10[16;20H[?25h[?25l[29;113H9-19 [16;19H[?25h[?25l[29;111H7,12-19[17;19H[?25h[?25l[29;114H3-20[17;20H[?25h[?25l[29;114H2-19[17;19H[?25h[?25l[29;114H3-20[17;20H[?25h[?25l[29;114H2-19[17;19H[?25h[?25l[29;114H3-20[17;20H[?25h[?25l[29;114H2-19[17;19H[?25h[?25l[29;114H3-20[17;20H[?25h[?25l[29;114H2-19[17;19H[?25h[?25l[29;114H3-20[17;20H[?25h[?25l[29;114H2-19[17;19H[?25h[?25l[29;114H3-20[17;20H[?25h[?25l[29;114H4-21[17;21H[?25h[?25l[29;114H3-20[17;20H[?25h[?25l[94mx[m, (%[94mrax[m)    [91m#store edx cpuid result[m[17;55H[K[29;114H2-19[17;19H[?25h[?25l[94mcx[m, (%[94mrax[m)    [91m#store edx cpuid result[m[29;114H3-20[17;20H[?25h[?25l[29;111H8[18;20H[?25h[?25l[29;111H9,10[19;20H[?25h[?25l[29;110H20,5-12 [20;12H[?25h[?25l[29;110H19,10-20[19;20H[?25h[?25l[29;114H1-21[19;21H[?25h[?25l[29;114H2-22[19;22H[?25h[?25l [106m([4C)[m[29;114H3-23[19;23H[?25h[?25l[29;114H4-24[19;24H[?25h[?25l([4C)[29;114H5-25[19;25H[?25h[?25l[29;114H6-26[19;26H[?25h[?25l[29;114H7-27[19;27H[?25h[?25l[106m([4C)[m[29;114H8-28[19;28H[?25h[?25l[29;114H9-29[19;29H[?25h[?25l([4C)[29;113H20-33[19;33H[?25h[?25l[29;114H1-34[19;34H[?25h[?25l[29;114H2-35[19;35H[?25h[?25l[29;114H3-36[19;36H[?25h[?25l[29;114H4-37[19;37H[?25h[?25l[29;114H5-38[19;38H[?25h[?25l[29;114H6-39[19;39H[?25h[?25l[29;114H7-40[19;40H[?25h[?25l[29;114H8-41[19;41H[?25h[?25l[29;114H9-42[19;42H[?25h[?25l[29;113H30-43[19;43H[?25h[?25l[29;114H1-44[19;44H[?25h[?25l[29;114H2-45[19;45H[?25h[?25l[29;114H3-46[19;46H[?25h[?25l[29;114H4-47[19;47H[?25h[?25l[29;114H5-48[19;48H[?25h[?25l[29;114H6-49[19;49H[?25h[?25l[29;114H7-50[19;50H[?25h[?25l[29;114H8-51[19;51H[?25h[?25l[29;114H9-52[19;52H[?25h[?25l[29;113H40-53[19;53H[?25h[?25l[29;114H1-54[19;54H[?25h[?25l[29;114H2-55[19;55H[?25h[?25l[29;114H3-56[19;56H[?25h[?25l[19;55H[K[29;114H2-55[19;55H[?25h[?25l[19;54H[K[29;114H1-54[19;54H[?25h[?25l[19;53H[K[29;114H0-53[19;53H[?25h[?25l[19;52H[K[29;113H39-52[19;52H[?25h[?25l[19;51H[K[29;114H8-51[19;51H[?25h[?25l[19;50H[K[29;114H7-50[19;50H[?25h[?25l[19;49H[K[29;114H6-49[19;49H[?25h[?25l[19;48H[K[29;114H5-48[19;48H[?25h[?25l[19;47H[K[29;114H4-47[19;47H[?25h[?25l[19;46H[K[29;114H3-46[19;46H[?25h[?25l[19;45H[K[29;114H2-45[19;45H[?25h[?25l[19;44H[K[29;114H1-44[19;44H[?25h[?25l[19;43H[K[29;114H0-43[19;43H[?25h[?25l[19;42H[K[29;113H29-42[19;42H[?25h[?25l[19;41H[K[29;114H8-41[19;41H[?25h[?25l[19;40H[K[29;114H7-40[19;40H[?25h[?25l[19;39H[K[29;114H6-39[19;39H[?25h[?25l[19;38H[K[29;114H5-38[19;38H[?25h[?25l[19;37H[K[29;114H4-37[19;37H[?25h[?25l[19;36H[K[29;114H3-36[19;36H[?25h[?25l[19;35H[K[29;114H2-35[19;35H[?25h[?25l[19;34H[K[29;114H1-34[19;34H[?25h[?25l[19;33H[K[29;114H0-33[19;33H[?25h[?25l[19;23H[106m([4C)[m[29;113H19-29[19;29H[?25h[?25l[19;28H[K[19;23H([29;114H8-28[19;28H[?25h[?25l[19;27H[K[29;114H7-27[19;27H[?25h[?25l[19;26H[K[29;114H6-26[19;26H[?25h[?25l[19;25H[K[29;114H5-25[19;25H[?25h[?25l[19;24H[K[29;114H4-24[19;24H[?25h[?25l[19;23H[K[29;114H3-23[19;23H[?25h[?25l[29;114H2-22[19;22H[?25h[?25l[19;21H[K[29;114H1-21[19;21H[?25h[?25l[19;20H[K[29;114H0-20[19;20H[?25h[?25l[19;19H[K[29;113H9-19 [19;19H[?25h[?25l[19;18H[K[29;113H8-18[19;18H[?25h[?25l[19;17H[K[29;113H7-17[19;17H[?25h[?25l[29;113H6-13[19;13H[?25h[?25l[19;12H[K[29;113H5-12[19;12H[?25h[?25l[19;11H[K[29;113H4-11[19;11H[?25h[?25l[19;10H[K[29;113H3-10[19;10H[?25h[?25l[19;9H[K[29;113H2-9 [19;9H[?25h[?25l[29;113H1  [19;1H[?25h[?25l[18;28r[28;1H
[1;29r[18;9H[94mpopq[m    %[94mrax[m[12C[91m#pop address for ecxP[m[28;1H[94m~                                                                                                                              [m[29;110H[K[29;110H18,37-54      All[18;54H[?25h[?25l[18;53H[K[29;114H6-53[18;53H[?25h[?25l[18;52H[K[29;114H5-52[18;52H[?25h[?25l[18;51H[K[29;114H4-51[18;51H[?25h[?25l[18;50H[K[29;114H3-50[18;50H[?25h[?25l[18;49H[K[29;114H2-49[18;49H[?25h[?25l[18;48H[K[29;114H1-48[18;48H[?25h[?25l[18;47H[K[29;114H0-47[18;47H[?25h[?25l[18;46H[K[29;113H29-46[18;46H[?25h[?25l[18;45H[K[29;114H8-45[18;45H[?25h[?25l[18;44H[K[29;114H7-44[18;44H[?25h[?25l[18;43H[K[29;114H6-43[18;43H[?25h[?25l[18;42H[K[29;114H5-42[18;42H[?25h[?25l[18;41H[K[29;114H4-41[18;41H[?25h[?25l[18;40H[K[29;114H3-40[18;40H[?25h[?25l[18;39H[K[29;114H2-39[18;39H[?25h[?25l[18;38H[K[29;114H1-38[18;38H[?25h[?25l[18;37H[K[29;114H0-37[18;37H[?25h[?25l[18;36H[K[29;113H19-36[18;36H[?25h[?25l[18;35H[K[29;114H8-35[18;35H[?25h[?25l[18;34H[K[29;114H7-34[18;34H[?25h[?25l[18;33H[K[29;114H6-33[18;33H[?25h[?25l[29;114H5-25[18;25H[?25h[?25l[29;114H4-21[18;21H[?25h[?25l[18;20H[K[29;114H3-20[18;20H[?25h[?25l[18;19H[K[29;114H2-19[18;19H[?25h[?25l[18;18H[K[29;114H1-18[18;18H[?25h[?25l[18;17H[K[29;114H0-17[18;17H[?25h[?25l[29;113H9-16 [18;16H[?25h[?25l[29;113H8-15[18;15H[?25h[?25l[29;113H7-14[18;14H[?25h[?25l[29;113H6-13[18;13H[?25h[?25l[18;12H[K[29;113H5-12[18;12H[?25h[?25l[18;11H[K[29;113H4-11[18;11H[?25h[?25l[18;10H[K[29;113H3-10[18;10H[?25h[?25l[18;9H[K[29;113H2-9 [18;9H[?25h[?25l[29;113H1  [18;1H[?25h[?25l[17;28r[28;1H
[1;29r[17;9H[94mmovl[m    %[94mecx[m, (%[94mrax[m)    [91m#store edx cpuid result[m[28;1H[94m~                                                                                                                              [m[29;110H[K[29;110H17,49-56      All[17;56H[?25h[?25l[29;114H8-55[17;55H[?25h[?25l[29;114H7-54[17;54H[?25h[?25l[29;111H6,34[16;54H[?25h[?25l[29;114H3-53[16;53H[?25h[?25l[29;114H2-52[16;52H[?25h[?25l[29;111H5,39[15;52H[?25h[?25l[29;114H8-51[15;51H[?25h[?25l[29;114H7-50[15;50H[?25h[?25l[29;114H6-49[15;49H[?25h[?25l[29;114H5-48[15;48H[?25h[?25l[29;111H6,28[16;48H[?25h[?25l[29;114H7-47[16;47H[?25h[?25l[29;111H7,40[17;47H[?25h[?25l[29;113H39-46[17;46H[?25h[?25l[29;114H8-45[17;45H[?25h[?25l[29;114H7-44[17;44H[?25h[?25l[29;114H6-43[17;43H[?25h[?25l[29;114H5-42[17;42H[?25h[?25l[29;114H4-41[17;41H[?25h[?25l[29;114H5-42[17;42H[?25h[?25l[91mx cpuid result[m[17;55H[K[29;114H4-41[17;41H[?25h[?25l[91mcx cpuid result[m[29;114H5-42[17;42H[?25h[?25l[29;114H6-43[17;43H[?25h[?25l[29;114H7-44[17;44H[?25h[?25l[29;114H8-45[17;45H[?25h[?25l[29;114H9-46[17;46H[?25h[?25l[29;113H40-47[17;47H[?25h[?25l[29;114H1-48[17;48H[?25h[?25l[29;114H2-49[17;49H[?25h[?25l[29;114H3-50[17;50H[?25h[?25l[29;114H4-51[17;51H[?25h[?25l[29;114H5-52[17;52H[?25h[?25l[29;114H6-53[17;53H[?25h[?25l[29;114H7-54[17;54H[?25h[?25l[29;114H8-55[17;55H[?25h[?25l[29;114H9-56[17;56H[?25h[?25l[18;28r[18;1H[L[1;29r[29;110H[K[29;110H18,1[10CAll[18;1H[?25h[?25l[29;113H2-9[18;9H[?25h[?25l[94mm[m[29;113H3-10[18;10H[?25h[?25l[94mo[m[29;113H4-11[18;11H[?25h[?25l[94mv[m[29;113H5-12[18;12H[?25h[?25l[94ml[m[29;113H6-13[18;13H[?25h[?25l[29;113H7-14[18;14H[?25h[?25l[29;113H8-15[18;15H[?25h[?25l[29;113H9-16[18;16H[?25h[?25l[29;113H10-17[18;17H[?25h[?25l%[29;114H1-18[18;18H[?25h[?25l[94me[m[29;114H2-19[18;19H[?25h[?25l[94md[m[29;114H3-20[18;20H[?25h[?25l[18;19H[K[29;114H2-19[18;19H[?25h[?25l[94md[m[29;114H3-20[18;20H[?25h[?25l[94mx[m[29;114H4-21[18;21H[?25h[?25l[29;114H5-22[18;22H[?25h[?25l([29;114H6-23[18;23H[?25h[?25l[18;22H[K[29;114H5-22[18;22H[?25h[?25l[29;114H4-21[18;21H[?25h[?25l,[29;114H5-22[18;22H[?25h[?25l[29;114H6-23[18;23H[?25h[?25l([29;114H7-24[18;24H[?25h[?25l%[29;114H8-25[18;25H[?25h[?25l[94mr[m[29;114H9-26[18;26H[?25h[?25l[94m8[m[29;113H20-27[18;27H[?25h[?25l)[106m([3C)[m[29;114H1-28[18;28H[?25h[?25l([3C)[29;114H2-29[18;29H[?25h[?25l[29;114H3-30[18;30H[?25h[?25l[29;114H4-31[18;31H[?25h[?25l[29;114H5-32[18;32H[?25h[?25l[29;114H6-33[18;33H[?25h[?25l[91m#[m[29;114H7-34[18;34H[?25h[?25l[91m [m[29;114H8-35[18;35H[?25h[?25l[91ms[m[29;114H9-36[18;36H[?25h[?25l[18;35H[K[29;114H8-35[18;35H[?25h[?25l[18;34H[K[29;114H7-34[18;34H[?25h[?25l[91mS[m[29;114H8-35[18;35H[?25h[?25l[91mt[m[29;114H9-36[18;36H[?25h[?25l[91mo[m[29;113H30-37[18;37H[?25h[?25l[91mr[m[29;114H1-38[18;38H[?25h[?25l[91me[m[29;114H2-39[18;39H[?25h[?25l[91m [m[29;114H3-40[18;40H[?25h[?25l[91me[m[29;114H4-41[18;41H[?25h[?25l[91md[m[29;114H5-42[18;42H[?25h[?25l[91mx[m[29;114H6-43[18;43H[?25h[?25l[91m [m[29;114H7-44[18;44H[?25h[?25l[91mr[m[29;114H8-45[18;45H[?25h[?25l[91me[m[29;114H9-46[18;46H[?25h[?25l[91ms[m[29;113H40-47[18;47H[?25h[?25l[91mu[m[29;114H1-48[18;48H[?25h[?25l[91ml[m[29;114H2-49[18;49H[?25h[?25l[91mt[m[29;114H3-50[18;50H[?25h[?25l[91m [m[29;114H4-51[18;51H[?25h[?25l[91mi[m[29;114H5-52[18;52H[?25h[?25l[91mn[m[29;114H6-53[18;53H[?25h[?25l[91m [m[29;114H7-54[18;54H[?25h[?25l[91mr[m[29;114H8-55[18;55H[?25h[?25l[91m8[m[29;114H9-56[18;56H[?25h[?25l[29;111H7[17;56H[?25h[?25l[91m [m[29;113H50-57[17;57H[?25h[?25l[91me[m[29;114H1-58[17;58H[?25h[?25l[91mx[m[29;114H2-59[17;59H[?25h[?25l[17;58H[K[29;114H1-58[17;58H[?25h[?25l[91mc[m[29;114H2-59[17;59H[?25h[?25l[29;114H1-58[17;58H[?25h[?25l[29;114H0-57[17;57H[?25h[?25l[29;114H1-58[17;58H[?25h[?25l[29;114H2-59[17;59H[?25h[?25l[17;58H[K[29;114H1-58[17;58H[?25h[?25l[17;57H[K[29;114H0-57[17;57H[?25h[?25l[91mp[m[29;114H1-58[17;58H[?25h[?25l[91mr[m[29;114H2-59[17;59H[?25h[?25l[91me[m[29;114H3-60[17;60H[?25h[?25l[91mv[m[29;114H4-61[17;61H[?25h[?25l[91mi[m[29;114H5-62[17;62H[?25h[?25l[91mo[m[29;114H6-63[17;63H[?25h[?25l[91mu[m[29;114H7-64[17;64H[?25h[?25l[91ms[m[29;114H8-65[17;65H[?25h[?25l[91m [m[29;114H9-66[17;66H[?25h[?25l[91mp[m[29;113H60-67[17;67H[?25h[?25l[91mo[m[29;114H1-68[17;68H[?25h[?25l[91mi[m[29;114H2-69[17;69H[?25h[?25l[91mn[m[29;114H3-70[17;70H[?25h[?25l[91mt[m[29;114H4-71[17;71H[?25h[?25l[91me[m[29;114H5-72[17;72H[?25h[?25l[91mr[m[29;114H6-73[17;73H[?25h[?25l[91m [m[29;114H7-74[17;74H[?25h[?25l[91me[m[29;114H8-75[17;75H[?25h[?25l[91mx[m[29;114H9-76[17;76H[?25h[?25l[91mc[m[29;113H70-77[17;77H[?25h[?25l[17;76H[K[29;113H69-76[17;76H[?25h[?25l[17;75H[K[29;114H8-75[17;75H[?25h[?25l[91mz[m[29;114H9-76[17;76H[?25h[?25l[91mc[m[29;113H70-77[17;77H[?25h[?25l[17;76H[K[29;113H69-76[17;76H[?25h[?25l[17;75H[K[29;114H8-75[17;75H[?25h[?25l[91mz[m[29;114H9-76[17;76H[?25h[?25l[91mc[m[29;113H70-77[17;77H[?25h[?25l[91m=[m[29;114H1-78[17;78H[?25h[?25l[91m=[m[29;114H2-79[17;79H[?25h[?25l[17;78H[K[29;114H1-78[17;78H[?25h[?25l[17;77H[K[29;114H0-77[17;77H[?25h[?25l[17;76H[K[29;113H69-76[17;76H[?25h[?25l[17;75H[K[29;114H8-75[17;75H[?25h[?25l[91mx[m[29;114H9-76[17;76H[?25h[?25l[91mc[m[29;113H70-77[17;77H[?25h[?25l[17;76H[K[29;113H69-76[17;76H[?25h[?25l[17;75H[K[29;114H8-75[17;75H[?25h[?25l[91mc[m[29;114H9-76[17;76H[?25h[?25l[91mx[m[29;113H70-77[17;77H[?25h[29;1H[K[17;76H[?25l[29;110H17,69-76      All[17;76H[?25h[?25l[29;110H[K[29;1H:[?2004h[?25hw[?25l[?25hq[?25l[?25h[?25l[?2004l"cpuid.s" 20L, 639C written]2;Terminal - ]1;Terminal - [23;2t[23;1t[22;2t[22;1t[23;2t[23;1t
[?2004l[?1l>[?25h[?1049l[23;0;0tdorbach1@g7-26:~/i220a/submit/lab8/exercises/cpuid2$ make
cc -g -Wall -std=c18   -c -o main.o main.c
cc -c -g -Wall -std=c18 cpuid.s -o cpuid.o
cpuid.s: Assembler messages:
cpuid.s:9: Error: unsupported instruction `mov'
make: *** [Makefile:11: cpuid.o] Error 1
dorbach1@g7-26:~/i220a/submit/lab8/exercises/cpuid2$ makevi cpuid.s
[?2004h[?1049h[22;0;0t[?1h=[?2004h[1;29r[?12h[?12l[22;2t[22;1t[27m[23m[29m[m[H[2J[?25l[29;1H"cpuid.s" 20L, 639C[2;1Hâ–½[6n[2;1H  [1;1H[>c]10;?]11;?[1;1H[91m#Currently get_cpuid(int *eax, int *ebx, int *ecx, int *edx).
#Modify to get_cpuid(int cpuid_op, int *eax, int *ebx, int *ecx, int *edx).     [m[3;9H[31m.text[4;9H.globl[m [94mget_cpuid
get_cpuid[m:[6;9H[94mpushq[m   %[94mrcx[7;9Hpushq[m   %[94mrdx[8;9Hxorl[m    %[94meax[m, %[94meax[m      [91m#setup cpuid opcode to 0[m[9;9H[94mmovl[m    %[94mrdi[m, %[94meax[m      [91m#moving opcode into correct place[m[10;9H[94mcpuid[m[11;9H[91m#largest param in %eax[12;9H#12-char manufacturer string in ebx, edx, ecx.[m[13;9H[94mmovl[m    %[94meax[m, (%[94mrsi[m)    [91m#store eax cpuid result[m[14;9H[94mpopq[m    %[94mrax[15;9Hmovl[m    %[94mebx[m, (%[94mrax[m)    [91m#store ebx cpuid result[m[16;9H[94mpopq[m    %[94mrax[m[12C[91m#pop address for edxP[m[17;9H[94mmovl[m    %[94mecx[m, (%[94mrax[m)    [91m#store ecx cpuid result previous pointer ecx[m[18;9H[94mmovl[m    %[94medx[m, (%[94mr8[m)     [91m#Store edx result in r8[m[19;9H[94mret

~                                                                                                                              [22;1H~                                                                                                                              [23;1H~                                                                                                                              [24;1H~                                                                                                                              [25;1H~                                                                                                                              [26;1H~                                                                                                                              [27;1H~                                                                                                                              [28;1H~                                                                                                                              [m[29;110H1,1[11CAll]2;cpuid.s (~/projects/i220a/submit/lab8/exercises/cpuid2) - VIM]1;cpuid.s[1;1H[?25hP+q436f\P+q6b75\P+q6b64\P+q6b72\P+q6b6c\P+q2332\P+q2334\P+q2569\P+q2a37\P+q6b31\[?25l[29;110H2[2;1H[?25h[?25l[29;110H3,1-8[3;8H[?25h[?25l[29;110H4[4;8H[?25h[?25l[29;110H5,1  [5;1H[?25h[?25l[29;110H6,1-8[6;8H[?25h[?25l[29;110H7[7;8H[?25h[?25l[29;110H8[8;8H[?25h[?25l[29;110H9[9;8H[?25h[?25l[29;110H10,1-8[10;8H[?25h[?25l[29;111H1[11;8H[?25h[?25l[29;111H2[12;8H[?25h[?25l[29;111H3[13;8H[?25h[?25l[29;111H2[12;8H[?25h[?25l[29;111H1[11;8H[?25h[?25l[29;111H0[10;8H[?25h[?25l[29;110H9,1-8 [9;8H[?25h[?25l[29;110H10,1-8[10;8H[?25h[?25l[29;111H1[11;8H[?25h[?25l[29;111H2[12;8H[?25h[?25l[29;111H3[13;8H[?25h[?25l[29;111H4[14;8H[?25h[?25l[29;111H5[15;8H[?25h[?25l[29;111H6[16;8H[?25h[?25l[29;111H7[17;8H[?25h[?25l[29;111H8[18;8H[?25h[?25l[29;1H[K[29;1H:[?2004h[?25hq[?25l[?25h[?25l[?2004l]2;Terminal - ]1;Terminal - [23;2t[23;1t[22;2t[22;1t[23;2t[23;1t[29;1H[K[29;1H[?2004l[?1l>[?25h[?1049l[23;0;0tdorbach1@g7-26:~/i220a/submit/lab8/exercises/cpuid2$ :[Kvi cpuid.s
[?2004h[?1049h[22;0;0t[?1h=[?2004h[1;29r[?12h[?12l[22;2t[22;1t[27m[23m[29m[m[H[2J[?25l[29;1H"cpuid.s" 20L, 639C[2;1Hâ–½[6n[2;1H  [1;1H[>c]10;?]11;?[1;1H[91m#Currently get_cpuid(int *eax, int *ebx, int *ecx, int *edx).
#Modify to get_cpuid(int cpuid_op, int *eax, int *ebx, int *ecx, int *edx).     [m[3;9H[31m.text[4;9H.globl[m [94mget_cpuid
get_cpuid[m:[6;9H[94mpushq[m   %[94mrcx[7;9Hpushq[m   %[94mrdx[8;9Hxorl[m    %[94meax[m, %[94meax[m      [91m#setup cpuid opcode to 0[m[9;9H[94mmovl[m    %[94mrdi[m, %[94meax[m      [91m#moving opcode into correct place[m[10;9H[94mcpuid[m[11;9H[91m#largest param in %eax[12;9H#12-char manufacturer string in ebx, edx, ecx.[m[13;9H[94mmovl[m    %[94meax[m, (%[94mrsi[m)    [91m#store eax cpuid result[m[14;9H[94mpopq[m    %[94mrax[15;9Hmovl[m    %[94mebx[m, (%[94mrax[m)    [91m#store ebx cpuid result[m[16;9H[94mpopq[m    %[94mrax[m[12C[91m#pop address for edxP[m[17;9H[94mmovl[m    %[94mecx[m, (%[94mrax[m)    [91m#store ecx cpuid result previous pointer ecx[m[18;9H[94mmovl[m    %[94medx[m, (%[94mr8[m)     [91m#Store edx result in r8[m[19;9H[94mret

~                                                                                                                              [22;1H~                                                                                                                              [23;1H~                                                                                                                              [24;1H~                                                                                                                              [25;1H~                                                                                                                              [26;1H~                                                                                                                              [27;1H~                                                                                                                              [28;1H~                                                                                                                              [m[29;110H1,1[11CAll]2;cpuid.s (~/projects/i220a/submit/lab8/exercises/cpuid2) - VIM]1;cpuid.s[1;1H[?25hP+q436f\P+q6b75\P+q6b64\P+q6b72\P+q6b6c\P+q2332\P+q2334\P+q2569\P+q2a37\P+q6b31\[?25l[29;110H2[2;1H[?25h[?25l[29;110H3,1-8[3;8H[?25h[?25l[29;110H4[4;8H[?25h[?25l[29;110H5,1  [5;1H[?25h[?25l[29;110H6,1-8[6;8H[?25h[?25l[29;110H7[7;8H[?25h[?25l[29;110H8[8;8H[?25h[?25l[29;110H9[9;8H[?25h[?25l[29;112H2-9[9;9H[?25h[?25l[29;112H3-10[9;10H[?25h[?25l[29;112H4-11[9;11H[?25h[?25l[29;112H5-12[9;12H[?25h[?25l[29;112H6-13[9;13H[?25h[?25l[29;112H7-14[9;14H[?25h[?25l[29;112H8-15[9;15H[?25h[?25l[29;112H9-16[9;16H[?25h[?25l[29;112H10-17[9;17H[?25h[?25l[29;113H1-18[9;18H[?25h[?25l[29;113H2-19[9;19H[?25h[?25l[29;113H1-18[9;18H[?25h[?25l[29;113H3-20[9;20H[?25h[?25l[29;113H2-19[9;19H[?25h[?25l[29;1H[1m-- INSERT --[m[29;13H[K[29;110H9,12-19[7CAll[9;19H[?25h[?25l[94medi[m, %[94meax[m[29;113H3-20]2;cpuid.s + (~/projects/i220a/submit/lab8/exercises/cpuid2) - VIM]1;cpuid.s[9;20H[?25h[?25l[94mdi[m, %[94meax[m [29;113H2-19[9;19H[?25h[?25l[94mdi[m, %[94meax[m [29;113H1-18[9;18H[?25h[?25l[94medi[m, %[94meax[m[29;113H2-19[9;19H[?25h[29;1H[K[9;18H[?25l[29;110H9,11-18[7CAll[9;18H[?25h[?25l[29;110H[K[29;1H:[?2004h[?25hw[?25l[?25hq[?25l[?25h[?25l[?2004l"cpuid.s" 20L, 639C written]2;Terminal - ]1;Terminal - [23;2t[23;1t[22;2t[22;1t[23;2t[23;1t
[?2004l[?1l>[?25h[?1049l[23;0;0tdorbach1@g7-26:~/i220a/submit/lab8/exercises/cpuid2$ vi cpuid.s[6Pmake
cc -c -g -Wall -std=c18 cpuid.s -o cpuid.o
cc main.o cpuid.o -o cpuid
dorbach1@g7-26:~/i220a/submit/lab8/exercises/cpuid2$ makevi cpuid.s[6Pmake[K./cupid.s
bash: ./cupid.s: No such file or directory
dorbach1@g7-26:~/i220a/submit/lab8/exercises/cpuid2$ ./cpuid
usage: ./cpuid CPUID_OP
dorbach1@g7-26:~/i220a/submit/lab8/exercises/cpuid2$ ./cpuid 0
cpuid(0): eax = 0xd; ebx = 0x756e6547; edx = 0x49656e69; ecx = 0x6c65746e
vendor: GenuineIntel
dorbach1@g7-26:~/i220a/submit/lab8/exercises/cpuid2$ [Kdorbach1@g7-26:~/i220a/submit/lab8/exercises/cpuid2$ ./cpuid 0[K1
cpuid(1): eax = 0x206a7; ebx = 0x4100800; edx = 0xbfebfbff; ecx = 0x1fbae3ff
dorbach1@g7-26:~/i220a/submit/lab8/exercises/cpuid2$ cd ..
dorbach1@g7-26:~/i220a/submit/lab8/exercises$ ls
1  2  3  4  5  6  cpuid1  cpuid2  parity  rip  rotate  rsp
dorbach1@g7-26:~/i220a/submit/lab8/exercises$ cd parity/
dorbach1@g7-26:~/i220a/submit/lab8/exercises/parity$ ls
main.c	Makefile  parity.s
dorbach1@g7-26:~/i220a/submit/lab8/exercises/parity$ vi parity.c
[?2004h[?1049h[22;0;0t[?1h=[?2004h[1;49r[?12h[?12l[22;2t[22;1t[27m[23m[29m[m[H[2J[?25l[49;1H"parity.c" [New File][2;1Hâ–½[6n[2;1H  [1;1H[>c]10;?]11;?[2;1H[94m~                                                                                                                                                                                             [3;1H~                                                                                                                                                                                             [4;1H~                                                                                                                                                                                             [5;1H~                                                                                                                                                                                             [6;1H~                                                                                                                                                                                             [7;1H~                                                                                                                                                                                             [8;1H~                                                                                                                                                                                             [9;1H~                                                                                                                                                                                             [10;1H~                                                                                                                                                                                             [11;1H~                                                                                                                                                                                             [12;1H~                                                                                                                                                                                             [13;1H~                                                                                                                                                                                             [14;1H~                                                                                                                                                                                             [15;1H~                                                                                                                                                                                             [16;1H~                                                                                                                                                                                             [17;1H~                                                                                                                                                                                             [18;1H~                                                                                                                                                                                             [19;1H~                                                                                                                                                                                             [20;1H~                                                                                                                                                                                             [21;1H~                                                                                                                                                                                             [22;1H~                                                                                                                                                                                             [23;1H~                                                                                                                                                                                             [24;1H~                                                                                                                                                                                             [25;1H~                                                                                                                                                                                             [26;1H~                                                                                                                                                                                             [27;1H~                                                                                                                                                                                             [28;1H~                                                                                                                                                                                             [29;1H~                                                                                                                                                                                             [30;1H~                                                                                                                                                                                             [31;1H~                                                                                                                                                                                             [32;1H~                                                                                                                                                                                             [33;1H~                                                                                                                                                                                             [34;1H~                                                                                                                                                                                             [35;1H~                                                                                                                                                                                             [36;1H~                                                                                                                                                                                             [37;1H~                                                                                                                                                                                             [38;1H~                                                                                                                                                                                             [39;1H~                                                                                                                                                                                             [40;1H~                                                                                                                                                                                             [41;1H~                                                                                                                                                                                             [42;1H~                                                                                                                                                                                             [43;1H~                                                                                                                                                                                             [44;1H~                                                                                                                                                                                             [45;1H~                                                                                                                                                                                             [46;1H~                                                                                                                                                                                             [47;1H~                                                                                                                                                                                             [48;1H~                                                                                                                                                                                             [m[49;173H0,0-1[9CAll]2;parity.c (~/projects/i220a/submit/lab8/exercises/parity) - VIM]1;parity.c[1;1H[?25hP+q436f\P+q6b75\P+q6b64\P+q6b72\P+q6b6c\P+q2332\P+q2334\P+q2569\P+q2a37\P+q6b31\[?25l[49;1H[K[49;1H:[?2004h[?25hq[?25l[?25h[?25l[?2004l]2;Terminal - ]1;Terminal - [23;2t[23;1t[22;2t[22;1t[23;2t[23;1t[49;1H[K[49;1H[?2004l[?1l>[?25h[?1049l[23;0;0tdorbach1@g7-26:~/i220a/submit/lab8/exercises/parity$ vi parity.s
[?2004h[?1049h[22;0;0t[?1h=[?2004h[1;49r[?12h[?12l[22;2t[22;1t[27m[23m[29m[m[H[2J[?25l[49;1H"parity.s" 8L, 126C[2;1Hâ–½[6n[2;1H  [1;1H[>c]10;?]11;?[1;9H[31m.text[2;9H.globl[m [94mget_parity[m
[91m#edi contains n [m
[94mget_parity[m:[6;9H[91m#@[m[30m[103mTODO[m[91m: add code here to set eax to 1 iff edi has even parity[m[7;9H[94mret

~                                                                                                                                                                                             [10;1H~                                                                                                                                                                                             [11;1H~                                                                                                                                                                                             [12;1H~                                                                                                                                                                                             [13;1H~                                                                                                                                                                                             [14;1H~                                                                                                                                                                                             [15;1H~                                                                                                                                                                                             [16;1H~                                                                                                                                                                                             [17;1H~                                                                                                                                                                                             [18;1H~                                                                                                                                                                                             [19;1H~                                                                                                                                                                                             [20;1H~                                                                                                                                                                                             [21;1H~                                                                                                                                                                                             [22;1H~                                                                                                                                                                                             [23;1H~                                                                                                                                                                                             [24;1H~                                                                                                                                                                                             [25;1H~                                                                                                                                                                                             [26;1H~                                                                                                                                                                                             [27;1H~                                                                                                                                                                                             [28;1H~                                                                                                                                                                                             [29;1H~                                                                                                                                                                                             [30;1H~                                                                                                                                                                                             [31;1H~                                                                                                                                                                                             [32;1H~                                                                                                                                                                                             [33;1H~                                                                                                                                                                                             [34;1H~                                                                                                                                                                                             [35;1H~                                                                                                                                                                                             [36;1H~                                                                                                                                                                                             [37;1H~                                                                                                                                                                                             [38;1H~                                                                                                                                                                                             [39;1H~                                                                                                                                                                                             [40;1H~                                                                                                                                                                                             [41;1H~                                                                                                                                                                                             [42;1H~                                                                                                                                                                                             [43;1H~                                                                                                                                                                                             [44;1H~                                                                                                                                                                                             [45;1H~                                                                                                                                                                                             [46;1H~                                                                                                                                                                                             [47;1H~                                                                                                                                                                                             [48;1H~                                                                                                                                                                                             [m[49;173H1,2-9[9CAll]2;parity.s (~/projects/i220a/submit/lab8/exercises/parity) - VIM]1;parity.s[1;9H[?25hP+q436f\P+q6b75\P+q6b64\P+q6b72\P+q6b6c\P+q2332\P+q2334\P+q2569\P+q2a37\P+q6b31\[?25l[49;173H2[2;9H[?25h[?25l[49;173H3,9  [3;9H[?25h[?25l[49;173H4[4;9H[?25h[?25l[49;173H5,0-1[5;1H[?25h[?25l[49;1H[1m-- INSERT --[m[49;13H[K[49;173H5,1[11CAll[5;1H[?25h[?25l[49;175H2-9]2;parity.s + (~/projects/i220a/submit/lab8/exercises/parity) - VIM]1;parity.s[5;9H[?25h[?25l[94mt[m[49;175H3-10[5;10H[?25h[?25l[94me[m[49;175H4-11[5;11H[?25h[?25l[94ms[m[49;175H5-12[5;12H[?25h[?25l[94mt[m[49;175H6-13[5;13H[?25h[?25l[49;175H7-14[5;14H[?25h[?25l[49;175H6-13[5;13H[?25h[?25l[94ml[m[49;175H7-14[5;14H[?25h[?25l[49;175H8-15[5;15H[?25h[?25l[94mp[m[49;175H9-16[5;16H[?25h[?25l[94ma[m[49;175H10-17[5;17H[?25h[?25l[94mr[m[49;176H1-18[5;18H[?25h[?25l[94mi[m[49;176H2-19[5;19H[?25h[?25l[94mt[m[49;176H3-20[5;20H[?25h[?25l[94my[m[49;176H4-21[5;21H[?25h[?25l[5;20H[K[49;176H3-20[5;20H[?25h[?25l[5;19H[K[49;176H2-19[5;19H[?25h[?25l[5;18H[K[49;176H1-18[5;18H[?25h[?25l[5;17H[K[49;176H0-17[5;17H[?25h[?25l[5;16H[K[49;175H9-16 [5;16H[?25h[?25l[5;15H[K[49;175H8-15[5;15H[?25h[?25l[91m#[m[49;175H9-16[5;16H[?25h[?25l[5;15H[K[49;175H8-15[5;15H[?25h[?25l%[49;175H9-16[5;16H[?25h[?25l[94me[m[49;175H10-17[5;17H[?25h[?25l[94md[m[49;176H1-18[5;18H[?25h[?25l[94mi[m[49;176H2-19[5;19H[?25h[?25l,[49;176H3-20[5;20H[?25h[?25l[6;48r[6;1H[L[1;49r[49;173H[K[49;173H6,1[11CAll[6;1H[?25h[?25l[49;173H5[5;1H[?25h[?25l[49;173H4[4;1H[?25h[?25l[49;175H2[4;2H[?25h[?25l[49;173H5,1[5;1H[?25h[?25l[49;175H2-9[5;9H[?25h[?25l[49;175H3-10[5;10H[?25h[?25l[49;175H4-11[5;11H[?25h[?25l[49;175H5-12[5;12H[?25h[?25l[49;175H6-13[5;13H[?25h[?25l[49;175H7-14[5;14H[?25h[?25l[49;175H8-15[5;15H[?25h[?25l[49;175H9-16[5;16H[?25h[?25l[49;175H10-17[5;17H[?25h[?25l[49;176H1-18[5;18H[?25h[?25l[49;176H2-19[5;19H[?25h[?25l[49;176H3-20[5;20H[?25h[?25l[5;19H[K[49;176H2-19[5;19H[?25h[?25l[5;18H[K[49;176H1-18[5;18H[?25h[?25l[5;17H[K[49;176H0-17[5;17H[?25h[?25l[94md[m[49;176H1-18[5;18H[?25h[?25l[94mi[m[49;176H2-19[5;19H[?25h[?25l,[49;176H3-20[5;20H[?25h[?25l[49;176H4-21[5;21H[?25h[?25l$[49;176H5-22[5;22H[?25h[?25l[95m0[m[49;176H6-23[5;23H[?25h[?25l[95m1[m[49;176H7-24[5;24H[?25h[?25l[5;23H[K[49;176H6-23[5;23H[?25h[?25l0`[49;176H7-24[5;24H[?25h[?25l[95m0[m[5;23H[K[49;176H6-23[5;23H[?25h[?25l0`[49;176H7-24[5;24H[?25h[?25l[95m0[m[5;23H[K[49;176H6-23[5;23H[?25h[?25l0~[49;176H7-24[5;24H[?25h[?25l[95m0[m[5;23H[K[49;176H6-23[5;23H[?25h[?25l0~[49;176H7-24[5;24H[?25h[?25l[95m0[m[5;23H[K[49;176H6-23[5;23H[?25h[?25l0`[49;176H7-24[5;24H[?25h[?25l[95m0[m[5;23H[K[49;176H6-23[5;23H[?25h[?25l0`[49;176H7-24[5;24H[?25h[?25l[95m0[m[5;23H[K[49;176H6-23[5;23H[?25h[?25l0~[49;176H7-24[5;24H[?25h[?25l[6;48r[6;1H[L[1;49r[49;173H[K[49;173H6,1[11CAll[6;1H[?25h[?25l[5;48r[48;1H
[1;49r[5;9H[94mtestl[m %[94medi[m, $0~[48;1H[94m~                                                                                                                                                                                             [m[49;173H[K[49;173H5,17-24[7CAll[5;24H[?25h[?25l[95m0[m[5;23H[K[49;176H6-23[5;23H[?25h[?25l[5;22H[K[49;176H5-22[5;22H[?25h[?25l[94mf[m[49;176H6-23[5;23H[?25h[?25l[94mf[m[49;176H7-24[5;24H[?25h[?25l[94mf[m[49;176H8-25[5;25H[?25h[?25l[94mf[m[49;176H9-26[5;26H[?25h[?25l[5;25H[K[49;176H8-25[5;25H[?25h[?25l[5;24H[K[49;176H7-24[5;24H[?25h[?25l[5;23H[K[49;176H6-23[5;23H[?25h[?25l[5;22H[K[49;176H5-22[5;22H[?25h[?25l[95m0[m[49;176H6-23[5;23H[?25h[?25l0[94mx[m[49;176H7-24[5;24H[?25h[?25l[95m0xf[m[49;176H8-25[5;25H[?25h[?25l[95mf[m[49;176H9-26[5;26H[?25h[?25l[95mf[m[49;175H20-27[5;27H[?25h[?25l[95mf[m[49;176H1-28[5;28H[?25h[?25l[95mf[m[49;176H2-29[5;29H[?25h[?25l[95mf[m[49;176H3-30[5;30H[?25h[?25l[95mf[m[49;176H4-31[5;31H[?25h[?25l[95mf[m[49;176H5-32[5;32H[?25h[?25l\[49;176H6-33[5;33H[?25h[?25l[5;32H[K[49;176H5-32[5;32H[?25h[?25l[6;48r[6;1H[L[1;49r[49;173H[K[49;173H6,1[11CAll[6;1H[?25h[?25l[49;175H2-9[6;9H[?25h[?25l[49;175H1  [6;1H[?25h[?25l[5;48r[48;1H
[1;49r[5;9H[94mtestl[m %[94medi[m, $[95m0xffffffff[m[48;1H[94m~                                                                                                                                                                                             [m[49;173H[K[49;173H5,25-32[7CAll[5;32H[?25h[?25l[5;31H[K[49;176H4-31[5;31H[?25h[?25l[5;30H[K[49;176H3-30[5;30H[?25h[?25l[5;29H[K[49;176H2-29[5;29H[?25h[?25l[5;28H[K[49;176H1-28[5;28H[?25h[?25l[5;27H[K[49;176H0-27[5;27H[?25h[?25l[5;26H[K[49;175H19-26[5;26H[?25h[?25l[5;25H[K[49;176H8-25[5;25H[?25h[?25l0[94mx[m[5;24H[K[49;176H7-24[5;24H[?25h[?25l[95m0[m[5;23H[K[49;176H6-23[5;23H[?25h[?25l[5;22H[K[49;176H5-22[5;22H[?25h[?25l[5;21H[K[49;176H4-21[5;21H[?25h[?25l%[49;176H5-22[5;22H[?25h[?25l[94me[m[49;176H6-23[5;23H[?25h[?25l[94md[m[49;176H7-24[5;24H[?25h[?25l[94mi[m[49;176H8-25[5;25H[?25h[?25l[6;48r[6;1H[L[1;49r[49;173H[K[49;173H6,1[11CAll[6;1H[?25h[?25l[49;175H2-9[6;9H[?25h[?25l[94mj[m[49;175H3-10[6;10H[?25h[?25l[[49;175H4-11[6;11H[?25h[?25l[94mp[m[49;175H5-12[6;12H[?25h[?25l[94me[m[49;175H6-13[6;13H[?25h[?25l[6;12H[K[49;175H5-12[6;12H[?25h[?25l[6;11H[K[49;175H4-11[6;11H[?25h[?25l[6;10H[K[49;175H3-10[6;10H[?25h[?25l[94mp[m[49;175H4-11[6;11H[?25h[?25l[94me[m[49;175H5-12[6;12H[?25h[?25l[7;48r[7;1H[L[1;49r[49;173H[K[49;173H7,1[11CAll[7;1H[?25h[?25l[8;48r[8;1H[L[1;49r[49;173H[K[49;173H8,1[11CAll[8;1H[?25h[?25l[94ma[m[49;175H2[8;2H[?25h[?25l[94ms[m[49;175H3[8;3H[?25h[?25l[94md[m[49;175H4[8;4H[?25h[?25l[94mf[m[49;175H5[8;5H[?25h[?25l[8;4H[K[49;175H4[8;4H[?25h[?25l[8;3H[K[49;175H3[8;3H[?25h[?25l[8;2H[K[49;175H2[8;2H[?25h[?25l[8;1H[K[49;175H1[8;1H[?25h[?25l[94me[m[49;175H2[8;2H[?25h[?25l[94mv[m[49;175H3[8;3H[?25h[?25l[94me[m[49;175H4[8;4H[?25h[?25l[94mn[m[49;175H5[8;5H[?25h[?25l[94m_[m[49;175H6[8;6H[?25h[?25l[8;5H[K[49;175H5[8;5H[?25h[?25l-[49;175H6[8;6H[?25h[?25l[94mp[m[49;175H7[8;7H[?25h[?25l[94ma[m[49;175H8[8;8H[?25h[?25l[94mr[m[49;175H9[8;9H[?25h[?25l[94mi[m[49;175H10[8;10H[?25h[?25l[94mt[m[49;176H1[8;11H[?25h[?25l[94my[m[49;176H2[8;12H[?25h[?25l:[49;176H3[8;13H[?25h[?25l[49;173H9,1 [9;1H[?25h[?25l[49;173H10,6-13[10;13H[?25h[?25l[49;173H9,1    [9;1H[?25h[?25l[49;173H8,13[8;13H[?25h[?25l[49;173H7,1 [7;1H[?25h[?25l[49;173H8,13[8;13H[?25h[?25l[49;176H2[8;12H[?25h[?25l:[8;12H[K[49;176H1[8;11H[?25h[?25l:[8;11H[K[49;176H0[8;10H[?25h[?25l:[8;10H[K[49;175H9 [8;9H[?25h[?25l:[8;9H[K[49;175H8[8;8H[?25h[?25l:[8;8H[K[49;175H7[8;7H[?25h[?25l:[8;7H[K[49;175H6[8;6H[?25h[?25l:[8;6H[K[49;175H5[8;5H[?25h[?25l:[8;5H[K[49;175H4[8;4H[?25h[?25l:[8;4H[K[49;175H3[8;3H[?25h[?25l:[8;3H[K[49;175H2[8;2H[?25h[?25l:[8;2H[K[49;175H1[8;1H[?25h[?25l[94mc[m:[49;175H2[8;2H[?25h[?25l[94mo[m:[49;175H3[8;3H[?25h[?25l[94mn[m:[49;175H4[8;4H[?25h[?25l[94mt[m:[49;175H5[8;5H[?25h[?25l:[8;5H[K[49;175H4[8;4H[?25h[?25l:[8;4H[K[49;175H3[8;3H[?25h[?25l:[8;3H[K[49;175H2[8;2H[?25h[?25l:[8;2H[K[49;175H1[8;1H[?25h[?25l[94ml[m:[49;175H2[8;2H[?25h[?25l[94m1[m:[49;175H3[8;3H[?25h[?25l:[8;3H[K[49;175H2[8;2H[?25h[?25l:[8;2H[K[49;175H1[8;1H[?25h[?25l::[49;175H2[8;2H[?25h[?25l[95m1[m:[49;175H3[8;3H[?25h[?25l:[8;3H[K[49;175H2[8;2H[?25h[?25l[8;2H[K[49;175H1[8;1H[?25h[?25l[94mC[m:[49;175H2[8;2H[?25h[?25l[94m1[m:[49;175H3[8;3H[?25h[?25l[49;175H2[8;2H[?25h[?25l[49;173H9,1[9;1H[?25h[?25l[49;173H10,1[10;1H[?25h[?25l[49;174H1[11;1H[?25h[?25l[49;174H2[12;1H[?25h[?25l[94mc[m[49;176H2[12;2H[?25h[?25l [49;176H1[12;1H[?25h[?25l
        [13;9H[K[49;174H3[13;1H[?25h[?25l[94mC[m[49;176H2[13;2H[?25h[?25l@[49;176H3[13;3H[?25h[?25l [49;176H2[13;2H[?25h[?25l[94m2[m[49;176H3[13;3H[?25h[?25l[49;176H2[13;2H[?25h[?25l[49;176H1[13;1H[?25h[?25l[31m.C2[m[49;176H2[13;2H[?25h[?25l[49;174H2,1[12;1H[?25h[?25l[49;174H1[11;1H[?25h[?25l[49;174H0[10;1H[?25h[?25l[49;173H9,1 [9;1H[?25h[?25l[49;173H8,2[8;2H[?25h[?25l[49;175H1[8;1H[?25h[?25l[31m.C1[m:[49;175H2[8;2H[?25h[?25l[49;173H9,1[9;1H[?25h[?25l[49;173H10,1[10;1H[?25h[?25l[49;174H1[11;1H[?25h[?25l[49;174H2[12;1H[?25h[?25l[49;174H3,2[13;2H[?25h[?25l[49;176H3[13;3H[?25h[?25l[49;176H4[13;4H[?25h[?25l:[49;176H5[13;5H[?25h[?25l
        [14;9H[K[49;174H4,1[14;1H[?25h[?25l[49;176H2-9[14;9H[?25h[?25l[94ma[m[49;176H3-10[14;10H[?25h[?25l[94mn[m[49;176H4-11[14;11H[?25h[?25l[94md[m[49;176H5-12[14;12H[?25h[?25l[49;176H6-13[14;13H[?25h[?25l[49;176H5-12[14;12H[?25h[?25l [49;176H4-11[14;11H[?25h[?25l [49;176H3-10[14;10H[?25h[?25l [49;176H2-9 [14;9H[?25h[?25l[94mx[m[49;176H3-10[14;10H[?25h[?25l[94mo[m[49;176H4-11[14;11H[?25h[?25l[94mr[m[49;176H5-12[14;12H[?25h[?25l[49;176H6-13[14;13H[?25h[?25l[49;176H5-12[14;12H[?25h[?25l[94ml[m[49;176H6-13[14;13H[?25h[?25l[49;176H7-14[14;14H[?25h[?25l%[49;176H8-15[14;15H[?25h[?25l[94me[m[49;176H9-16[14;16H[?25h[?25l[94ma[m[49;176H10-17[14;17H[?25h[?25l[94mx[m[49;177H1-18[14;18H[?25h[?25l,[49;177H2-19[14;19H[?25h[?25l[49;177H3-20[14;20H[?25h[?25l%[49;177H4-21[14;21H[?25h[?25l[94me[m[49;177H5-22[14;22H[?25h[?25l[94ma[m[49;177H6-23[14;23H[?25h[?25l[94mx[m[49;177H7-24[14;24H[?25h[?25l
        [15;9H[K[49;174H5,1    [15;1H[?25h[?25l[49;176H2-9[15;9H[?25h[?25l[94ma[m[49;176H3-10[15;10H[?25h[?25l[94md[m[49;176H4-11[15;11H[?25h[?25l[94md[m[49;176H5-12[15;12H[?25h[?25l[49;176H6-13[15;13H[?25h[?25l$[49;176H7-14[15;14H[?25h[?25l[95m1[m[49;176H8-15[15;15H[?25h[?25l,[49;176H9-16[15;16H[?25h[?25l[49;176H10-17[15;17H[?25h[?25l%[49;177H1-18[15;18H[?25h[?25l[94me[m[49;177H2-19[15;19H[?25h[?25l[94ma[m[49;177H3-20[15;20H[?25h[?25l[94mq[m[49;177H4-21[15;21H[?25h[?25l[94mx[m[49;177H5-22[15;22H[?25h[?25l [49;177H4-21[15;21H[?25h[?25l [49;177H3-20[15;20H[?25h[?25l[94mx[m[49;177H4-21[15;21H[?25h[?25l[49;174H4[14;21H[?25h[?25l[49;174H3,5    [13;5H[?25h[?25l[49;174H4,14-21[14;21H[?25h[?25l[49;177H5-22[14;22H[?25h[?25l[49;177H6-23[14;23H[?25h[?25l[49;177H7-24[14;24H[?25h[?25l[14;23H[K[49;177H6-23[14;23H[?25h[?25l[14;22H[K[49;177H5-22[14;22H[?25h[?25l[14;21H[K[49;177H4-21[14;21H[?25h[?25l[14;20H[K[49;177H3-20[14;20H[?25h[?25l[49;177H2-19[14;19H[?25h[?25l[14;18H[K[49;177H1-18[14;18H[?25h[?25l[14;17H[K[49;177H0-17[14;17H[?25h[?25l[14;16H[K[49;176H9-16 [14;16H[?25h[?25l[14;15H[K[49;176H8-15[14;15H[?25h[?25l[14;14H[K[49;176H7-14[14;14H[?25h[?25l[49;176H6-13[14;13H[?25h[?25l[14;12H[K[49;176H5-12[14;12H[?25h[?25l[14;11H[K[49;176H4-11[14;11H[?25h[?25l[14;10H[K[49;176H3-10[14;10H[?25h[?25l[14;9H[K[49;176H2-9 [14;9H[?25h[?25l[49;176H1  [14;1H[?25h[?25l[13;48r[48;1H
[1;49r[13;1H[31m.C2[m:[48;1H[94m~                                                                                                                                                                                             [m[49;173H[K[49;173H13,5[10CAll[13;5H[?25h[?25l[49;174H2,1[12;1H[?25h[?25l[49;174H1[11;1H[?25h[?25l[49;174H0[10;1H[?25h[?25l[49;173H9,1 [9;1H[?25h[?25l[49;173H8,5[8;5H[?25h[?25l[49;173H7,1[7;1H[?25h[?25l[49;173H6[6;1H[?25h[?25l[49;173H5[5;1H[?25h[?25l[49;173H4,5[4;5H[?25h[?25l[49;173H5,1[5;1H[?25h[?25l[49;173H6[6;1H[?25h[?25l[49;175H2-9[6;9H[?25h[?25l[49;175H3-10[6;10H[?25h[?25l[49;175H2-9 [6;9H[?25h[?25l[7;48r[7;1H[L[1;49r[6;9H[K[7;1H[94mjpe[m[49;173H[K[49;173H7,1[11CAll[7;1H[?25h[?25l        [94mjpe[m[49;175H2-9[7;9H[?25h[?25l[49;175H3-10[7;10H[?25h[?25l[49;175H4-11[7;11H[?25h[?25l[49;175H5-12[7;12H[?25h[?25l[49;175H6-13[7;13H[?25h[?25l.[49;175H7-14[7;14H[?25h[?25l[31m.c[m[49;175H8-15[7;15H[?25h[?25l[31m2[m[49;175H9-16[7;16H[?25h[?25l[7;15H[K[49;175H8-15[7;15H[?25h[?25l.[7;14H[K[49;175H7-14[7;14H[?25h[?25l[31m.C[m[49;175H8-15[7;15H[?25h[?25l[31m2[m[49;175H9-16[7;16H[?25h[?25l[49;173H6,2-9 [6;9H[?25h[?25l[94mx[m[49;175H3-10[6;10H[?25h[?25l[94mo[m[49;175H4-11[6;11H[?25h[?25l[94mr[m[49;175H5-12[6;12H[?25h[?25l[94ml[m[49;175H6-13[6;13H[?25h[?25l[49;175H7-14[6;14H[?25h[?25l%[49;175H8-15[6;15H[?25h[?25l[94me[m[49;175H9-16[6;16H[?25h[?25l[94ma[m[49;175H10-17[6;17H[?25h[?25l[94mx[m[49;176H1-18[6;18H[?25h[?25l,[49;176H2-19[6;19H[?25h[?25l[49;176H3-20[6;20H[?25h[?25l%[49;176H4-21[6;21H[?25h[?25l[94me[m[49;176H5-22[6;22H[?25h[?25l[94ma[m[49;176H6-23[6;23H[?25h[?25l[94mx[m[49;176H7-24[6;24H[?25h[?25l[49;173H7,9-16 [7;16H[?25h[?25l[49;173H8,1   [8;1H[?25h[?25l[49;173H9,5[9;5H[?25h[?25l[49;173H10,1[10;1H[?25h[?25l[49;174H1,17-24[11;24H[?25h[?25l[49;174H2,5-12 [12;12H[?25h[?25l[49;174H3,1   [13;1H[?25h[?25l[49;174H4,5[14;5H[?25h[?25l[49;174H5,14-21[15;21H[?25h[?25l
        [16;9H[K[49;174H6,1    [16;1H[?25h[?25l[49;176H2-9[16;9H[?25h[?25l[94mh[m[49;176H3-10[16;10H[?25h[?25l [49;176H2-9 [16;9H[?25h[?25l[94mj[m[49;176H3-10[16;10H[?25h[?25l[94mm[m[49;176H4-11[16;11H[?25h[?25l[94mp[m[49;176H5-12[16;12H[?25h[?25l[49;176H6-13[16;13H[?25h[?25l.[49;176H7-14[16;14H[?25h[?25l[31m.C[m[49;176H8-15[16;15H[?25h[?25l[31m1[m[49;176H9-16[16;16H[?25h[?25l[49;174H5[15;16H[?25h[?25l[49;174H4,5   [14;5H[?25h[?25l[49;174H3,1[13;1H[?25h[?25l[49;174H2,5-12[12;12H[?25h[?25l[49;174H1,9-16[11;16H[?25h[?25l[49;174H0,1   [10;1H[?25h[?25l[49;173H9,5 [9;5H[?25h[?25l[49;173H10,1[10;1H[?25h[?25l[49;174H1,9-16[11;16H[?25h[?25l[49;176H10-17[11;17H[?25h[?25l[49;177H1-18[11;18H[?25h[?25l[49;177H2-19[11;19H[?25h[?25l[49;177H3-20[11;20H[?25h[?25l[49;177H4-21[11;21H[?25h[?25l[49;177H5-22[11;22H[?25h[?25l[49;177H6-23[11;23H[?25h[?25l[49;177H7-24[11;24H[?25h[?25l[49;177H8-25[11;25H[?25h[?25l[49;177H9-26[11;26H[?25h[?25l[49;176H20-27[11;27H[?25h[?25l[49;177H1-28[11;28H[?25h[?25l[49;177H2-29[11;29H[?25h[?25l[49;177H3-30[11;30H[?25h[?25l[49;177H4-31[11;31H[?25h[?25l[49;177H5-32[11;32H[?25h[?25l[49;177H6-33[11;33H[?25h[?25l[49;177H7-34[11;34H[?25h[?25l[49;177H8-35[11;35H[?25h[?25l[49;177H9-36[11;36H[?25h[?25l[49;176H30-37[11;37H[?25h[?25l[49;177H1-38[11;38H[?25h[?25l[49;177H2-39[11;39H[?25h[?25l[49;177H3-40[11;40H[?25h[?25l[49;177H4-41[11;41H[?25h[?25l[49;177H5-42[11;42H[?25h[?25l[49;177H6-43[11;43H[?25h[?25l[49;177H7-44[11;44H[?25h[?25l[49;177H8-45[11;45H[?25h[?25l[49;177H9-46[11;46H[?25h[?25l[49;176H40-47[11;47H[?25h[?25l[49;177H1-48[11;48H[?25h[?25l[49;177H2-49[11;49H[?25h[?25l[49;177H3-50[11;50H[?25h[?25l[49;177H4-51[11;51H[?25h[?25l[49;177H5-52[11;52H[?25h[?25l[49;177H6-53[11;53H[?25h[?25l[49;177H7-54[11;54H[?25h[?25l[49;177H8-55[11;55H[?25h[?25l[49;177H9-56[11;56H[?25h[?25l[49;176H50-57[11;57H[?25h[?25l[49;177H1-58[11;58H[?25h[?25l[49;177H2-59[11;59H[?25h[?25l[49;177H3-60[11;60H[?25h[?25l[49;177H4-61[11;61H[?25h[?25l[49;177H5-62[11;62H[?25h[?25l[49;177H6-63[11;63H[?25h[?25l[49;177H7-64[11;64H[?25h[?25l[49;177H8-65[11;65H[?25h[?25l[49;177H9-66[11;66H[?25h[?25l[49;176H60-67[11;67H[?25h[?25l[49;177H1-68[11;68H[?25h[?25l[49;177H2-69[11;69H[?25h[?25l[49;177H3-70[11;70H[?25h[?25l[11;69H[K[49;177H2-69[11;69H[?25h[?25l[11;68H[K[49;177H1-68[11;68H[?25h[?25l[11;67H[K[49;177H0-67[11;67H[?25h[?25l[11;66H[K[49;176H59-66[11;66H[?25h[?25l[11;65H[K[49;177H8-65[11;65H[?25h[?25l[11;64H[K[49;177H7-64[11;64H[?25h[?25l[11;63H[K[49;177H6-63[11;63H[?25h[?25l[11;62H[K[49;177H5-62[11;62H[?25h[?25l[11;61H[K[49;177H4-61[11;61H[?25h[?25l[11;60H[K[49;177H3-60[11;60H[?25h[?25l[11;59H[K[49;177H2-59[11;59H[?25h[?25l[11;58H[K[49;177H1-58[11;58H[?25h[?25l[11;57H[K[49;177H0-57[11;57H[?25h[?25l[11;56H[K[49;176H49-56[11;56H[?25h[?25l[11;55H[K[49;177H8-55[11;55H[?25h[?25l[11;54H[K[49;177H7-54[11;54H[?25h[?25l[11;53H[K[49;177H6-53[11;53H[?25h[?25l[11;52H[K[49;177H5-52[11;52H[?25h[?25l[11;51H[K[49;177H4-51[11;51H[?25h[?25l[11;50H[K[49;177H3-50[11;50H[?25h[?25l[11;49H[K[49;177H2-49[11;49H[?25h[?25l[11;48H[K[49;177H1-48[11;48H[?25h[?25l[11;47H[K[49;177H0-47[11;47H[?25h[?25l[11;46H[K[49;176H39-46[11;46H[?25h[?25l[11;45H[K[49;177H8-45[11;45H[?25h[?25l[11;44H[K[49;177H7-44[11;44H[?25h[?25l[11;43H[K[49;177H6-43[11;43H[?25h[?25l[11;42H[K[49;177H5-42[11;42H[?25h[?25l[11;41H[K[49;177H4-41[11;41H[?25h[?25l[11;40H[K[49;177H3-40[11;40H[?25h[?25l[11;39H[K[49;177H2-39[11;39H[?25h[?25l[11;38H[K[49;177H1-38[11;38H[?25h[?25l[11;37H[K[49;177H0-37[11;37H[?25h[?25l[11;36H[K[49;176H29-36[11;36H[?25h[?25l[11;35H[K[49;177H8-35[11;35H[?25h[?25l[11;34H[K[49;177H7-34[11;34H[?25h[?25l[11;33H[K[49;177H6-33[11;33H[?25h[?25l[11;32H[K[49;177H5-32[11;32H[?25h[?25l[11;31H[K[49;177H4-31[11;31H[?25h[?25l[11;30H[K[49;177H3-30[11;30H[?25h[?25l[11;29H[K[49;177H2-29[11;29H[?25h[?25l[11;28H[K[49;177H1-28[11;28H[?25h[?25l[11;27H[K[49;177H0-27[11;27H[?25h[?25l[11;26H[K[49;176H19-26[11;26H[?25h[?25l[11;25H[K[49;177H8-25[11;25H[?25h[?25l[11;24H[K[49;177H7-24[11;24H[?25h[?25l[11;23H[K[49;177H6-23[11;23H[?25h[?25l[11;22H[K[49;177H5-22[11;22H[?25h[?25l[11;21H[K[49;177H4-21[11;21H[?25h[?25l[11;20H[K[49;177H3-20[11;20H[?25h[?25l[11;19H[K[49;177H2-19[11;19H[?25h[?25l[11;18H[K[49;177H1-18[11;18H[?25h[?25l[11;17H[K[49;177H0-17[11;17H[?25h[?25l[11;16H[K[49;176H9-16 [11;16H[?25h[?25l[11;15H[K[49;176H8-15[11;15H[?25h[?25l[91mTOD[m[11;14H[K[49;176H7-14[11;14H[?25h[?25l[11;13H[K[49;176H6-13[11;13H[?25h[?25l[11;12H[K[49;176H5-12[11;12H[?25h[?25l[11;11H[K[49;176H4-11[11;11H[?25h[?25l[11;10H[K[49;176H3-10[11;10H[?25h[?25l[11;9H[K[49;176H2-9 [11;9H[?25h[?25l[49;176H1  [11;1H[?25h[?25l[10;48r[48;1H
[1;49r[48;1H[94m~                                                                                                                                                                                             [m[49;173H[K[49;173H10,1[10CAll[10;1H[?25h[?25l[9;48r[48;1H
[1;49r[9;1H[31m.C1[m:[48;1H[94m~                                                                                                                                                                                             [m[49;173H[K[49;173H9,5[11CAll[9;5H[?25h[?25l[49;173H8,1[8;1H[?25h[?25l[49;173H7[7;1H[?25h[?25l[49;173H8[8;1H[?25h[?25l[49;173H7[7;1H[?25h[?25l[49;175H2-9[7;9H[?25h[?25l[49;175H3-10[7;10H[?25h[?25l[49;173H6[6;10H[?25h[?25l[49;175H4-11[6;11H[?25h[?25l[49;175H5-12[6;12H[?25h[?25l[49;175H6-13[6;13H[?25h[?25l[49;175H7-14[6;14H[?25h[?25l[49;175H8-15[6;15H[?25h[?25l[49;175H9-16[6;16H[?25h[?25l[49;175H10-17[6;17H[?25h[?25l[49;176H1-18[6;18H[?25h[?25l[49;176H2-19[6;19H[?25h[?25l[49;176H3-20[6;20H[?25h[?25l[49;176H4-21[6;21H[?25h[?25l[49;176H5-22[6;22H[?25h[?25l[49;176H6-23[6;23H[?25h[?25l[49;176H7-24[6;24H[?25h[?25l[49;173H5[5;24H[?25h[?25l[49;176H8-25[5;25H[?25h[?25l[49;176H9-26[5;26H[?25h[?25l[91m#[m[49;175H20-27[5;27H[?25h[?25l[91ms[m[49;176H1-28[5;28H[?25h[?25l[91me[m[49;176H2-29[5;29H[?25h[?25l[91mt[m[49;176H3-30[5;30H[?25h[?25l[91mt[m[49;176H4-31[5;31H[?25h[?25l[91mi[m[49;176H5-32[5;32H[?25h[?25l[91mn[m[49;176H6-33[5;33H[?25h[?25l[91mg[m[49;176H7-34[5;34H[?25h[?25l[91m [m[49;176H8-35[5;35H[?25h[?25l[91mp[m[49;176H9-36[5;36H[?25h[?25l[91ma[m[49;175H30-37[5;37H[?25h[?25l[91mr[m[49;176H1-38[5;38H[?25h[?25l[91mi[m[49;176H2-39[5;39H[?25h[?25l[91mt[m[49;176H3-40[5;40H[?25h[?25l[91my[m[49;176H4-41[5;41H[?25h[?25l[91m [m[49;176H5-42[5;42H[?25h[?25l[91mf[m[49;176H6-43[5;43H[?25h[?25l[91ml[m[49;176H7-44[5;44H[?25h[?25l[91ma[m[49;176H8-45[5;45H[?25h[?25l[91mg[m[49;176H9-46[5;46H[?25h[?25l[49;173H6,17-24[6;24H[?25h[?25l[49;176H8-25[6;25H[?25h[?25l[49;176H9-26[6;26H[?25h[?25l[91m#[m[49;175H20-27[6;27H[?25h[?25l[91mr[m[49;176H1-28[6;28H[?25h[?25l[6;27H[K[49;176H0-27[6;27H[?25h[?25l[91ms[m[49;176H1-28[6;28H[?25h[?25l[91me[m[49;176H2-29[6;29H[?25h[?25l[91mt[m[49;176H3-30[6;30H[?25h[?25l[91mt[m[49;176H4-31[6;31H[?25h[?25l[91mi[m[49;176H5-32[6;32H[?25h[?25l[91mn[m[49;176H6-33[6;33H[?25h[?25l[91mg[m[49;176H7-34[6;34H[?25h[?25l[91m [m[49;176H8-35[6;35H[?25h[?25l[91me[m[49;176H9-36[6;36H[?25h[?25l[91ma[m[49;175H30-37[6;37H[?25h[?25l[91mx[m[49;176H1-38[6;38H[?25h[?25l[91m [m[49;176H2-39[6;39H[?25h[?25l[91mt[m[49;176H3-40[6;40H[?25h[?25l[91mo[m[49;176H4-41[6;41H[?25h[?25l[91m [m[49;176H5-42[6;42H[?25h[?25l[91m0[m[49;176H6-43[6;43H[?25h[?25l[91m [m[49;176H7-44[6;44H[?25h[?25l[49;173H7,9-16 [7;16H[?25h[?25l[49;173H8,1   [8;1H[?25h[?25l[49;173H9,5[9;5H[?25h[?25l[49;173H8,1[8;1H[?25h[?25l[49;173H7,9-16[7;16H[?25h[?25l[49;175H10-17[7;17H[?25h[?25l[49;176H1-25[7;25H[?25h[?25l[49;176H2-33[7;33H[?25h[?25l[49;176H1-25[7;25H[?25h[?25l[91m#[m[49;176H2-26[7;26H[?25h[?25l[7;25H[K[49;176H1-25[7;25H[?25h[?25l[49;173H6,18[6;25H[?25h[?25l[49;173H5[5;25H[?25h[?25l[49;176H9-26[5;26H[?25h[?25l[91m#setting parity flag[m[5;45H[K[49;176H8-25[5;25H[?25h[?25l        [91m#setting parity flag[m[49;176H9-33[5;33H[?25h[?25l[49;173H6,26[6;33H[?25h[?25l[49;176H5-32[6;32H[?25h[?25l[49;176H4-31[6;31H[?25h[?25l[49;176H3-30[6;30H[?25h[?25l[49;176H2-29[6;29H[?25h[?25l[49;176H1-28[6;28H[?25h[?25l[49;176H0-27[6;27H[?25h[?25l[49;175H19-26[6;26H[?25h[?25l[91m#setting eax to 0 [m[6;43H[K[49;176H8-25[6;25H[?25h[?25l        [91m#setting eax to 0 [m[49;176H9-33[6;33H[?25h[?25l[49;173H7,11-25[7;25H[?25h[?25l[49;176H0-17[7;17H[?25h[?25l[49;175H9-16 [7;16H[?25h[?25l[49;175H10-17[7;17H[?25h[?25l[49;176H1-25[7;25H[?25h[?25l[49;176H2-33[7;33H[?25h[?25l[91m#               [m[49;176H3-34[7;34H[?25h[?25l[91mI[m[49;176H4-35[7;35H[?25h[?25l[91mF[m[49;176H5-36[7;36H[?25h[?25l[49;176H6-37[7;37H[?25h[?25l[91mE[m[49;176H7-38[7;38H[?25h[?25l[91mA[m[49;176H8-39[7;39H[?25h[?25l[91mX[m[49;176H9-40[7;40H[?25h[?25l[9C[91m        [m[49;175H20-41[7;41H[?25h[?25l[7;49H[K[49;175H19-40[7;40H[?25h[?25l[91m [m[49;176H8-39[7;39H[?25h[?25l[91m [m[49;176H7-38[7;38H[?25h[?25l[91m [m[49;176H6-37[7;37H[?25h[?25l[49;176H5-36[7;36H[?25h[?25l[49;176H6-37[7;37H[?25h[?25l[91mp[m[49;176H7-38[7;38H[?25h[?25l[91ma[m[49;176H8-39[7;39H[?25h[?25l[91mr[m[49;176H9-40[7;40H[?25h[?25l[91mi[8C        [m[49;175H20-41[7;41H[?25h[?25l[91mt[m[49;176H1-42[7;42H[?25h[?25l[91my[m[49;176H2-43[7;43H[?25h[?25l[49;176H3-44[7;44H[?25h[?25l[91mi[m[49;176H4-45[7;45H[?25h[?25l[91ms[m[49;176H5-46[7;46H[?25h[?25l[49;176H6-47[7;47H[?25h[?25l[91mo[m[49;176H7-48[7;48H[?25h[?25l[91md[8C        [m[49;176H8-49[7;49H[?25h[?25l[91md[m[49;176H9-50[7;50H[?25h[?25l[49;175H30-51[7;51H[?25h[?25l[91mj[m[49;176H1-52[7;52H[?25h[?25l[91mu[m[49;176H2-53[7;53H[?25h[?25l[91mm[m[49;176H3-54[7;54H[?25h[?25l[91mp[m[49;176H4-55[7;55H[?25h[?25l[49;176H5-56[7;56H[?25h[?25l[91mt[8C        [m[49;176H6-57[7;57H[?25h[?25l[91mo[m[49;176H7-58[7;58H[?25h[?25l[49;176H8-59[7;59H[?25h[?25l[91mc[m[49;176H9-60[7;60H[?25h[?25l[91m2[m[49;175H40-61[7;61H[?25h[?25l[49;176H1-62[7;62H[?25h[?25l[91ma[m[49;176H2-63[7;63H[?25h[?25l[91mn[m[49;176H3-64[7;64H[?25h[?25l[91md[8C        [m[49;176H4-65[7;65H[?25h[?25l[49;176H5-66[7;66H[?25h[?25l[91ma[m[49;176H6-67[7;67H[?25h[?25l[91md[m[49;176H7-68[7;68H[?25h[?25l[91md[m[49;176H8-69[7;69H[?25h[?25l[49;176H9-70[7;70H[?25h[?25l[91m1[m[49;175H50-71[7;71H[?25h[?25l[49;176H1-72[7;72H[?25h[?25l[91mt[8C        [m[49;176H2-73[7;73H[?25h[?25l[91mo[m[49;176H3-74[7;74H[?25h[?25l[49;176H4-75[7;75H[?25h[?25l[91me[m[49;176H5-76[7;76H[?25h[?25l[91ma[m[49;176H6-77[7;77H[?25h[?25l[91mx[m[49;176H7-78[7;78H[?25h[49;1H[K[7;77H[?25l[49;173H7,56-77[7CAll[7;77H[?25h[?25l[49;173H[K[49;1H:[?2004h[?25hq[?25l[?25hw[?25l[?25h[?25l[49;3H[K[49;3H[?25h[?25l[49;2H[K[49;2H[?25hw[?25l[?25hq[?25l[?25h[?25l[?2004l"parity.s" 14L, 231C written]2;Terminal - ]1;Terminal - [23;2t[23;1t[22;2t[22;1t[23;2t[23;1t
[?2004l[?1l>[?25h[?1049l[23;0;0tdorbach1@g7-26:~/i220a/submit/lab8/exercises/parity$ make
cc -g -Wall -std=c18 -Og   -c -o main.o main.c
cc -c -g -Wall -std=c18 -Og parity.s -o parity.o
cc main.o parity.o -o parity
dorbach1@g7-26:~/i220a/submit/lab8/exercises/parity$ ./parity
usage: ./parity INT1...
dorbach1@g7-26:~/i220a/submit/lab8/exercises/parity$ ./parity 0
parity(0) = 1
dorbach1@g7-26:~/i220a/submit/lab8/exercises/parity$ ./parity 1
parity(1) = 1
dorbach1@g7-26:~/i220a/submit/lab8/exercises/parity$ ./ par[K[K[K[Kpairty[K[K[K[Krity 2
parity(2) = 1
dorbach1@g7-26:~/i220a/submit/lab8/exercises/parity$ ./parity 3
parity(3) = 1
dorbach1@g7-26:~/i220a/submit/lab8/exercises/parity$ ./parity 4
parity(4) = 1
dorbach1@g7-26:~/i220a/submit/lab8/exercises/parity$ ./parity 43210[K[4Pmakevi parity.s
[?2004h[?1049h[22;0;0t[?1h=[?2004h[1;49r[?12h[?12l[22;2t[22;1t[27m[23m[29m[m[H[2J[?25l[49;1H"parity.s" 14L, 231C[2;1Hâ–½[6n[2;1H  [1;1H[>c]10;?]11;?[1;9H[31m.text[2;9H.globl[m [94mget_parity[m
[91m#edi contains n [m
[94mget_parity[m:[5;9H[94mtestl[m %[94medi[m, %[94medi[m[8C[91m#setting parity flag[m[6;9H[94mxorl[m %[94meax[m, %[94meax[m[9C[91m#setting eax to 0 [m[7;9H[94mjpe[m [31m.C2[m[17C[91m#IF parity is odd jump to c2 and add 1 to eax           [m

[31m.C1[m:[10;9H[94mret[m

[31m.C2[m:[13;9H[94madd[m $[95m1[m, %[94meax[14;9Hjmp[m [31m.C1[m
[94m~                                                                                                                                                                                             [16;1H~                                                                                                                                                                                             [17;1H~                                                                                                                                                                                             [18;1H~                                                                                                                                                                                             [19;1H~                                                                                                                                                                                             [20;1H~                                                                                                                                                                                             [21;1H~                                                                                                                                                                                             [22;1H~                                                                                                                                                                                             [23;1H~                                                                                                                                                                                             [24;1H~                                                                                                                                                                                             [25;1H~                                                                                                                                                                                             [26;1H~                                                                                                                                                                                             [27;1H~                                                                                                                                                                                             [28;1H~                                                                                                                                                                                             [29;1H~                                                                                                                                                                                             [30;1H~                                                                                                                                                                                             [31;1H~                                                                                                                                                                                             [32;1H~                                                                                                                                                                                             [33;1H~                                                                                                                                                                                             [34;1H~                                                                                                                                                                                             [35;1H~                                                                                                                                                                                             [36;1H~                                                                                                                                                                                             [37;1H~                                                                                                                                                                                             [38;1H~                                                                                                                                                                                             [39;1H~                                                                                                                                                                                             [40;1H~                                                                                                                                                                                             [41;1H~                                                                                                                                                                                             [42;1H~                                                                                                                                                                                             [43;1H~                                                                                                                                                                                             [44;1H~                                                                                                                                                                                             [45;1H~                                                                                                                                                                                             [46;1H~                                                                                                                                                                                             [47;1H~                                                                                                                                                                                             [48;1H~                                                                                                                                                                                             [m[49;173H1,2-9[9CAll]2;parity.s (~/projects/i220a/submit/lab8/exercises/parity) - VIM]1;parity.s[1;9H[?25hP+q436f\P+q6b75\P+q6b64\P+q6b72\P+q6b6c\P+q2332\P+q2334\P+q2569\P+q2a37\P+q6b31\[?25l[49;173H2[2;9H[?25h[?25l[49;173H3,9  [3;9H[?25h[?25l[49;173H4[4;9H[?25h[?25l[49;173H5,2-9[5;9H[?25h[?25l[49;173H6[6;9H[?25h[?25l[49;173H7[7;9H[?25h[?25l[49;173H8,0-1[8;1H[?25h[?25l[49;173H9,4  [9;4H[?25h[?25l[49;173H10,2-9[10;9H[?25h[?25l[49;174H1,0-1[11;1H[?25h[?25l[49;174H2,4  [12;4H[?25h[?25l[49;174H3,2-9[13;9H[?25h[?25l[49;174H4[14;9H[?25h[?25l[49;174H3[13;9H[?25h[?25l[49;176H3-10[13;10H[?25h[?25l[49;176H4-11[13;11H[?25h[?25l[49;176H5-12[13;12H[?25h[?25l[49;176H6-13[13;13H[?25h[?25l[49;176H7-14[13;14H[?25h[?25l[49;176H8-15[13;15H[?25h[?25l[49;176H9-16[13;16H[?25h[?25l[49;174H2,4   [12;4H[?25h[?25l[49;174H1,0-1[11;1H[?25h[?25l[49;174H0,4-11[10;11H[?25h[?25l[49;173H9,4    [9;4H[?25h[?25l[49;173H8,0-1[8;1H[?25h[?25l[49;173H7,9-16[7;16H[?25h[?25l[49;173H8,0-1 [8;1H[?25h[?25l[49;173H9,4  [9;4H[?25h[?25l[49;173H10,4-11[10;11H[?25h[?25l[49;174H1,0-1 [11;1H[?25h[?25l[49;174H2,4  [12;4H[?25h[?25l[49;174H3,9-16[13;16H[?25h[?25l[49;174H4[14;16H[?25h[?25l[49;174H3[13;16H[?25h[?25l[49;174H2,4   [12;4H[?25h[?25l[49;174H1,0-1[11;1H[?25h[?25l[49;174H0,4-11[10;11H[?25h[?25l[49;173H9,4    [9;4H[?25h[?25l[49;173H8,0-1[8;1H[?25h[?25l[49;173H7,9-16[7;16H[?25h[?25l[49;173H6[6;16H[?25h[?25l[49;173H7[7;16H[?25h[?25l[49;173H8,0-1 [8;1H[?25h[?25l[49;173H7,9-16[7;16H[?25h[?25l[49;175H8-15[7;15H[?25h[?25l[49;173H6[6;15H[?25h[?25l[49;175H7-14[6;14H[?25h[?25l[49;175H6-13[6;13H[?25h[?25l[49;173H5[5;13H[?25h[?25l[49;175H5-12[5;12H[?25h[?25l[49;175H4-11[5;11H[?25h[?25l[49;175H3-10[5;10H[?25h[?25l[49;175H2-9 [5;9H[?25h[?25l[49;175H3-10[5;10H[?25h[?25l[49;173H6[6;10H[?25h[?25l[49;175H4-11[6;11H[?25h[?25l[49;175H5-12[6;12H[?25h[?25l[49;175H6-13[6;13H[?25h[?25l[49;175H7-14[6;14H[?25h[?25l[49;175H8-15[6;15H[?25h[?25l[49;175H9-16[6;16H[?25h[?25l[49;175H10-17[6;17H[?25h[?25l[49;176H1-18[6;18H[?25h[?25l[49;176H2-19[6;19H[?25h[?25l[49;176H3-20[6;20H[?25h[?25l[49;176H4-21[6;21H[?25h[?25l[49;176H5-22[6;22H[?25h[?25l[49;176H6-23[6;23H[?25h[?25l[49;176H7-24[6;24H[?25h[?25l[49;176H6-23[6;23H[?25h[?25l[49;176H5-22[6;22H[?25h[?25l[49;176H4-21[6;21H[?25h[?25l[49;176H3-20[6;20H[?25h[?25l[49;176H2-19[6;19H[?25h[?25l[49;176H1-18[6;18H[?25h[?25l[49;176H0-17[6;17H[?25h[?25l[49;175H9-16 [6;16H[?25h[?25l[49;175H8-15[6;15H[?25h[?25l[49;175H7-14[6;14H[?25h[?25l[49;175H6-13[6;13H[?25h[?25l[49;175H5-12[6;12H[?25h[?25l[49;175H4-11[6;11H[?25h[?25l[49;175H3-10[6;10H[?25h[?25l[49;175H2-9 [6;9H[?25h[?25l[49;175H3-10[6;10H[?25h[?25l[49;175H4-11[6;11H[?25h[?25l[49;175H5-12[6;12H[?25h[?25l[49;175H6-13[6;13H[?25h[?25l[49;175H7-14[6;14H[?25h[?25l[49;175H8-15[6;15H[?25h[?25l[49;175H9-16[6;16H[?25h[?25l[49;175H10-17[6;17H[?25h[?25l[49;176H1-18[6;18H[?25h[?25l[49;176H2-19[6;19H[?25h[?25l[49;176H3-20[6;20H[?25h[?25l[49;176H4-21[6;21H[?25h[?25l[49;176H5-22[6;22H[?25h[?25l[49;176H6-23[6;23H[?25h[?25l[49;176H7-24[6;24H[?25h[?25l[6;48r[48;1H
[1;49r[48;1H[94m~                                                                                                                                                                                             [m[49;1H[K[49;173H6,2-9[9CAll]2;parity.s + (~/projects/i220a/submit/lab8/exercises/parity) - VIM]1;parity.s[6;9H[?25h[?25l[49;173H5[5;9H[?25h[?25l[49;173H4,9  [4;9H[?25h[?25l[49;175H10[4;10H[?25h[?25l[49;176H1[4;11H[?25h[?25l[49;173H5,2-9[5;9H[?25h[?25l[49;173H4,9  [4;9H[?25h[?25l[49;175H10[4;10H[?25h[?25l[49;176H1[4;11H[?25h[?25l[49;1H[1m-- INSERT --[m[49;173H[K[49;173H4,11[10CAll[4;11H[?25h[?25l[49;176H2[4;12H[?25h[?25l[5;48r[5;1H[L[1;49r[49;173H[K[49;173H5,1[11CAll[5;1H[?25h[?25l[49;175H2-9[5;9H[?25h[?25l[94mi[m[49;175H3-10[5;10H[?25h[?25l[5;9H[K[49;175H2-9 [5;9H[?25h[?25l[49;175H1  [5;1H[?25h[49;1H[K[5;1H[?25l[49;173H5,0-1[9CAll[5;1H[?25h[?25l[6;48r[6;1H[L[1;49r[6;9H[94mxorl[m %[94meax[m, %[94meax[m[9C[91m#setting eax to 0 [m[49;173H[K[49;173H6,2-9[9CAll[6;9H[?25h[?25l[7;48r[7;1H[L[1;49r[7;9H[94mxorl[m %[94meax[m, %[94meax[m[9C[91m#setting eax to 0 [m[49;173H[K[49;173H7,2-9[9CAll[7;9H[?25h[49;1H
[?2004l[?1l>[?1049l[23;0;0t]2;Terminal - ]1;Terminal - [23;2t[23;1t[22;2t[22;1t[?2004l
[1]+  Stopped                 vi parity.s
dorbach1@g7-26:~/i220a/submit/lab8/exercises/parity$ fg
vi parity.s
[?2004h]2;parity.s + (~/projects/i220a/submit/lab8/exercises/parity) - VIM]1;parity.s[?1049h[22;0;0t[?1h=[?2004h[?12h[?12l[27m[23m[29m[m[H[2J[?25l[1;9H[31m.text[2;9H.globl[m [94mget_parity[m
[91m#edi contains n [m
[94mget_parity[m:[6;9H[94mxorl[m %[94meax[m, %[94meax[m[9C[91m#setting eax to 0 [m[7;9H[94mxorl[m %[94meax[m, %[94meax[m[9C[91m#setting eax to 0 [m[8;9H[94mtestl[m %[94medi[m, %[94medi[m[8C[91m#setting parity flag[m[9;9H[94mjpe[m [31m.C2[m[17C[91m#IF parity is odd jump to c2 and add 1 to eax           [m

[31m.C1[m:[12;9H[94mret[m

[31m.C2[m:[15;9H[94madd[m $[95m1[m, %[94meax[16;9Hjmp[m [31m.C1[m
[94m~                                                                                                                                                                                             [18;1H~                                                                                                                                                                                             [19;1H~                                                                                                                                                                                             [20;1H~                                                                                                                                                                                             [21;1H~                                                                                                                                                                                             [22;1H~                                                                                                                                                                                             [23;1H~                                                                                                                                                                                             [24;1H~                                                                                                                                                                                             [25;1H~                                                                                                                                                                                             [26;1H~                                                                                                                                                                                             [27;1H~                                                                                                                                                                                             [28;1H~                                                                                                                                                                                             [29;1H~                                                                                                                                                                                             [30;1H~                                                                                                                                                                                             [31;1H~                                                                                                                                                                                             [32;1H~                                                                                                                                                                                             [33;1H~                                                                                                                                                                                             [34;1H~                                                                                                                                                                                             [35;1H~                                                                                                                                                                                             [36;1H~                                                                                                                                                                                             [37;1H~                                                                                                                                                                                             [38;1H~                                                                                                                                                                                             [39;1H~                                                                                                                                                                                             [40;1H~                                                                                                                                                                                             [41;1H~                                                                                                                                                                                             [42;1H~                                                                                                                                                                                             [43;1H~                                                                                                                                                                                             [44;1H~                                                                                                                                                                                             [45;1H~                                                                                                                                                                                             [46;1H~                                                                                                                                                                                             [47;1H~                                                                                                                                                                                             [48;1H~                                                                                                                                                                                             [m[49;173H7,2-9[9CAll[7;9H[?25h[?25l[7;48r[48;1H
[1;49r[48;1H[94m~                                                                                                                                                                                             [m[49;173H[K[49;173H7,2-9[9CAll[7;9H[?25h[?25l[49;173H6[6;9H[?25h[?25l[49;173H5,0-1[5;1H[?25h[?25l[49;1H[1m-- INSERT --[m[49;173H[K[49;173H5,1[11CAll[5;1H[?25h[?25l[4;48r[48;1H
[1;49r[4;1H[94mget_parity[m:[48;1H[94m~                                                                                                                                                                                             [m[49;173H[K[49;173H4,12[10CAll[4;12H[?25h[?25l[49;173H5,5-12[5;12H[?25h[?25l[49;173H6[6;12H[?25h[?25l[49;173H7[7;12H[?25h[?25l[49;173H8,1   [8;1H[?25h[49;1H[K[8;1H[?25l[49;173H8,0-1[9CAll[8;1H[?25h[?25l[49;173H[K[49;1H:[?2004h[?25hw[?25l[?25hq[?25l[?25h[?25l[?2004l"parity.s" 14L, 231C written]2;Terminal - ]1;Terminal - [23;2t[23;1t[22;2t[22;1t[23;2t[23;1t
[?2004l[?1l>[?25h[?1049l[23;0;0tdorbach1@g7-26:~/i220a/submit/lab8/exercises/parity$ fgvi parity.s[1P./parity 43210[K[4Pmake
cc -c -g -Wall -std=c18 -Og parity.s -o parity.o
cc main.o parity.o -o parity
dorbach1@g7-26:~/i220a/submit/lab8/exercises/parity$ make[2Pfgvi parity.s[1P./parity 4321
parity(1) = 0
dorbach1@g7-26:~/i220a/submit/lab8/exercises/parity$ ./parity 1[6Pmake[2Pfgvi parity.s[1P./parity 4vi parity.s[1P./parity 4vi parity.sfg[Kmake./parity 1[6Pmake./parity 1[K./parity 1[K2
parity(2) = 0
dorbach1@g7-26:~/i220a/submit/lab8/exercises/parity$ ./parity 2[K3
parity(3) = 1
dorbach1@g7-26:~/i220a/submit/lab8/exercises/parity$ ./parity 3[K4
parity(4) = 0
dorbach1@g7-26:~/i220a/submit/lab8/exercises/parity$ ./parity 4[K5
parity(5) = 1
dorbach1@g7-26:~/i220a/submit/lab8/exercises/parity$ ./parity 5[K6
parity(6) = 1
dorbach1@g7-26:~/i220a/submit/lab8/exercises/parity$ ./parity 6[K7
parity(7) = 0
dorbach1@g7-26:~/i220a/submit/lab8/exercises/parity$ ./parity 7[K8
parity(8) = 0
dorbach1@g7-26:~/i220a/submit/lab8/exercises/parity$ ./parity 8[K9
parity(9) = 1
dorbach1@g7-26:~/i220a/submit/lab8/exercises/parity$ cd ..
dorbach1@g7-26:~/i220a/submit/lab8/exercises$ ls
1  2  3  4  5  6  cpuid1  cpuid2  parity  rip  rotate  rsp
dorbach1@g7-26:~/i220a/submit/lab8/exercises$ d ruo[K[K[K[K[Kcd rip
dorbach1@g7-26:~/i220a/submit/lab8/exercises/rip$ ls
Makefile  rip.c
dorbach1@g7-26:~/i220a/submit/lab8/exercises/rip$ dc[K[Kvi rip.,[Kc
[?2004h[?1049h[22;0;0t[?1h=[?2004h[1;49r[?12h[?12l[22;2t[22;1t[27m[23m[29m[m[H[2J[?25l[49;1H"rip.c" 15L, 255C[2;1Hâ–½[6n[2;1H  [1;1H[>c]10;?]11;?[1;1H[95m#include [m[95m<stdio.h>[m

[91m/** Return instruction pointer for return */[m
[94mstatic[m [94mvoid[m *
get_rip([94mvoid[m)
{
  [94mvoid[m *rip;
  __asm__([95m"leaq (%%rip), %0"[m: [95m"=r"[m(rip));
  [31mreturn[m rip;
}

[94mint[m main() {
  printf([95m"&get_rip() = %p; rip = %p\n"[m, get_rip, get_rip());
  [31mreturn[m [95m0[m;
}
[94m~                                                                                                                                                                                             [17;1H~                                                                                                                                                                                             [18;1H~                                                                                                                                                                                             [19;1H~                                                                                                                                                                                             [20;1H~                                                                                                                                                                                             [21;1H~                                                                                                                                                                                             [22;1H~                                                                                                                                                                                             [23;1H~                                                                                                                                                                                             [24;1H~                                                                                                                                                                                             [25;1H~                                                                                                                                                                                             [26;1H~                                                                                                                                                                                             [27;1H~                                                                                                                                                                                             [28;1H~                                                                                                                                                                                             [29;1H~                                                                                                                                                                                             [30;1H~                                                                                                                                                                                             [31;1H~                                                                                                                                                                                             [32;1H~                                                                                                                                                                                             [33;1H~                                                                                                                                                                                             [34;1H~                                                                                                                                                                                             [35;1H~                                                                                                                                                                                             [36;1H~                                                                                                                                                                                             [37;1H~                                                                                                                                                                                             [38;1H~                                                                                                                                                                                             [39;1H~                                                                                                                                                                                             [40;1H~                                                                                                                                                                                             [41;1H~                                                                                                                                                                                             [42;1H~                                                                                                                                                                                             [43;1H~                                                                                                                                                                                             [44;1H~                                                                                                                                                                                             [45;1H~                                                                                                                                                                                             [46;1H~                                                                                                                                                                                             [47;1H~                                                                                                                                                                                             [48;1H~                                                                                                                                                                                             [m[49;173H1,1[11CAll]2;rip.c (~/projects/i220a/submit/lab8/exercises/rip) - VIM]1;rip.c[1;1H[?25hP+q436f\P+q6b75\P+q6b64\P+q6b72\P+q6b6c\P+q2332\P+q2334\P+q2569\P+q2a37\P+q6b31\[?25l[49;1H[K[49;1H:[?2004h[?25h...[?25l:![49;3H[K[49;3H[?25h[?25l:![?2004l[?1l>[?25h[?1049l[23;0;0t
[?2004l[?2004h]2;rip.c (~/projects/i220a/submit/lab8/exercises/rip) - VIM]1;rip.c
Press ENTER or type command to continue[?1049h[22;0;0t[?1h=[?2004h[27m[23m[29m[m[H[2J[?25l[1;1H[95m#include [m[95m<stdio.h>[m

[91m/** Return instruction pointer for return */[m
[94mstatic[m [94mvoid[m *
get_rip([94mvoid[m)
{
  [94mvoid[m *rip;
  __asm__([95m"leaq (%%rip), %0"[m: [95m"=r"[m(rip));
  [31mreturn[m rip;
}

[94mint[m main() {
  printf([95m"&get_rip() = %p; rip = %p\n"[m, get_rip, get_rip());
  [31mreturn[m [95m0[m;
}
[94m~                                                                                                                                                                                             [17;1H~                                                                                                                                                                                             [18;1H~                                                                                                                                                                                             [19;1H~                                                                                                                                                                                             [20;1H~                                                                                                                                                                                             [21;1H~                                                                                                                                                                                             [22;1H~                                                                                                                                                                                             [23;1H~                                                                                                                                                                                             [24;1H~                                                                                                                                                                                             [25;1H~                                                                                                                                                                                             [26;1H~                                                                                                                                                                                             [27;1H~                                                                                                                                                                                             [28;1H~                                                                                                                                                                                             [29;1H~                                                                                                                                                                                             [30;1H~                                                                                                                                                                                             [31;1H~                                                                                                                                                                                             [32;1H~                                                                                                                                                                                             [33;1H~                                                                                                                                                                                             [34;1H~                                                                                                                                                                                             [35;1H~                                                                                                                                                                                             [36;1H~                                                                                                                                                                                             [37;1H~                                                                                                                                                                                             [38;1H~                                                                                                                                                                                             [39;1H~                                                                                                                                                                                             [40;1H~                                                                                                                                                                                             [41;1H~                                                                                                                                                                                             [42;1H~                                                                                                                                                                                             [43;1H~                                                                                                                                                                                             [44;1H~                                                                                                                                                                                             [45;1H~                                                                                                                                                                                             [46;1H~                                                                                                                                                                                             [47;1H~                                                                                                                                                                                             [48;1H~                                                                                                                                                                                             [m[49;173H1,1[11CAll[1;1H[?25h[?25l[49;173H[K[49;1H:[?2004h[?25hq[?25l[?25h[?25l[?2004l]2;Terminal - ]1;Terminal - [23;2t[23;1t[22;2t[22;1t[23;2t[23;1t[?2004l[?1l>[?25h[?1049l[23;0;0t
dorbach1@g7-26:~/i220a/submit/lab8/exercises/rip$ vi rip.c[Kmake
cc -Wall -Og -std=c18 -S rip.c
cc -Wall -Og -std=c18    rip.c   -o rip
objdump -d rip > rip.dump
dorbach1@g7-26:~/i220a/submit/lab8/exercises/rip$ ./rio[Kp
&get_rip() = 0x564b92fed135; rip = 0x564b92fed13c
dorbach1@g7-26:~/i220a/submit/lab8/exercises/rip$ ls
Makefile  rip  rip.c  rip.dump	rip.s
dorbach1@g7-26:~/i220a/submit/lab8/exercises/rip$ rio[Kp[K[K[Kmore[K[K[K[Kcat rp[Kip.dump

rip:     file format elf64-x86-64


Disassembly of section .init:

0000000000001000 <_init>:
    1000:	48 83 ec 08          	sub    $0x8,%rsp
    1004:	48 8b 05 dd 2f 00 00 	mov    0x2fdd(%rip),%rax        # 3fe8 <__gmon_start__>
    100b:	48 85 c0             	test   %rax,%rax
    100e:	74 02                	je     1012 <_init+0x12>
    1010:	ff d0                	callq  *%rax
    1012:	48 83 c4 08          	add    $0x8,%rsp
    1016:	c3                   	retq   

Disassembly of section .plt:

0000000000001020 <.plt>:
    1020:	ff 35 e2 2f 00 00    	pushq  0x2fe2(%rip)        # 4008 <_GLOBAL_OFFSET_TABLE_+0x8>
    1026:	ff 25 e4 2f 00 00    	jmpq   *0x2fe4(%rip)        # 4010 <_GLOBAL_OFFSET_TABLE_+0x10>
    102c:	0f 1f 40 00          	nopl   0x0(%rax)

0000000000001030 <printf@plt>:
    1030:	ff 25 e2 2f 00 00    	jmpq   *0x2fe2(%rip)        # 4018 <printf@GLIBC_2.2.5>
    1036:	68 00 00 00 00       	pushq  $0x0
    103b:	e9 e0 ff ff ff       	jmpq   1020 <.plt>

Disassembly of section .plt.got:

0000000000001040 <__cxa_finalize@plt>:
    1040:	ff 25 b2 2f 00 00    	jmpq   *0x2fb2(%rip)        # 3ff8 <__cxa_finalize@GLIBC_2.2.5>
    1046:	66 90                	xchg   %ax,%ax

Disassembly of section .text:

0000000000001050 <_start>:
    1050:	31 ed                	xor    %ebp,%ebp
    1052:	49 89 d1             	mov    %rdx,%r9
    1055:	5e                   	pop    %rsi
    1056:	48 89 e2             	mov    %rsp,%rdx
    1059:	48 83 e4 f0          	and    $0xfffffffffffffff0,%rsp
    105d:	50                   	push   %rax
    105e:	54                   	push   %rsp
    105f:	4c 8d 05 6a 01 00 00 	lea    0x16a(%rip),%r8        # 11d0 <__libc_csu_fini>
    1066:	48 8d 0d 03 01 00 00 	lea    0x103(%rip),%rcx        # 1170 <__libc_csu_init>
    106d:	48 8d 3d c9 00 00 00 	lea    0xc9(%rip),%rdi        # 113d <main>
    1074:	ff 15 66 2f 00 00    	callq  *0x2f66(%rip)        # 3fe0 <__libc_start_main@GLIBC_2.2.5>
    107a:	f4                   	hlt    
    107b:	0f 1f 44 00 00       	nopl   0x0(%rax,%rax,1)

0000000000001080 <deregister_tm_clones>:
    1080:	48 8d 3d a9 2f 00 00 	lea    0x2fa9(%rip),%rdi        # 4030 <__TMC_END__>
    1087:	48 8d 05 a2 2f 00 00 	lea    0x2fa2(%rip),%rax        # 4030 <__TMC_END__>
    108e:	48 39 f8             	cmp    %rdi,%rax
    1091:	74 15                	je     10a8 <deregister_tm_clones+0x28>
    1093:	48 8b 05 3e 2f 00 00 	mov    0x2f3e(%rip),%rax        # 3fd8 <_ITM_deregisterTMCloneTable>
    109a:	48 85 c0             	test   %rax,%rax
    109d:	74 09                	je     10a8 <deregister_tm_clones+0x28>
    109f:	ff e0                	jmpq   *%rax
    10a1:	0f 1f 80 00 00 00 00 	nopl   0x0(%rax)
    10a8:	c3                   	retq   
    10a9:	0f 1f 80 00 00 00 00 	nopl   0x0(%rax)

00000000000010b0 <register_tm_clones>:
    10b0:	48 8d 3d 79 2f 00 00 	lea    0x2f79(%rip),%rdi        # 4030 <__TMC_END__>
    10b7:	48 8d 35 72 2f 00 00 	lea    0x2f72(%rip),%rsi        # 4030 <__TMC_END__>
    10be:	48 29 fe             	sub    %rdi,%rsi
    10c1:	48 c1 fe 03          	sar    $0x3,%rsi
    10c5:	48 89 f0             	mov    %rsi,%rax
    10c8:	48 c1 e8 3f          	shr    $0x3f,%rax
    10cc:	48 01 c6             	add    %rax,%rsi
    10cf:	48 d1 fe             	sar    %rsi
    10d2:	74 14                	je     10e8 <register_tm_clones+0x38>
    10d4:	48 8b 05 15 2f 00 00 	mov    0x2f15(%rip),%rax        # 3ff0 <_ITM_registerTMCloneTable>
    10db:	48 85 c0             	test   %rax,%rax
    10de:	74 08                	je     10e8 <register_tm_clones+0x38>
    10e0:	ff e0                	jmpq   *%rax
    10e2:	66 0f 1f 44 00 00    	nopw   0x0(%rax,%rax,1)
    10e8:	c3                   	retq   
    10e9:	0f 1f 80 00 00 00 00 	nopl   0x0(%rax)

00000000000010f0 <__do_global_dtors_aux>:
    10f0:	80 3d 39 2f 00 00 00 	cmpb   $0x0,0x2f39(%rip)        # 4030 <__TMC_END__>
    10f7:	75 2f                	jne    1128 <__do_global_dtors_aux+0x38>
    10f9:	55                   	push   %rbp
    10fa:	48 83 3d f6 2e 00 00 	cmpq   $0x0,0x2ef6(%rip)        # 3ff8 <__cxa_finalize@GLIBC_2.2.5>
    1101:	00 
    1102:	48 89 e5             	mov    %rsp,%rbp
    1105:	74 0c                	je     1113 <__do_global_dtors_aux+0x23>
    1107:	48 8b 3d 1a 2f 00 00 	mov    0x2f1a(%rip),%rdi        # 4028 <__dso_handle>
    110e:	e8 2d ff ff ff       	callq  1040 <__cxa_finalize@plt>
    1113:	e8 68 ff ff ff       	callq  1080 <deregister_tm_clones>
    1118:	c6 05 11 2f 00 00 01 	movb   $0x1,0x2f11(%rip)        # 4030 <__TMC_END__>
    111f:	5d                   	pop    %rbp
    1120:	c3                   	retq   
    1121:	0f 1f 80 00 00 00 00 	nopl   0x0(%rax)
    1128:	c3                   	retq   
    1129:	0f 1f 80 00 00 00 00 	nopl   0x0(%rax)

0000000000001130 <frame_dummy>:
    1130:	e9 7b ff ff ff       	jmpq   10b0 <register_tm_clones>

0000000000001135 <get_rip>:
    1135:	48 8d 05 00 00 00 00 	lea    0x0(%rip),%rax        # 113c <get_rip+0x7>
    113c:	c3                   	retq   

000000000000113d <main>:
    113d:	48 83 ec 08          	sub    $0x8,%rsp
    1141:	e8 ef ff ff ff       	callq  1135 <get_rip>
    1146:	48 89 c2             	mov    %rax,%rdx
    1149:	48 8d 35 e5 ff ff ff 	lea    -0x1b(%rip),%rsi        # 1135 <get_rip>
    1150:	48 8d 3d ad 0e 00 00 	lea    0xead(%rip),%rdi        # 2004 <_IO_stdin_used+0x4>
    1157:	b8 00 00 00 00       	mov    $0x0,%eax
    115c:	e8 cf fe ff ff       	callq  1030 <printf@plt>
    1161:	b8 00 00 00 00       	mov    $0x0,%eax
    1166:	48 83 c4 08          	add    $0x8,%rsp
    116a:	c3                   	retq   
    116b:	0f 1f 44 00 00       	nopl   0x0(%rax,%rax,1)

0000000000001170 <__libc_csu_init>:
    1170:	41 57                	push   %r15
    1172:	49 89 d7             	mov    %rdx,%r15
    1175:	41 56                	push   %r14
    1177:	49 89 f6             	mov    %rsi,%r14
    117a:	41 55                	push   %r13
    117c:	41 89 fd             	mov    %edi,%r13d
    117f:	41 54                	push   %r12
    1181:	4c 8d 25 60 2c 00 00 	lea    0x2c60(%rip),%r12        # 3de8 <__frame_dummy_init_array_entry>
    1188:	55                   	push   %rbp
    1189:	48 8d 2d 60 2c 00 00 	lea    0x2c60(%rip),%rbp        # 3df0 <__init_array_end>
    1190:	53                   	push   %rbx
    1191:	4c 29 e5             	sub    %r12,%rbp
    1194:	48 83 ec 08          	sub    $0x8,%rsp
    1198:	e8 63 fe ff ff       	callq  1000 <_init>
    119d:	48 c1 fd 03          	sar    $0x3,%rbp
    11a1:	74 1b                	je     11be <__libc_csu_init+0x4e>
    11a3:	31 db                	xor    %ebx,%ebx
    11a5:	0f 1f 00             	nopl   (%rax)
    11a8:	4c 89 fa             	mov    %r15,%rdx
    11ab:	4c 89 f6             	mov    %r14,%rsi
    11ae:	44 89 ef             	mov    %r13d,%edi
    11b1:	41 ff 14 dc          	callq  *(%r12,%rbx,8)
    11b5:	48 83 c3 01          	add    $0x1,%rbx
    11b9:	48 39 dd             	cmp    %rbx,%rbp
    11bc:	75 ea                	jne    11a8 <__libc_csu_init+0x38>
    11be:	48 83 c4 08          	add    $0x8,%rsp
    11c2:	5b                   	pop    %rbx
    11c3:	5d                   	pop    %rbp
    11c4:	41 5c                	pop    %r12
    11c6:	41 5d                	pop    %r13
    11c8:	41 5e                	pop    %r14
    11ca:	41 5f                	pop    %r15
    11cc:	c3                   	retq   
    11cd:	0f 1f 00             	nopl   (%rax)

00000000000011d0 <__libc_csu_fini>:
    11d0:	c3                   	retq   

Disassembly of section .fini:

00000000000011d4 <_fini>:
    11d4:	48 83 ec 08          	sub    $0x8,%rsp
    11d8:	48 83 c4 08          	add    $0x8,%rsp
    11dc:	c3                   	retq   
dorbach1@g7-26:~/i220a/submit/lab8/exercises/rip$ cd ..
dorbach1@g7-26:~/i220a/submit/lab8/exercises$ cd rsp
dorbach1@g7-26:~/i220a/submit/lab8/exercises/rsp$ ls
Makefile  rsp.c
dorbach1@g7-26:~/i220a/submit/lab8/exercises/rsp$ vi rsp.c
[?2004h[?1049h[22;0;0t[?1h=[?2004h[1;49r[?12h[?12l[22;2t[22;1t[27m[23m[29m[m[H[2J[?25l[49;1H"rsp.c" 16L, 305C[2;1Hâ–½[6n[2;1H  [1;1H[>c]10;?]11;?[1;1H[95m#include [m[95m<stdio.h>[m

[91m/** Return value of %rsp register just before return */[m
[94mstatic[m [94mvoid[m *
get_rsp([94mvoid[m)
{
  [94mvoid[m *rsp;
  [91m//@[m[30m[103mTODO[m[91m: inline assembly to set rsp C var to value of %rsp register[m
  [31mreturn[m rsp;
}

[94mint[m main() {
  [94mint[m stkVar;
  printf([95m"&stkVar = %p; rsp = %p\n"[m, &stkVar, get_rsp());
  [31mreturn[m [95m0[m;
}
[94m~                                                                                                                                                                                             [18;1H~                                                                                                                                                                                             [19;1H~                                                                                                                                                                                             [20;1H~                                                                                                                                                                                             [21;1H~                                                                                                                                                                                             [22;1H~                                                                                                                                                                                             [23;1H~                                                                                                                                                                                             [24;1H~                                                                                                                                                                                             [25;1H~                                                                                                                                                                                             [26;1H~                                                                                                                                                                                             [27;1H~                                                                                                                                                                                             [28;1H~                                                                                                                                                                                             [29;1H~                                                                                                                                                                                             [30;1H~                                                                                                                                                                                             [31;1H~                                                                                                                                                                                             [32;1H~                                                                                                                                                                                             [33;1H~                                                                                                                                                                                             [34;1H~                                                                                                                                                                                             [35;1H~                                                                                                                                                                                             [36;1H~                                                                                                                                                                                             [37;1H~                                                                                                                                                                                             [38;1H~                                                                                                                                                                                             [39;1H~                                                                                                                                                                                             [40;1H~                                                                                                                                                                                             [41;1H~                                                                                                                                                                                             [42;1H~                                                                                                                                                                                             [43;1H~                                                                                                                                                                                             [44;1H~                                                                                                                                                                                             [45;1H~                                                                                                                                                                                             [46;1H~                                                                                                                                                                                             [47;1H~                                                                                                                                                                                             [48;1H~                                                                                                                                                                                             [m[49;173H1,1[11CAll]2;rsp.c (~/projects/i220a/submit/lab8/exercises/rsp) - VIM]1;rsp.c[1;1H[?25hP+q436f\P+q6b75\P+q6b64\P+q6b72\P+q6b6c\P+q2332\P+q2334\P+q2569\P+q2a37\P+q6b31\[?25l[49;173H2,0-1[2;1H[?25h[?25l[49;173H3,1  [3;1H[?25h[?25l[49;173H4[4;1H[?25h[?25l[49;173H5[5;1H[?25h[?25l
[106m{[10;1H}[m[49;173H6[6;1H[?25h[?25l{[10;1H}[49;173H7[7;1H[?25h[?25l[49;173H8[8;1H[?25h[?25l[49;175H2[8;2H[?25h[?25l[49;175H3[8;3H[?25h[?25l[49;175H4[8;4H[?25h[?25l[49;175H5[8;5H[?25h[?25l[49;175H6[8;6H[?25h[?25l[49;175H7[8;7H[?25h[?25l[49;175H8[8;8H[?25h[?25l[49;175H9[8;9H[?25h[?25l[49;175H10[8;10H[?25h[?25l[49;176H1[8;11H[?25h[?25l[49;176H2[8;12H[?25h[?25l[49;176H3[8;13H[?25h[?25l[49;176H4[8;14H[?25h[?25l[49;176H5[8;15H[?25h[?25l[49;176H6[8;16H[?25h[?25l[49;176H7[8;17H[?25h[?25l[49;176H8[8;18H[?25h[?25l[49;176H9[8;19H[?25h[?25l[49;175H20[8;20H[?25h[?25l[49;176H1[8;21H[?25h[?25l[49;176H2[8;22H[?25h[?25l[49;176H3[8;23H[?25h[?25l[49;176H4[8;24H[?25h[?25l[49;176H5[8;25H[?25h[?25l[49;176H6[8;26H[?25h[?25l[49;176H7[8;27H[?25h[?25l[49;176H8[8;28H[?25h[?25l[49;176H9[8;29H[?25h[?25l[49;175H30[8;30H[?25h[?25l[49;176H1[8;31H[?25h[?25l[49;176H2[8;32H[?25h[?25l[49;176H3[8;33H[?25h[?25l[49;176H4[8;34H[?25h[?25l[49;176H5[8;35H[?25h[?25l[49;176H6[8;36H[?25h[?25l[49;176H7[8;37H[?25h[?25l[49;176H8[8;38H[?25h[?25l[49;176H9[8;39H[?25h[?25l[49;175H40[8;40H[?25h[?25l[49;176H1[8;41H[?25h[?25l[49;176H2[8;42H[?25h[?25l[49;176H3[8;43H[?25h[?25l[49;176H4[8;44H[?25h[?25l[49;176H5[8;45H[?25h[?25l[49;176H6[8;46H[?25h[?25l[49;176H7[8;47H[?25h[?25l[49;176H8[8;48H[?25h[?25l[49;176H9[8;49H[?25h[?25l[49;175H50[8;50H[?25h[?25l[49;176H1[8;51H[?25h[?25l[49;176H2[8;52H[?25h[?25l[49;176H3[8;53H[?25h[?25l[49;176H4[8;54H[?25h[?25l[49;176H5[8;55H[?25h[?25l[49;176H6[8;56H[?25h[?25l[49;176H7[8;57H[?25h[?25l[49;176H8[8;58H[?25h[?25l[49;176H9[8;59H[?25h[?25l[49;175H60[8;60H[?25h[?25l[49;176H1[8;61H[?25h[?25l[49;176H2[8;62H[?25h[?25l[49;176H3[8;63H[?25h[?25l[49;176H4[8;64H[?25h[?25l[49;176H5[8;65H[?25h[?25l[49;176H6[8;66H[?25h[?25l[49;176H7[8;67H[?25h[?25l[49;176H8[8;68H[?25h[?25l[49;176H9[8;69H[?25h[?25l[49;176H8[8;68H[?25h[?25l[49;176H9[8;69H[?25h[?25l[49;1H[1m-- INSERT --[m[49;14H[K[49;173H8,69[10CAll[8;69H[?25h[?25l[49;175H70[8;70H[?25h[?25l[9;48r[9;1H[L[1;49r[49;173H[K[49;173H9,1[11CAll]2;rsp.c + (~/projects/i220a/submit/lab8/exercises/rsp) - VIM]1;rsp.c[9;1H[?25h[?25l[49;175H2-9[9;9H[?25h[?25l[49;175H1  [9;1H[?25h[?25l[49;175H2[9;2H[?25h[?25l[49;175H3[9;3H[?25h[?25l_[49;175H4[9;4H[?25h[?25l_[49;175H5[9;5H[?25h[?25la[49;175H6[9;6H[?25h[?25ls[49;175H7[9;7H[?25h[?25lm[49;175H8[9;8H[?25h[?25l_[49;175H9[9;9H[?25h[?25l_[49;175H10[9;10H[?25h[?25l([49;176H1[9;11H[?25h[?25l)[106m()[m[49;176H2[9;12H[?25h[49;1H[K[9;11H[?25l[49;173H9,11[10CAll[9;11H[?25h[?25l[49;173H[K[49;1H:[?2004h[?25hw[?25l[?25hq[?25l[?25h[?25l[49;3H[K[49;3H[?25h[?25l[49;2H[K[49;2H[?25h [?25l[171C9,11[10CAll[9;11H[?25h[27m[23m[29m[m[H[2J[?25l[1;1H[94mstatic[m [94mvoid[m *
get_rsp([94mvoid[m)
{
  [94mvoid[m *rsp;
  [91m//@[m[30m[103mTODO[m[91m: inline assembly to set rsp C var to value of %rsp register[m
  __asm__[106m()[m
  [31mreturn[m rsp;
}

[94mint[m main() {
  [94mint[m stkVar;
  printf([95m"&stkVar = %p; rsp = %p\n"[m, &stkVar, get_rsp());
  [31mreturn[m [95m0[m;
}
[94m~                                                                                                                              [16;1H~                                                                                                                              [17;1H~                                                                                                                              [18;1H~                                                                                                                              [19;1H~                                                                                                                              [20;1H~                                                                                                                              [21;1H~                                                                                                                              [22;1H~                                                                                                                              [23;1H~                                                                                                                              [24;1H~                                                                                                                              [25;1H~                                                                                                                              [26;1H~                                                                                                                              [27;1H~                                                                                                                              [28;1H~                                                                                                                              [m[29;110H9,11[10CBot[6;11H[?25h[?25l()[29;110H10,11[7;11H[?25h[?25l[3;1H[106m{[8;1H}[m[29;111H1,1 [8;1H[?25h[?25l[3;1H{[8;1H}[29;111H0,11[7;11H[?25h[?25l[6;10H[106m()[m[29;110H9,11 [6;11H[?25h[?25l()[29;110H8[5;11H[?25h[?25l[6;10H[106m()[m[29;110H9[6;11H[?25h[?25l[29;1H[1m-- INSERT --[m[29;110H[K[29;110H9,11[10CBot[6;11H[K[6;10H([?25h[?25ld[29;113H2[6;12H[?25h[?25l\[29;113H3[6;13H[?25h[?25l[6;12H[K[29;113H2[6;12H[?25h[?25l[6;11H[K[29;113H1[6;11H[?25h[?25l)[106m()[m[29;113H2[6;12H[?25h[?25l[29;113H1[6;11H[?25h[?25l[95m[106m"[m[95m)
  return rsp;
}

int main() {
  int stkVar;
  printf([m[1C&stkVar = %p; rsp = %p\n[1C[95m, &stkVar, get_rsp());
  return 0;
}[6;11H"[m[95m[106m)[m[29;113H2[6;12H[?25h[?25l[95m[106mm[m[95m)m[m[95m[106m)[m[29;113H3[6;13H[?25h[?25l[95m[106mo[m[95m)o[m[95m[106m)[m[29;113H4[6;14H[?25h[?25l[95m[106mv[m[95m)v[m[95m[106m)[m[29;113H5[6;15H[?25h[?25l[95m[106mq[m[95m)q[m[95m[106m)[m[29;113H6[6;16H[?25h[?25l[95m[106m [m[95m) [m[95m[106m)[m[29;113H7[6;17H[?25h[?25l[95m[106m"[m)
  [31mreturn[m rsp;
}

[94mint[m main() {
  [94mint[m stkVar;
  printf([1C[95m&stkVar = %p; rsp = %p\n[m[1C, &stkVar, get_rsp());
  [31mreturn[m [1C;
}[6;17H[95m"[m[106m)[m[29;113H8[6;18H[?25h[?25l[6;10H([7C)[29;113H7[6;17H[?25h[?25l[95mr"[m)[29;113H8[6;18H[?25h[?25l[95mi"[m)[29;113H9[6;19H[?25h[?25l[95m"[m)[6;20H[K[29;113H8[6;18H[?25h[?25l[95m"[m)[6;19H[K[29;113H7[6;17H[?25h[?25l[95m$"[m)[29;113H8[6;18H[?25h[?25l[95mr"[m)[29;113H9[6;19H[?25h[?25l[95ms"[m)[29;112H20[6;20H[?25h[?25l[95mp"[m)[29;113H1[6;21H[?25h[?25l[95m,"[m)[29;113H2[6;22H[?25h[?25l[95m "[m)[29;113H3[6;23H[?25h[?25l[95m%"[m)[29;113H4[6;24H[?25h[?25l[95m0"[m)[29;113H5[6;25H[?25h[?25l[29;113H4[6;24H[?25h[?25l[29;113H3[6;23H[?25h[?25l[29;113H2[6;22H[?25h[?25l[29;113H1[6;21H[?25h[?25l[29;113H0[6;20H[?25h[?25l[29;112H19[6;19H[?25h[?25l[29;113H8[6;18H[?25h[?25l[95mrsp, %0"[m)[6;26H[K[29;113H7[6;17H[?25h[?25l[95m%rsp, %0"[m)[29;113H8[6;18H[?25h[?25l[95m%rsp, %0"[m)[29;113H9[6;19H[?25h[?25l[29;112H20[6;20H[?25h[?25l[29;113H1[6;21H[?25h[?25l[29;113H2[6;22H[?25h[?25l[29;113H3[6;23H[?25h[?25l[29;113H4[6;24H[?25h[?25l[29;113H5[6;25H[?25h[?25l[29;113H6[6;26H[?25h[?25l[6;10H[106m([16C)[m[29;113H7[6;27H[?25h[?25l[106m:[m):[106m)[m[29;113H8[6;28H[?25h[?25l[106m [m) [106m)[m[29;113H9[6;29H[?25h[?25l[95m[106m"[m[95m)
  return rsp;
}

int main() {
  int stkVar;
  printf([m[1C&stkVar = %p; rsp = %p\n[1C[95m, &stkVar, get_rsp());
  return 0;
}[6;29H"[m[95m[106m)[m[29;112H30[6;30H[?25h[?25l[95m[106m=[m[95m)=[m[95m[106m)[m[29;113H1[6;31H[?25h[?25l[95m[106mr[m[95m)r[m[95m[106m)[m[29;113H2[6;32H[?25h[?25l[95m[106m"[m)
  [31mreturn[m rsp;
}

[94mint[m main() {
  [94mint[m stkVar;
  printf([1C[95m&stkVar = %p; rsp = %p\n[m[1C, &stkVar, get_rsp());
  [31mreturn[m [1C;
}[6;32H[95m"[m[106m)[m[29;113H3[6;33H[?25h[?25l[106m([m)[6;10H([23C[106m)[m[29;113H4[6;34H[?25h[?25l[106mr[m)r[106m)[m[29;113H5[6;35H[?25h[?25l[106ms[m)s[106m)[m[29;113H6[6;36H[?25h[?25l[106mp[m)p[106m)[m[29;113H7[6;37H[?25h[?25l[1C)[6;10H[106m([m[22C(rsp)[106m)[m[29;113H8[6;38H[?25h[?25l[29;113H9[6;39H[?25h[?25l;[6;10H([27C)[29;112H40[6;40H[?25h[29;1H[K[6;39H[?25l[29;110H9,39[10CBot[6;39H[?25h[?25l[29;110H[K[29;1H:[?2004h[?25ha[?25l[?25hs[?25l[?25h[?25l[29;3H[K[29;3H[?25hw[?25l[?25h[?25l[29;3H[K[29;3H[?25h[?25l[29;2H[K[29;2H[?25hw[?25l[?25hq[?25l[?25h[?25l[?2004l"rsp.c" 17L, 345C written]2;Terminal - ]1;Terminal - [23;2t[23;1t[22;2t[22;1t[23;2t[23;1t
[?2004l[?1l>[?25h[?1049l[23;0;0tdorbach1@g7-26:~/i220a/submit/lab8/exercises/rsp$ make
cc -Wall -Og -std=c18 -S rsp.c
cc -Wall -Og -std=c18    rsp.c   -o rsp
objdump -d rsp > rsp.dump
dorbach1@g7-26:~/i220a/submit/lab8/exercises/rsp$ ./rso
bash: ./rso: No such file or directory
dorbach1@g7-26:~/i220a/submit/lab8/exercises/rsp$ ./rsp
&stkVar = 0x7ffd291c2d4c; rsp = 0x7ffd291c2d38
dorbach1@g7-26:~/i220a/submit/lab8/exercises/rsp$ more rsp.du[K[K[K[K[K[K[K[K[K[K[Kvi rsp.dump
[?2004h[?1049h[22;0;0t[?1h=[?2004h[1;29r[?12h[?12l[22;2t[22;1t[27m[23m[29m[m[H[2J[?25l[29;1H"rsp.dump" 166L, 7711C[2;1Hâ–½[6n[2;1H  [1;1H[>c]10;?]11;?[2;1Hrsp:     file format elf64-x86-64


Disassembly of section .init:

0000000000001000 <_init>:
    1000:[7C48 83 ec 08[13Csub    $0x8,%rsp
    1004:[7C48 8b 05 dd 2f 00 00    mov    0x2fdd(%rip),%rax[8C# 3fe8 <__gmon_start__>
    100b:[7C48 85 c0[16Ctest   %rax,%rax
    100e:[7C74 02[19Cje     1012 <_init+0x12>
    1010:[7Cff d0[19Ccallq  *%rax
    1012:[7C48 83 c4 08[13Cadd    $0x8,%rsp
    1016:[7Cc3[22Cretq

Disassembly of section .plt:

0000000000001020 <.plt>:
    1020:[7Cff 35 e2 2f 00 00[7Cpushq  0x2fe2(%rip)[8C# 4008 <_GLOBAL_OFFSET_TABLE_+0x8>
    1026:[7Cff 25 e4 2f 00 00[7Cjmpq   *0x2fe4(%rip)[8C# 4010 <_GLOBAL_OFFSET_TABLE_+0x10>
    102c:[7C0f 1f 40 00[13Cnopl   0x0(%rax)

0000000000001030 <printf@plt>:
    1030:[7Cff 25 e2 2f 00 00[7Cjmpq   *0x2fe2(%rip)[8C# 4018 <printf@GLIBC_2.2.5>
    1036:[7C68 00 00 00 00[10Cpushq  $0x0
    103b:[7Ce9 e0 ff ff ff[10Cjmpq   1020 <.plt>

Disassembly of section .plt.got:[29;110H1,0-1[9CTop]2;rsp.dump (~/projects/i220a/submit/lab8/exercises/rsp) - VIM]1;rsp.dump[1;1H[?25hP+q436f\P+q6b75\P+q6b64\P+q6b72\P+q6b6c\P+q2332\P+q2334\P+q2569\P+q2a37\P+q6b31\[?25l[29;110H2,1  [2;1H[?25h[?25l[29;110H3,0-1[3;1H[?25h[?25l[29;110H4[4;1H[?25h[?25l[29;110H5,1  [5;1H[?25h[?25l[29;110H6,0-1[6;1H[?25h[?25l[29;110H7,1  [7;1H[?25h[?25l[29;110H8[8;1H[?25h[?25l[29;110H9[9;1H[?25h[?25l[29;110H10,1[10;1H[?25h[?25l[29;111H1[11;1H[?25h[?25l[29;111H2[12;1H[?25h[?25l[29;111H3[13;1H[?25h[?25l[29;111H4[14;1H[?25h[?25l[29;111H5,0-1[15;1H[?25h[?25l[29;111H6,1  [16;1H[?25h[?25l[29;111H7,0-1[17;1H[?25h[?25l[29;111H8,1  [18;1H[?25h[?25l[29;111H9[19;1H[?25h[?25l[29;110H20[20;1H[?25h[?25l[29;111H1[21;1H[?25h[?25l[29;111H2,0-1[22;1H[?25h[?25l[29;111H3,1  [23;1H[?25h[?25l[29;111H4[24;1H[?25h[?25l[29;111H5[25;1H[?25h[?25l[29;111H6[26;1H[?25h[?25l[29;111H7,0-1[27;1H[?25h[?25l[29;111H8,1  [28;1H[?25h[?25l[1;28r[28;1H
[1;29r[29;1H[K[29;110H29,0-1[9C0%[28;1H[?25h[?25l[1;28r[28;1H
[1;29r[28;1H0000000000001040 <__cxa_finalize@plt>:[29;110H[K[29;110H30,1[11C1%[28;1H[?25h[?25l[1;28r[28;1H
[1;29r[28;5H1040:[7Cff 25 b2 2f 00 00[7Cjmpq   *0x2fb2(%rip)[8C# 3ff8 <__cxa_finalize@GLIBC_2.2.5>[29;110H[K[29;110H31,1[11C2%[28;1H[?25h[?25l[1;28r[28;1H
[1;29r[28;5H1046:[7C66 90[19Cxchg   %ax,%ax[29;110H[K[29;110H32,1[11C2%[28;1H[?25h[?25l[1;28r[28;1H
[1;29r[29;110H[K[29;110H33,0-1[9C3%[28;1H[?25h[?25l[1;28r[28;1H
[1;29r[28;1HDisassembly of section .text:[29;110H[K[29;110H34,1[11C4%[28;1H[?25h[?25l[1;28r[28;1H
[1;29r[29;110H[K[29;110H35,0-1[9C5%[28;1H[?25h[?25l[1;28r[28;1H
[1;29r[28;1H0000000000001050 <_start>:[29;110H[K[29;110H36,1[11C5%[28;1H[?25h[?25l[1;28r[28;1H
[1;29r[28;5H1050:[7C31 ed[19Cxor    %ebp,%ebp[29;110H[K[29;110H37,1[11C6%[28;1H[?25h[?25l[1;28r[28;1H
[1;29r[28;5H1052:[7C49 89 d1[16Cmov    %rdx,%r9[29;110H[K[29;110H38,1[11C7%[28;1H[?25h[?25l[1;28r[28;1H
[1;29r[28;5H1055:[7C5e[22Cpop    %rsi[29;110H[K[29;110H39,1[11C7%[28;1H[?25h[?25l[1;28r[28;1H
[1;29r[28;5H1056:[7C48 89 e2[16Cmov    %rsp,%rdx[29;110H[K[29;110H40,1[11C8%[28;1H[?25h[?25l[1;28r[28;1H
[1;29r[28;5H1059:[7C48 83 e4 f0[13Cand    $0xfffffffffffffff0,%rsp[29;110H[K[29;110H41,1[11C9%[28;1H[?25h[?25l[1;28r[28;1H
[1;29r[28;5H105d:[7C50[22Cpush   %rax[29;110H[K[29;110H42,1[10C10%[28;1H[?25h[?25l[1;28r[28;1H
[1;29r[28;5H105e:[7C54[22Cpush   %rsp[29;110H[K[29;110H43,1[10C10%[28;1H[?25h[?25l[29;110H[K[29;1H:[?2004h[?25hq[?25l[?25h[?25l[?2004l]2;Terminal - ]1;Terminal - [23;2t[23;1t[22;2t[22;1t[23;2t[23;1t[29;1H[K[29;1H[?2004l[?1l>[?25h[?1049l[23;0;0tdorbach1@g7-26:~/i220a/submit/lab8/exercises/rsp$ more rs.[Kp.dump

rsp:     file format elf64-x86-64


Disassembly of section .init:

0000000000001000 <_init>:
    1000:	48 83 ec 08          	sub    $0x8,%rsp
    1004:	48 8b 05 dd 2f 00 00 	mov    0x2fdd(%rip),%rax        # 3fe8 <__gmon_start__>
    100b:	48 85 c0             	test   %rax,%rax
    100e:	74 02                	je     1012 <_init+0x12>
    1010:	ff d0                	callq  *%rax
    1012:	48 83 c4 08          	add    $0x8,%rsp
    1016:	c3                   	retq   

Disassembly of section .plt:

0000000000001020 <.plt>:
    1020:	ff 35 e2 2f 00 00    	pushq  0x2fe2(%rip)        # 4008 <_GLOBAL_OFFSET_TABLE_+0x8>
    1026:	ff 25 e4 2f 00 00    	jmpq   *0x2fe4(%rip)        # 4010 <_GLOBAL_OFFSET_TABLE_+0x10>
    102c:	0f 1f 40 00          	nopl   0x0(%rax)

0000000000001030 <printf@plt>:
    1030:	ff 25 e2 2f 00 00    	jmpq   *0x2fe2(%rip)        # 4018 <printf@GLIBC_2.2.5>
    1036:	68 00 00 00 00       	pushq  $0x0
    103b:	e9 e0 ff ff ff       	jmpq   1020 <.plt>

Disassembly of section .plt.got:
[7m--More--(13%)[27m[K
[7m--More--(13%)[27m0000000000001040 <__cxa_finalize@plt>:
[7m--More--(13%)[27m[K    1040:	ff 25 b2 2f 00 00    	jmpq   *0x2fb2(%rip)        # 3ff8 <__cxa_finalize@GLIBC_2.2.5>
[7m--More--(14%)[27m[K    1046:	66 90                	xchg   %ax,%ax
[7m--More--(15%)[27m[K
[7m--More--(15%)[27mDisassembly of section .text:
[7m--More--(15%)[27m[K
[7m--More--(15%)[27m0000000000001050 <_start>:
[7m--More--(16%)[27m[K    1050:	31 ed                	xor    %ebp,%ebp
[7m--More--(16%)[27m[K    1052:	49 89 d1             	mov    %rdx,%r9
[7m--More--(17%)[27m[K    1055:	5e                   	pop    %rsi
[7m--More--(18%)[27m[K    1056:	48 89 e2             	mov    %rsp,%rdx
[7m--More--(18%)[27m[K    1059:	48 83 e4 f0          	and    $0xfffffffffffffff0,%rsp
[7m--More--(19%)[27m[K    105d:	50                   	push   %rax
[7m--More--(20%)[27m[K    105e:	54                   	push   %rsp
[7m--More--(20%)[27m[K    105f:	4c 8d 05 6a 01 00 00 	lea    0x16a(%rip),%r8        # 11d0 <__libc_csu_fini>
[7m--More--(21%)[27m[K    1066:	48 8d 0d 03 01 00 00 	lea    0x103(%rip),%rcx        # 1170 <__libc_csu_init>
[7m--More--(23%)[27m[K    106d:	48 8d 3d c5 00 00 00 	lea    0xc5(%rip),%rdi        # 1139 <main>
[7m--More--(23%)[27m[K    1074:	ff 15 66 2f 00 00    	callq  *0x2f66(%rip)        # 3fe0 <__libc_start_main@GLIBC_2.2.5>
[7m--More--(25%)[27m[K    107a:	f4                   	hlt    
[7m--More--(25%)[27m[K    107b:	0f 1f 44 00 00       	nopl   0x0(%rax,%rax,1)
[7m--More--(26%)[27m[K
[7m--More--(26%)[27m0000000000001080 <deregister_tm_clones>:
[7m--More--(27%)[27m[K    1080:	48 8d 3d a9 2f 00 00 	lea    0x2fa9(%rip),%rdi        # 4030 <__TMC_END__>
[7m--More--(28%)[27m[Kdorbach1@g7-26:~/i220a/submit/lab8/exercises/rsp$ more rsp.dump[1P rsp.dump[1P rsp.dump[1P rsp.dump[1P rsp.dumpc rsp.dumpa rsp.dumpt rsp.dump

rsp:     file format elf64-x86-64


Disassembly of section .init:

0000000000001000 <_init>:
    1000:	48 83 ec 08          	sub    $0x8,%rsp
    1004:	48 8b 05 dd 2f 00 00 	mov    0x2fdd(%rip),%rax        # 3fe8 <__gmon_start__>
    100b:	48 85 c0             	test   %rax,%rax
    100e:	74 02                	je     1012 <_init+0x12>
    1010:	ff d0                	callq  *%rax
    1012:	48 83 c4 08          	add    $0x8,%rsp
    1016:	c3                   	retq   

Disassembly of section .plt:

0000000000001020 <.plt>:
    1020:	ff 35 e2 2f 00 00    	pushq  0x2fe2(%rip)        # 4008 <_GLOBAL_OFFSET_TABLE_+0x8>
    1026:	ff 25 e4 2f 00 00    	jmpq   *0x2fe4(%rip)        # 4010 <_GLOBAL_OFFSET_TABLE_+0x10>
    102c:	0f 1f 40 00          	nopl   0x0(%rax)

0000000000001030 <printf@plt>:
    1030:	ff 25 e2 2f 00 00    	jmpq   *0x2fe2(%rip)        # 4018 <printf@GLIBC_2.2.5>
    1036:	68 00 00 00 00       	pushq  $0x0
    103b:	e9 e0 ff ff ff       	jmpq   1020 <.plt>

Disassembly of section .plt.got:

0000000000001040 <__cxa_finalize@plt>:
    1040:	ff 25 b2 2f 00 00    	jmpq   *0x2fb2(%rip)        # 3ff8 <__cxa_finalize@GLIBC_2.2.5>
    1046:	66 90                	xchg   %ax,%ax

Disassembly of section .text:

0000000000001050 <_start>:
    1050:	31 ed                	xor    %ebp,%ebp
    1052:	49 89 d1             	mov    %rdx,%r9
    1055:	5e                   	pop    %rsi
    1056:	48 89 e2             	mov    %rsp,%rdx
    1059:	48 83 e4 f0          	and    $0xfffffffffffffff0,%rsp
    105d:	50                   	push   %rax
    105e:	54                   	push   %rsp
    105f:	4c 8d 05 6a 01 00 00 	lea    0x16a(%rip),%r8        # 11d0 <__libc_csu_fini>
    1066:	48 8d 0d 03 01 00 00 	lea    0x103(%rip),%rcx        # 1170 <__libc_csu_init>
    106d:	48 8d 3d c5 00 00 00 	lea    0xc5(%rip),%rdi        # 1139 <main>
    1074:	ff 15 66 2f 00 00    	callq  *0x2f66(%rip)        # 3fe0 <__libc_start_main@GLIBC_2.2.5>
    107a:	f4                   	hlt    
    107b:	0f 1f 44 00 00       	nopl   0x0(%rax,%rax,1)

0000000000001080 <deregister_tm_clones>:
    1080:	48 8d 3d a9 2f 00 00 	lea    0x2fa9(%rip),%rdi        # 4030 <__TMC_END__>
    1087:	48 8d 05 a2 2f 00 00 	lea    0x2fa2(%rip),%rax        # 4030 <__TMC_END__>
    108e:	48 39 f8             	cmp    %rdi,%rax
    1091:	74 15                	je     10a8 <deregister_tm_clones+0x28>
    1093:	48 8b 05 3e 2f 00 00 	mov    0x2f3e(%rip),%rax        # 3fd8 <_ITM_deregisterTMCloneTable>
    109a:	48 85 c0             	test   %rax,%rax
    109d:	74 09                	je     10a8 <deregister_tm_clones+0x28>
    109f:	ff e0                	jmpq   *%rax
    10a1:	0f 1f 80 00 00 00 00 	nopl   0x0(%rax)
    10a8:	c3                   	retq   
    10a9:	0f 1f 80 00 00 00 00 	nopl   0x0(%rax)

00000000000010b0 <register_tm_clones>:
    10b0:	48 8d 3d 79 2f 00 00 	lea    0x2f79(%rip),%rdi        # 4030 <__TMC_END__>
    10b7:	48 8d 35 72 2f 00 00 	lea    0x2f72(%rip),%rsi        # 4030 <__TMC_END__>
    10be:	48 29 fe             	sub    %rdi,%rsi
    10c1:	48 c1 fe 03          	sar    $0x3,%rsi
    10c5:	48 89 f0             	mov    %rsi,%rax
    10c8:	48 c1 e8 3f          	shr    $0x3f,%rax
    10cc:	48 01 c6             	add    %rax,%rsi
    10cf:	48 d1 fe             	sar    %rsi
    10d2:	74 14                	je     10e8 <register_tm_clones+0x38>
    10d4:	48 8b 05 15 2f 00 00 	mov    0x2f15(%rip),%rax        # 3ff0 <_ITM_registerTMCloneTable>
    10db:	48 85 c0             	test   %rax,%rax
    10de:	74 08                	je     10e8 <register_tm_clones+0x38>
    10e0:	ff e0                	jmpq   *%rax
    10e2:	66 0f 1f 44 00 00    	nopw   0x0(%rax,%rax,1)
    10e8:	c3                   	retq   
    10e9:	0f 1f 80 00 00 00 00 	nopl   0x0(%rax)

00000000000010f0 <__do_global_dtors_aux>:
    10f0:	80 3d 39 2f 00 00 00 	cmpb   $0x0,0x2f39(%rip)        # 4030 <__TMC_END__>
    10f7:	75 2f                	jne    1128 <__do_global_dtors_aux+0x38>
    10f9:	55                   	push   %rbp
    10fa:	48 83 3d f6 2e 00 00 	cmpq   $0x0,0x2ef6(%rip)        # 3ff8 <__cxa_finalize@GLIBC_2.2.5>
    1101:	00 
    1102:	48 89 e5             	mov    %rsp,%rbp
    1105:	74 0c                	je     1113 <__do_global_dtors_aux+0x23>
    1107:	48 8b 3d 1a 2f 00 00 	mov    0x2f1a(%rip),%rdi        # 4028 <__dso_handle>
    110e:	e8 2d ff ff ff       	callq  1040 <__cxa_finalize@plt>
    1113:	e8 68 ff ff ff       	callq  1080 <deregister_tm_clones>
    1118:	c6 05 11 2f 00 00 01 	movb   $0x1,0x2f11(%rip)        # 4030 <__TMC_END__>
    111f:	5d                   	pop    %rbp
    1120:	c3                   	retq   
    1121:	0f 1f 80 00 00 00 00 	nopl   0x0(%rax)
    1128:	c3                   	retq   
    1129:	0f 1f 80 00 00 00 00 	nopl   0x0(%rax)

0000000000001130 <frame_dummy>:
    1130:	e9 7b ff ff ff       	jmpq   10b0 <register_tm_clones>

0000000000001135 <get_rsp>:
    1135:	48 89 e0             	mov    %rsp,%rax
    1138:	c3                   	retq   

0000000000001139 <main>:
    1139:	48 83 ec 18          	sub    $0x18,%rsp
    113d:	e8 f3 ff ff ff       	callq  1135 <get_rsp>
    1142:	48 8d 74 24 0c       	lea    0xc(%rsp),%rsi
    1147:	48 89 c2             	mov    %rax,%rdx
    114a:	48 8d 3d b3 0e 00 00 	lea    0xeb3(%rip),%rdi        # 2004 <_IO_stdin_used+0x4>
    1151:	b8 00 00 00 00       	mov    $0x0,%eax
    1156:	e8 d5 fe ff ff       	callq  1030 <printf@plt>
    115b:	b8 00 00 00 00       	mov    $0x0,%eax
    1160:	48 83 c4 18          	add    $0x18,%rsp
    1164:	c3                   	retq   
    1165:	66 2e 0f 1f 84 00 00 	nopw   %cs:0x0(%rax,%rax,1)
    116c:	00 00 00 
    116f:	90                   	nop

0000000000001170 <__libc_csu_init>:
    1170:	41 57                	push   %r15
    1172:	49 89 d7             	mov    %rdx,%r15
    1175:	41 56                	push   %r14
    1177:	49 89 f6             	mov    %rsi,%r14
    117a:	41 55                	push   %r13
    117c:	41 89 fd             	mov    %edi,%r13d
    117f:	41 54                	push   %r12
    1181:	4c 8d 25 60 2c 00 00 	lea    0x2c60(%rip),%r12        # 3de8 <__frame_dummy_init_array_entry>
    1188:	55                   	push   %rbp
    1189:	48 8d 2d 60 2c 00 00 	lea    0x2c60(%rip),%rbp        # 3df0 <__init_array_end>
    1190:	53                   	push   %rbx
    1191:	4c 29 e5             	sub    %r12,%rbp
    1194:	48 83 ec 08          	sub    $0x8,%rsp
    1198:	e8 63 fe ff ff       	callq  1000 <_init>
    119d:	48 c1 fd 03          	sar    $0x3,%rbp
    11a1:	74 1b                	je     11be <__libc_csu_init+0x4e>
    11a3:	31 db                	xor    %ebx,%ebx
    11a5:	0f 1f 00             	nopl   (%rax)
    11a8:	4c 89 fa             	mov    %r15,%rdx
    11ab:	4c 89 f6             	mov    %r14,%rsi
    11ae:	44 89 ef             	mov    %r13d,%edi
    11b1:	41 ff 14 dc          	callq  *(%r12,%rbx,8)
    11b5:	48 83 c3 01          	add    $0x1,%rbx
    11b9:	48 39 dd             	cmp    %rbx,%rbp
    11bc:	75 ea                	jne    11a8 <__libc_csu_init+0x38>
    11be:	48 83 c4 08          	add    $0x8,%rsp
    11c2:	5b                   	pop    %rbx
    11c3:	5d                   	pop    %rbp
    11c4:	41 5c                	pop    %r12
    11c6:	41 5d                	pop    %r13
    11c8:	41 5e                	pop    %r14
    11ca:	41 5f                	pop    %r15
    11cc:	c3                   	retq   
    11cd:	0f 1f 00             	nopl   (%rax)

00000000000011d0 <__libc_csu_fini>:
    11d0:	c3                   	retq   

Disassembly of section .fini:

00000000000011d4 <_fini>:
    11d4:	48 83 ec 08          	sub    $0x8,%rsp
    11d8:	48 83 c4 08          	add    $0x8,%rsp
    11dc:	c3                   	retq   
dorbach1@g7-26:~/i220a/submit/lab8/exercises/rsp$ cat rsp.dump[1@more[C[C[C[C[C[C[C[C[C[2Pvi[C[C[C[C[C[C[C[C[C[6P./rsp
&stkVar = 0x7fff0bd6975c; rsp = 0x7fff0bd69748
dorbach1@g7-26:~/i220a/submit/lab8/exercises/rsp$ ./rspcat rsp.dump[1@more[C[C[C[C[C[C[C[C[C[2Pvi[C[C[C[C[C[C[C[C[C[6P./rspvi rsp.dump[2@more[C[C[C[C[C[C[C[C[C[1Pcat[C[C[C[C[C[C[C[C[C[7P./rsp[K./rspcat rsp.dump[1@more[C[C[C[C[C[C[C[C[C[2Pvi[C[C[C[C[C[C[C[C[C[2@more[C[C[C[C[C[C[C[C[C[1Pcat[C[C[C[C[C[C[C[C[C[7P./rsp[Kvi rsp.x[Kc
[?2004h[?1049h[22;0;0t[?1h=[?2004h[1;29r[?12h[?12l[22;2t[22;1t[27m[23m[29m[m[H[2J[?25l[29;1H"rsp.c" 17L, 345C[2;1Hâ–½[6n[2;1H  [1;1H[>c]10;?]11;?[1;1H[95m#include [m[95m<stdio.h>[m

[91m/** Return value of %rsp register just before return */[m
[94mstatic[m [94mvoid[m *
get_rsp([94mvoid[m)
{
  [94mvoid[m *rsp;
  [91m//@[m[30m[103mTODO[m[91m: inline assembly to set rsp C var to value of %rsp register[m
  __asm__([95m"movq %%rsp, %0"[m: [95m"=r"[m(rsp));
  [31mreturn[m rsp;
}

[94mint[m main() {
  [94mint[m stkVar;
  printf([95m"&stkVar = %p; rsp = %p\n"[m, &stkVar, get_rsp());
  [31mreturn[m [95m0[m;
}
[94m~                                                                                                                              [19;1H~                                                                                                                              [20;1H~                                                                                                                              [21;1H~                                                                                                                              [22;1H~                                                                                                                              [23;1H~                                                                                                                              [24;1H~                                                                                                                              [25;1H~                                                                                                                              [26;1H~                                                                                                                              [27;1H~                                                                                                                              [28;1H~                                                                                                                              [m[29;110H1,1[11CAll]2;rsp.c (~/projects/i220a/submit/lab8/exercises/rsp) - VIM]1;rsp.c[1;1H[?25hP+q436f\P+q6b75\P+q6b64\P+q6b72\P+q6b6c\P+q2332\P+q2334\P+q2569\P+q2a37\P+q6b31\[?25l[29;110H2,0-1[2;1H[?25h[?25l[29;110H3,1  [3;1H[?25h[?25l[29;110H4[4;1H[?25h[?25l[29;110H5[5;1H[?25h[?25l
[106m{[11;1H}[m[29;110H6[6;1H[?25h[?25l{[11;1H}[29;110H7[7;1H[?25h[?25l[29;110H8[8;1H[?25h[?25l[29;110H9[9;1H[?25h[?25l[29;110H10,1[10;1H[?25h[?25l[6;1H[106m{[11;1H}[m[29;111H1[11;1H[?25h[?25l[6;1H{[11;1H}[29;111H2,0-1[12;1H[?25h[?25l[29;111H3,1  [13;1H[?25h[?25l[29;111H4[14;1H[?25h[?25l[29;111H5[15;1H[?25h[?25l[29;111H6[16;1H[?25h[?25l[13;12H[106m{[17;1H}[m[29;111H7[17;1H[?25h[?25l[13;12H{[17;1H}[29;111H6[16;1H[?25h[?25l[29;111H5[15;1H[?25h[?25l[29;111H4[14;1H[?25h[?25l[29;111H3[13;1H[?25h[?25l[29;111H4[14;1H[?25h[?25l[29;111H5[15;1H[?25h[?25l[29;111H6[16;1H[?25h[?25l[13;12H[106m{[17;1H}[m[29;111H7[17;1H[?25h[?25l[13;12H{[17;1H}[29;111H6[16;1H[?25h[?25l[29;111H5[15;1H[?25h[?25l[29;111H4[14;1H[?25h[?25l[29;111H3[13;1H[?25h[?25l[29;111H2,0-1[12;1H[?25h[?25l[29;111H3,1  [13;1H[?25h[?25l[29;111H4[14;1H[?25h[?25l[29;111H5[15;1H[?25h[?25l[29;111H6[16;1H[?25h[?25l[13;12H[106m{[17;1H}[m[29;111H7[17;1H[?25h[?25l[29;1H[K[29;1H:[?2004h[?25hq[?25l[?25h[?25l[?2004l]2;Terminal - ]1;Terminal - [23;2t[23;1t[22;2t[22;1t[23;2t[23;1t[29;1H[K[29;1H[?2004l[?1l>[?25h[?1049l[23;0;0tdorbach1@g7-26:~/i220a/submit/lab8/exercises/rsp$ cat rgr[K[Krs[K[Ksp.dump | grep e[Kget_rsp
0000000000001135 <get_rsp>:
    113d:	e8 f3 ff ff ff       	callq  1135 <get_rsp>
dorbach1@g7-26:~/i220a/submit/lab8/exercises/rsp$ :q[K[Kcd ..
dorbach1@g7-26:~/i220a/submit/lab8/exercises$ cd ..
dorbach1@g7-26:~/i220a/submit/lab8$ exit

Script done on 2021-10-28 11:11:17-04:00 [COMMAND_EXIT_CODE="0"]
