Script started on 2021-09-23 10:16:22-04:00 [TERM="xterm-256color" TTY="/dev/pts/9" COLUMNS="204" LINES="63"]
bash: /home/umrigar/cs220/bin.student.rc: No such file or directory
dorbach1@remote02:~/i220a/submit/lab3$ mkdir dir
dorbach1@remote02:~/i220a/submit/lab3$ cd dir
dorbach1@remote02:~/i220a/submit/lab3/dir$ d [K[Kcd ..
dorbach1@remote02:~/i220a/submit/lab3$ cd excersize [K[K[K[K[K[K[K[K[K[K[K[K[Kls
dir  exercises	lab3.LOG
dorbach1@remote02:~/i220a/submit/lab3$ cd ec[Kxercises/
dorbach1@remote02:~/i220a/submit/lab3/exercises$ ls
4  c-stdin-stdout
dorbach1@remote02:~/i220a/submit/lab3/exercises$ cd [K[K[K4[Kcd 4
dorbach1@remote02:~/i220a/submit/lab3/exercises/4$ c\[K[Kls
-  Makefile  sum-ints.c  test1.in
dorbach1@remote02:~/i220a/submit/lab3/exercises/4$ cd ..
dorbach1@remote02:~/i220a/submit/lab3/exercises$ cd c-stin-stoud
bash: cd: c-stin-stoud: No such file or directory
dorbach1@remote02:~/i220a/submit/lab3/exercises$ cd s[K[K c-stdin-stdout/
dorbach1@remote02:~/i220a/submit/lab3/exercises/c-stdin-stdout$ ls
-  Makefile  sum-ints.c  test1.in
dorbach1@remote02:~/i220a/submit/lab3/exercises/c-stdin-stdout$ cd ..
dorbach1@remote02:~/i220a/submit/lab3/exercises$ mkdir dir
dorbach1@remote02:~/i220a/submit/lab3/exercises$ touch [K[K[K[K[K[Ktouch t1.c T1.s v.c v1.s x.c dir/t2.c dir/T2.s1 dir/t3
dorbach1@remote02:~/i220a/submit/lab3/exercises$ ls
4  c-stdin-stdout  dir	t1.c  T1.s  v1.s  v.c  x.c
dorbach1@remote02:~/i220a/submit/lab3/exercises$ ls -l
total 0
lrwxrwxrwx 1 dorbach1 dorbach1  14 Sep 23 10:13 4 -> c-stdin-stdout
drwxr-x--- 2 dorbach1 dorbach1 102 Sep 23 10:13 c-stdin-stdout
drwxr-x--- 2 dorbach1 dorbach1  54 Sep 23 10:17 dir
-rw-r----- 1 dorbach1 dorbach1   0 Sep 23 10:17 t1.c
-rw-r----- 1 dorbach1 dorbach1   0 Sep 23 10:17 T1.s
-rw-r----- 1 dorbach1 dorbach1   0 Sep 23 10:17 v1.s
-rw-r----- 1 dorbach1 dorbach1   0 Sep 23 10:17 v.c
-rw-r----- 1 dorbach1 dorbach1   0 Sep 23 10:17 x.c
dorbach1@remote02:~/i220a/submit/lab3/exercises$ ls -to[Kl
total 0
drwxr-x--- 2 dorbach1 dorbach1  54 Sep 23 10:17 dir
-rw-r----- 1 dorbach1 dorbach1   0 Sep 23 10:17 x.c
-rw-r----- 1 dorbach1 dorbach1   0 Sep 23 10:17 v1.s
-rw-r----- 1 dorbach1 dorbach1   0 Sep 23 10:17 v.c
-rw-r----- 1 dorbach1 dorbach1   0 Sep 23 10:17 T1.s
-rw-r----- 1 dorbach1 dorbach1   0 Sep 23 10:17 t1.c
drwxr-x--- 2 dorbach1 dorbach1 102 Sep 23 10:13 c-stdin-stdout
lrwxrwxrwx 1 dorbach1 dorbach1  14 Sep 23 10:13 4 -> c-stdin-stdout
dorbach1@remote02:~/i220a/submit/lab3/exercises$ ls dir
t2.c  T2.s1  t3
dorbach1@remote02:~/i220a/submit/lab3/exercises$ ls -l dir
total 0
-rw-r----- 1 dorbach1 dorbach1 0 Sep 23 10:17 t2.c
-rw-r----- 1 dorbach1 dorbach1 0 Sep 23 10:17 T2.s1
-rw-r----- 1 dorbach1 dorbach1 0 Sep 23 10:17 t3
dorbach1@remote02:~/i220a/submit/lab3/exercises$ ls -lt dir
total 0
-rw-r----- 1 dorbach1 dorbach1 0 Sep 23 10:17 T2.s1
-rw-r----- 1 dorbach1 dorbach1 0 Sep 23 10:17 t3
-rw-r----- 1 dorbach1 dorbach1 0 Sep 23 10:17 t2.c
dorbach1@remote02:~/i220a/submit/lab3/exercises$ 
dorbach1@remote02:~/i220a/submit/lab3/exercises$ ls -t dir
T2.s1  t3  t2.c
dorbach1@remote02:~/i220a/submit/lab3/exercises$ man touch
[?1049h[22;0;0t[?1h=TOUCH(1)                                                                                     User Commands                                                                                    TOUCH(1)[m
[m
[1mNAME[0m[m
       touch - change file timestamps[m
[m
[1mSYNOPSIS[0m[m
       [1mtouch[0m [[4mOPTION[24m]... [4mFILE[24m...[m
[m
[1mDESCRIPTION[0m[m
       Update the access and modification times of each FILE to the current time.[m
[m
       A FILE argument that does not exist is created empty, unless [1m-c[0m or [1m-h[0m is supplied.[m
[m
       A FILE argument string of - is handled specially and causes touch to change the times of the file associated with standard output.[m
[m
       Mandatory arguments to long options are mandatory for short options too.[m
[m
       [1m-a[0m     change only the access time[m
[m
       [1m-c[0m, [1m--no-create[0m[m
              do not create any files[m
[m
       [1m-d[0m, [1m--date[0m=[4mSTRING[24m[m
              parse STRING and use it instead of current time[m
[m
       [1m-f[0m     (ignored)[m
[m
       [1m-h[0m, [1m--no-dereference[0m[m
              affect each symbolic link instead of any referenced file (useful only on systems that can change the timestamps of a symlink)[m
[m
       [1m-m[0m     change only the modification time[m
[m
       [1m-r[0m, [1m--reference[0m=[4mFILE[24m[m
              use this file's times instead of current time[m
[m
       [1m-t[0m STAMP[m
              use [[CC]YY]MMDDhhmm[.ss] instead of current time[m
[m
       [1m--time[0m=[4mWORD[24m[m
              change the specified time: WORD is access, atime, or use: equivalent to [1m-a[0m WORD is modify or mtime: equivalent to [1m-m[0m[m
[m
       [1m--help[0m display this help and exit[m
[m
       [1m--version[0m[m
              output version information and exit[m
[m
       Note that the [1m-d[0m and [1m-t[0m options accept different time-date formats.[m
[m
[1mDATE[0m [1mSTRING[0m[m
       The  --date=STRING  is  a  mostly free format human readable date string such as "Sun, 29 Feb 2004 16:21:42 -0800" or "2004-02-29 16:21:42" or even "next Thursday".  A date string may contain[m
       items indicating calendar date, time of day, time zone, day of week, relative time, relative date, and numbers.  An empty string indicates the beginning of the day.  The date string format is[m
       more complex than is easily documented here but is fully described in the info documentation.[m
[m
[1mAUTHOR[0m[m
       Written by Paul Rubin, Arnold Robbins, Jim Kingdon, David MacKenzie, and Randy Smith.[m
[m
[1mREPORTING[0m [1mBUGS[0m[m
       GNU coreutils online help: <https://www.gnu.org/software/coreutils/>[m
       Report touch translation bugs to <https://translationproject.org/team/>[m
[m
[1mCOPYRIGHT[0m[m
       Copyright Â© 2018 Free Software Foundation, Inc.  License GPLv3+: GNU GPL version 3 or later <https://gnu.org/licenses/gpl.html>.[m
[7m Manual page touch(1) line 1 (press h for help or q to quit)[27m[K[K [KESCESC[KOO[KBB[K       This is free software: you are free to change and redistribute it.  There is NO WARRANTY, to the extent permitted by law.[m
[7m Manual page touch(1) line 2 (press h for help or q to quit)[27m[K[K [KESCESC[KOO[KBB[K[m
[7m Manual page touch(1) line 3 (press h for help or q to quit)[27m[K[K [KESCESC[KOO[KBB[K[1mSEE[0m [1mALSO[0m[m
[7m Manual page touch(1) line 4 (press h for help or q to quit)[27m[K[K [KESCESC[KOO[KBB[K       Full documentation at: <https://www.gnu.org/software/coreutils/touch>[m
[7m Manual page touch(1) line 5 (press h for help or q to quit)[27m[K[K [KESCESC[KOO[KBB[K       or available locally via: info '(coreutils) touch invocation'[m
[7m Manual page touch(1) line 6 (press h for help or q to quit)[27m[K[K [KESCESC[KOO[KBB[K[m
[7m Manual page touch(1) line 7 (press h for help or q to quit)[27m[K[K [KESCESC[KOO[KBB[KGNU coreutils 8.30                                                                           February 2019                                                                                    TOUCH(1)[m
[7m Manual page touch(1) line 8 (press h for help or q to quit)[27m[K[K [KESCESC[KOO[KBB[K[K[7m Manual page touch(1) line 8/69 (END) (press h for help or q to quit)[27m[K[K [KESCESC[KOO[KBB[K[K[7m Manual page touch(1) line 8/69 (END) (press h for help or q to quit)[27m[K[K [KESCESC[KOO[KBB[K[K[7m Manual page touch(1) line 8/69 (END) (press h for help or q to quit)[27m[K[K [KESCESC[KOO[KBB[K[K[7m Manual page touch(1) line 8/69 (END) (press h for help or q to quit)[27m[K[K [KESCESC[KOO[KBB[K[K[7m Manual page touch(1) line 8/69 (END) (press h for help or q to quit)[27m[K[K [KESCESC[KOO[KBB[K[K[7m Manual page touch(1) line 8/69 (END) (press h for help or q to quit)[27m[K[K [KESCESC[KOO[KBB[K[K[7m Manual page touch(1) line 8/69 (END) (press h for help or q to quit)[27m[K[K [KESCESC[KOO[KBB[K[K[7m Manual page touch(1) line 8/69 (END) (press h for help or q to quit)[27m[K[K [KESCESC[KOO[KBB[K[K[7m Manual page touch(1) line 8/69 (END) (press h for help or q to quit)[27m[K[K [KESCESC[KOO[KBB[K[K[7m Manual page touch(1) line 8/69 (END) (press h for help or q to quit)[27m[K[K [KESCESC[KOO[KBB[K[K[7m Manual page touch(1) line 8/69 (END) (press h for help or q to quit)[27m[K[K [KESCESC[KOO[KBB[K[K[7m Manual page touch(1) line 8/69 (END) (press h for help or q to quit)[27m[K[K [KESCESC[KOO[KBB[K[K[7m Manual page touch(1) line 8/69 (END) (press h for help or q to quit)[27m[K[K [KESCESC[KOO[KBB[K[K[7m Manual page touch(1) line 8/69 (END) (press h for help or q to quit)[27m[K[K [KESCESC[KOO[KBB[K[K[7m Manual page touch(1) line 8/69 (END) (press h for help or q to quit)[27m[K[K [KESCESC[KOO[KBB[K[K[7m Manual page touch(1) line 8/69 (END) (press h for help or q to quit)[27m[K[K [KESCESC[KOO[KBB[K[K[7m Manual page touch(1) line 8/69 (END) (press h for help or q to quit)[27m[K[K [KESCESC[KOO[KBB[K[K[7m Manual page touch(1) line 8/69 (END) (press h for help or q to quit)[27m[K[K [KESCESC[KOO[KBB[K[K[7m Manual page touch(1) line 8/69 (END) (press h for help or q to quit)[27m[K[K [KESCESC[KOO[KBB[K[K[7m Manual page touch(1) line 8/69 (END) (press h for help or q to quit)[27m[K[K [KESCESC[KOO[KBB[K[K[7m Manual page touch(1) line 8/69 (END) (press h for help or q to quit)[27m[K[K [KESCESC[KOO[KBB[K[K[7m Manual page touch(1) line 8/69 (END) (press h for help or q to quit)[27m[K[K [KESCESC[KOO[KBB[K[K[7m Manual page touch(1) line 8/69 (END) (press h for help or q to quit)[27m[K[K [KESCESC[KOO[KBB[K[K[7m Manual page touch(1) line 8/69 (END) (press h for help or q to quit)[27m[K[K [KESCESC[KOO[KBB[K[K[7m Manual page touch(1) line 8/69 (END) (press h for help or q to quit)[27m[K[K [KESCESC[KOO[KBB[K[K[7m Manual page touch(1) line 8/69 (END) (press h for help or q to quit)[27m[K[K [KESCESC[KOO[KBB[K[K[7m Manual page touch(1) line 8/69 (END) (press h for help or q to quit)[27m[K[K [KESCESC[KOO[KBB[K[K[7m Manual page touch(1) line 8/69 (END) (press h for help or q to quit)[27m[K[K [KESCESC[KOO[KBB[K[K[7m Manual page touch(1) line 8/69 (END) (press h for help or q to quit)[27m[K[K [KESCESC[KOO[KBB[K[K[7m Manual page touch(1) line 8/69 (END) (press h for help or q to quit)[27m[K[K [KESCESC[KOO[KBB[K[K[7m Manual page touch(1) line 8/69 (END) (press h for help or q to quit)[27m[K[K [KESCESC[KOO[KBB[K[K[7m Manual page touch(1) line 8/69 (END) (press h for help or q to quit)[27m[K[K [KESCESC[KOO[KBB[K[K[7m Manual page touch(1) line 8/69 (END) (press h for help or q to quit)[27m[K[K [KESCESC[KOO[KBB[K[K[7m Manual page touch(1) line 8/69 (END) (press h for help or q to quit)[27m[K[K [KESCESC[KOO[KBB[K[K[7m Manual page touch(1) line 8/69 (END) (press h for help or q to quit)[27m[K[K [KESCESC[KOO[KBB[K[K[7m Manual page touch(1) line 8/69 (END) (press h for help or q to quit)[27m[K[K [KESCESC[KOO[KBB[K[K[7m Manual page touch(1) line 8/69 (END) (press h for help or q to quit)[27m[K[K [KESCESC[KOO[KBB[K[K[7m Manual page touch(1) line 8/69 (END) (press h for help or q to quit)[27m[K[K [KESCESC[KOO[KBB[K[K[7m Manual page touch(1) line 8/69 (END) (press h for help or q to quit)[27m[K[K [KESCESC[KOO[KBB[K[K[7m Manual page touch(1) line 8/69 (END) (press h for help or q to quit)[27m[K[K [KESCESC[KOO[KBB[K[K[7m Manual page touch(1) line 8/69 (END) (press h for help or q to quit)[27m[K[K [KESCESC[KOO[KBB[K[K[7m Manual page touch(1) line 8/69 (END) (press h for help or q to quit)[27m[K[K [KESCESC[KOO[KBB[K[K[7m Manual page touch(1) line 8/69 (END) (press h for help or q to quit)[27m[K[K [KESCESC[KOO[KBB[K[K[7m Manual page touch(1) line 8/69 (END) (press h for help or q to quit)[27m[K[K [KESCESC[KOO[KBB[K[K[7m Manual page touch(1) line 8/69 (END) (press h for help or q to quit)[27m[K[K [KESCESC[KOO[KBB[K[K[7m Manual page touch(1) line 8/69 (END) (press h for help or q to quit)[27m[K[K [KESCESC[KOO[KBB[K[K[7m Manual page touch(1) line 8/69 (END) (press h for help or q to quit)[27m[K[K [KESCESC[KOO[KBB[K[K[7m Manual page touch(1) line 8/69 (END) (press h for help or q to quit)[27m[K[K [KESCESC[KOO[KBB[K[K[7m Manual page touch(1) line 8/69 (END) (press h for help or q to quit)[27m[K[K [KESCESC[KOO[KBB[K[K[7m Manual page touch(1) line 8/69 (END) (press h for help or q to quit)[27m[K[K [KESCESC[KOO[KBB[K[K[7m Manual page touch(1) line 8/69 (END) (press h for help or q to quit)[27m[K[K [KESCESC[KOO[KBB[K[K[7m Manual page touch(1) line 8/69 (END) (press h for help or q to quit)[27m[K[K [KESCESC[KOO[KBB[K[K[7m Manual page touch(1) line 8/69 (END) (press h for help or q to quit)[27m[K[K [KESCESC[KOO[KBB[K[K[7m Manual page touch(1) line 8/69 (END) (press h for help or q to quit)[27m[K[K [KESCESC[KOO[KBB[K[K[7m Manual page touch(1) line 8/69 (END) (press h for help or q to quit)[27m[K[K [KESCESC[KOO[KBB[K[K[7m Manual page touch(1) line 8/69 (END) (press h for help or q to quit)[27m[K[K [KESCESC[KOO[KBB[K[K[7m Manual page touch(1) line 8/69 (END) (press h for help or q to quit)[27m[K[K [KESCESC[KOO[KBB[K[K[7m Manual page touch(1) line 8/69 (END) (press h for help or q to quit)[27m[K[K [KESCESC[KOO[KBB[K[K[7m Manual page touch(1) line 8/69 (END) (press h for help or q to quit)[27m[K[K [KESCESC[KOO[KBB[K[K[7m Manual page touch(1) line 8/69 (END) (press h for help or q to quit)[27m[K[K [KESCESC[KOO[KBB[K[K[7m Manual page touch(1) line 8/69 (END) (press h for help or q to quit)[27m[K[K [KESCESC[KOO[KBB[K[K[7m Manual page touch(1) line 8/69 (END) (press h for help or q to quit)[27m[K[K [KESCESC[KOO[KBB[K[K[7m Manual page touch(1) line 8/69 (END) (press h for help or q to quit)[27m[K[K [KESCESC[KOO[KBB[K[K[7m Manual page touch(1) line 8/69 (END) (press h for help or q to quit)[27m[K[K [KESCESC[KOO[KBB[K[K[7m Manual page touch(1) line 8/69 (END) (press h for help or q to quit)[27m[K[K [KESCESC[KOO[KBB[K[K[7m Manual page touch(1) line 8/69 (END) (press h for help or q to quit)[27m[K[K [KESCESC[KOO[KBB[K[K[7m Manual page touch(1) line 8/69 (END) (press h for help or q to quit)[27m[K[K [KESCESC[KOO[KBB[K[K[7m Manual page touch(1) line 8/69 (END) (press h for help or q to quit)[27m[K[K [KESCESC[KOO[KBB[K[K[7m Manual page touch(1) line 8/69 (END) (press h for help or q to quit)[27m[K[K [KESCESC[KOO[KBB[K[K[7m Manual page touch(1) line 8/69 (END) (press h for help or q to quit)[27m[K[K [KESCESC[KOO[KBB[K[K[7m Manual page touch(1) line 8/69 (END) (press h for help or q to quit)[27m[K[K [KESCESC[KOO[KBB[K[K[7m Manual page touch(1) line 8/69 (END) (press h for help or q to quit)[27m[K[K [KESCESC[KOO[KBB[K[K[7m Manual page touch(1) line 8/69 (END) (press h for help or q to quit)[27m[K[K [KESCESC[KOO[KBB[K[K[7m Manual page touch(1) line 8/69 (END) (press h for help or q to quit)[27m[K[K [KESCESC[KOO[KBB[K[K[7m Manual page touch(1) line 8/69 (END) (press h for help or q to quit)[27m[K[K [KESCESC[KOO[KBB[K[K[7m Manual page touch(1) line 8/69 (END) (press h for help or q to quit)[27m[K[K [KESCESC[KOO[KBB[K[K[7m Manual page touch(1) line 8/69 (END) (press h for help or q to quit)[27m[K[K [KESCESC[KOO[KBB[K[K[7m Manual page touch(1) line 8/69 (END) (press h for help or q to quit)[27m[K[K [KESCESC[KOO[KBB[K[K[7m Manual page touch(1) line 8/69 (END) (press h for help or q to quit)[27m[K[K [KESCESC[KOO[KAA[K[HM       [1mtouch[0m [[4mOPTION[24m]... [4mFILE[24m...[m
[63;1H[K[7m Manual page touch(1) line 7/69 94% (press h for help or q to quit)[27m[K[K [KESCESC[KOO[KAA[K[HM[1mSYNOPSIS[0m[m
[63;1H[K[7m Manual page touch(1) line 6/69 94% (press h for help or q to quit)[27m[K[K [KESCESC[KOO[KAA[K[HM[m
[63;1H[K[7m Manual page touch(1) line 5/69 92% (press h for help or q to quit)[27m[K[K [KESCESC[KOO[KAA[K[HM       touch - change file timestamps[m
[63;1H[K[7m Manual page touch(1) line 4/69 90% (press h for help or q to quit)[27m[K[K [KESCESC[KOO[KAA[K[HM[1mNAME[0m[m
[63;1H[K[7m Manual page touch(1) line 3/69 89% (press h for help or q to quit)[27m[K[K [KESCESC[KOO[KAA[K[HM[m
[63;1H[K[7m Manual page touch(1) line 2/69 89% (press h for help or q to quit)[27m[K[K [KESCESC[KOO[KAA[K[HMTOUCH(1)                                                                                     User Commands                                                                                    TOUCH(1)[m
[63;1H[K[7m Manual page touch(1) line 1/69 85% (press h for help or q to quit)[27m[K[K [KESCESC[KOO[KAA[K[K[7m Manual page touch(1) line 1/69 85% (press h for help or q to quit)[27m[K[K [KESCESC[KOO[KAA[K[K[7m Manual page touch(1) line 1/69 85% (press h for help or q to quit)[27m[K[K [KESCESC[KOO[KAA[K[K[7m Manual page touch(1) line 1/69 85% (press h for help or q to quit)[27m[K[K [KESCESC[KOO[KAA[K[K[7m Manual page touch(1) line 1/69 85% (press h for help or q to quit)[27m[K[K [KESCESC[KOO[KAA[K[K[7m Manual page touch(1) line 1/69 85% (press h for help or q to quit)[27m[K[K [KESCESC[KOO[KAA[K[K[7m Manual page touch(1) line 1/69 85% (press h for help or q to quit)[27m[K[K [KESCESC[KOO[KAA[K[K[7m Manual page touch(1) line 1/69 85% (press h for help or q to quit)[27m[K[K [KESCESC[KOO[KAA[K[K[7m Manual page touch(1) line 1/69 85% (press h for help or q to quit)[27m[K[K [KESCESC[KOO[KAA[K[K[7m Manual page touch(1) line 1/69 85% (press h for help or q to quit)[27m[K[K [KESCESC[KOO[KAA[K[K[7m Manual page touch(1) line 1/69 85% (press h for help or q to quit)[27m[K[K [KESCESC[KOO[KAA[K[K[7m Manual page touch(1) line 1/69 85% (press h for help or q to quit)[27m[K[K [KESCESC[KOO[KAA[K[K[7m Manual page touch(1) line 1/69 85% (press h for help or q to quit)[27m[K[K [KESCESC[KOO[KAA[K[K[7m Manual page touch(1) line 1/69 85% (press h for help or q to quit)[27m[K[K [KESCESC[KOO[KAA[K[K[7m Manual page touch(1) line 1/69 85% (press h for help or q to quit)[27m[K[K [KESCESC[KOO[KAA[K[K[7m Manual page touch(1) line 1/69 85% (press h for help or q to quit)[27m[K[K [KESCESC[KOO[KAA[K[K[7m Manual page touch(1) line 1/69 85% (press h for help or q to quit)[27m[K[K [KESCESC[KOO[KAA[K[K[7m Manual page touch(1) line 1/69 85% (press h for help or q to quit)[27m[K[K [KESCESC[KOO[KBB[K       This is free software: you are free to change and redistribute it.  There is NO WARRANTY, to the extent permitted by law.[m
[7m Manual page touch(1) line 2/69 89% (press h for help or q to quit)[27m[K[K [KESCESC[KOO[KBB[K[m
[7m Manual page touch(1) line 3/69 89% (press h for help or q to quit)[27m[K[K [KESCESC[KOO[KBB[K[1mSEE[0m [1mALSO[0m[m
[7m Manual page touch(1) line 4/69 90% (press h for help or q to quit)[27m[K[K [KESCESC[KOO[KBB[K       Full documentation at: <https://www.gnu.org/software/coreutils/touch>[m
[7m Manual page touch(1) line 5/69 92% (press h for help or q to quit)[27m[K[K [KESCESC[KOO[KBB[K       or available locally via: info '(coreutils) touch invocation'[m
[7m Manual page touch(1) line 6/69 94% (press h for help or q to quit)[27m[K[K [KESCESC[KOO[KBB[K[m
[7m Manual page touch(1) line 7/69 94% (press h for help or q to quit)[27m[K[K [KESCESC[KOO[KBB[KGNU coreutils 8.30                                                                           February 2019                                                                                    TOUCH(1)[m
[7m Manual page touch(1) line 8/69 (END) (press h for help or q to quit)[27m[K[K [KESCESC[KOO[KBB[K[K[7m Manual page touch(1) line 8/69 (END) (press h for help or q to quit)[27m[K[K [KESCESC[KOO[KBB[K[K[7m Manual page touch(1) line 8/69 (END) (press h for help or q to quit)[27m[K[K [KESCESC[KOO[KBB[K[K[7m Manual page touch(1) line 8/69 (END) (press h for help or q to quit)[27m[K[K [KESCESC[KOO[KBB[K[K[7m Manual page touch(1) line 8/69 (END) (press h for help or q to quit)[27m[K[K [KESCESC[KOO[KBB[K[K[7m Manual page touch(1) line 8/69 (END) (press h for help or q to quit)[27m[K[K [KESCESC[KOO[KBB[K[K[7m Manual page touch(1) line 8/69 (END) (press h for help or q to quit)[27m[K[K [KESCESC[KOO[KBB[K[K[7m Manual page touch(1) line 8/69 (END) (press h for help or q to quit)[27m[K[K [KESCESC[KOO[KBB[K[K[7m Manual page touch(1) line 8/69 (END) (press h for help or q to quit)[27m[K[K [KESCESC[KOO[KBB[K[K[7m Manual page touch(1) line 8/69 (END) (press h for help or q to quit)[27m[K[K [KESCESC[KOO[KBB[K[K[7m Manual page touch(1) line 8/69 (END) (press h for help or q to quit)[27m[K[K [KESCESC[KOO[KBB[K[K[7m Manual page touch(1) line 8/69 (END) (press h for help or q to quit)[27m[K[K [KESCESC[KOO[KBB[K[K[7m Manual page touch(1) line 8/69 (END) (press h for help or q to quit)[27m[K[K [KESCESC[KOO[KBB[K[K[7m Manual page touch(1) line 8/69 (END) (press h for help or q to quit)[27m[K[K [KESCESC[KOO[KBB[K[K[7m Manual page touch(1) line 8/69 (END) (press h for help or q to quit)[27m[K[K [KESCESC[KOO[KBB[K[K[7m Manual page touch(1) line 8/69 (END) (press h for help or q to quit)[27m[K[K [KESCESC[KOO[KBB[K[K[7m Manual page touch(1) line 8/69 (END) (press h for help or q to quit)[27m[K[K [KESCESC[KOO[KBB[K[K[7m Manual page touch(1) line 8/69 (END) (press h for help or q to quit)[27m[K[K [KESCESC[KOO[KBB[K[K[7m Manual page touch(1) line 8/69 (END) (press h for help or q to quit)[27m[K[K [KESCESC[KOO[KBB[K[K[7m Manual page touch(1) line 8/69 (END) (press h for help or q to quit)[27m[K[K [KESCESC[KOO[KBB[K[K[7m Manual page touch(1) line 8/69 (END) (press h for help or q to quit)[27m[K[K [KESCESC[KOO[KBB[K[K[7m Manual page touch(1) line 8/69 (END) (press h for help or q to quit)[27m[K[K [KESCESC[KOO[KBB[K[K[7m Manual page touch(1) line 8/69 (END) (press h for help or q to quit)[27m[K[K [KESCESC[KOO[KBB[K[K[7m Manual page touch(1) line 8/69 (END) (press h for help or q to quit)[27m[K[K [KESCESC[KOO[KBB[K[K[7m Manual page touch(1) line 8/69 (END) (press h for help or q to quit)[27m[K[K [KESCESC[KOO[KBB[K[K[7m Manual page touch(1) line 8/69 (END) (press h for help or q to quit)[27m[K[K [KESCESC[KOO[KBB[K[K[7m Manual page touch(1) line 8/69 (END) (press h for help or q to quit)[27m[K[K [KESCESC[KOO[KBB[K[K[7m Manual page touch(1) line 8/69 (END) (press h for help or q to quit)[27m[K[K [KESCESC[KOO[KBB[K[K[7m Manual page touch(1) line 8/69 (END) (press h for help or q to quit)[27m[K[K [KESCESC[KOO[KBB[K[K[7m Manual page touch(1) line 8/69 (END) (press h for help or q to quit)[27m[K[K [KESCESC[KOO[KBB[K[K[7m Manual page touch(1) line 8/69 (END) (press h for help or q to quit)[27m[K[K [KESCESC[KOO[KBB[K[K[7m Manual page touch(1) line 8/69 (END) (press h for help or q to quit)[27m[K[K [KESCESC[KOO[KBB[K[K[7m Manual page touch(1) line 8/69 (END) (press h for help or q to quit)[27m[K[K [KESCESC[KOO[KBB[K[K[7m Manual page touch(1) line 8/69 (END) (press h for help or q to quit)[27m[K[K [KESCESC[KOO[KBB[K[K[7m Manual page touch(1) line 8/69 (END) (press h for help or q to quit)[27m[K[K [KESCESC[KOO[KBB[K[K[7m Manual page touch(1) line 8/69 (END) (press h for help or q to quit)[27m[K[K [KESCESC[KOO[KBB[K[K[7m Manual page touch(1) line 8/69 (END) (press h for help or q to quit)[27m[K[K [KESCESC[KOO[KBB[K[K[7m Manual page touch(1) line 8/69 (END) (press h for help or q to quit)[27m[K[K [KESCESC[KOO[KBB[K[K[7m Manual page touch(1) line 8/69 (END) (press h for help or q to quit)[27m[K[K [KESCESC[KOO[KBB[K[K[7m Manual page touch(1) line 8/69 (END) (press h for help or q to quit)[27m[K[K [KESCESC[KOO[KBB[K[K[7m Manual page touch(1) line 8/69 (END) (press h for help or q to quit)[27m[K[K [KESCESC[KOO[KBB[K[K[7m Manual page touch(1) line 8/69 (END) (press h for help or q to quit)[27m[K[K [KESCESC[KOO[KBB[K[K[7m Manual page touch(1) line 8/69 (END) (press h for help or q to quit)[27m[K[K [KESCESC[KOO[KBB[K[K[7m Manual page touch(1) line 8/69 (END) (press h for help or q to quit)[27m[K[K [KESCESC[KOO[KBB[K[K[7m Manual page touch(1) line 8/69 (END) (press h for help or q to quit)[27m[K[K [KESCESC[KOO[KBB[K[K[7m Manual page touch(1) line 8/69 (END) (press h for help or q to quit)[27m[K[K [KESCESC[KOO[KBB[K[K[7m Manual page touch(1) line 8/69 (END) (press h for help or q to quit)[27m[K[K [KESCESC[KOO[KBB[K[K[7m Manual page touch(1) line 8/69 (END) (press h for help or q to quit)[27m[K[K [KESCESC[KOO[KBB[K[K[7m Manual page touch(1) line 8/69 (END) (press h for help or q to quit)[27m[K[K [KESCESC[KOO[KBB[K[K[7m Manual page touch(1) line 8/69 (END) (press h for help or q to quit)[27m[K[K [KESCESC[KOO[KBB[K[K[7m Manual page touch(1) line 8/69 (END) (press h for help or q to quit)[27m[K[K [KESCESC[KOO[KBB[K[K[7m Manual page touch(1) line 8/69 (END) (press h for help or q to quit)[27m[K[K [KESCESC[KOO[KBB[K[K[7m Manual page touch(1) line 8/69 (END) (press h for help or q to quit)[27m[K[K [KESCESC[KOO[KBB[K[K[7m Manual page touch(1) line 8/69 (END) (press h for help or q to quit)[27m[K[K [KESCESC[KOO[KBB[K[K[7m Manual page touch(1) line 8/69 (END) (press h for help or q to quit)[27m[K[K [KESCESC[KOO[KBB[K[K[7m Manual page touch(1) line 8/69 (END) (press h for help or q to quit)[27m[K[K [KESCESC[KOO[KBB[K[K[7m Manual page touch(1) line 8/69 (END) (press h for help or q to quit)[27m[K[K [KESCESC[KOO[KBB[K[K[7m Manual page touch(1) line 8/69 (END) (press h for help or q to quit)[27m[K[K [KESCESC[KOO[KBB[K[K[7m Manual page touch(1) line 8/69 (END) (press h for help or q to quit)[27m[K[K [KESCESC[KOO[KBB[K[K[7m Manual page touch(1) line 8/69 (END) (press h for help or q to quit)[27m[K[K [KESCESC[KOO[KBB[K[K[7m Manual page touch(1) line 8/69 (END) (press h for help or q to quit)[27m[K[K [KESCESC[KOO[KBB[K[K[7m Manual page touch(1) line 8/69 (END) (press h for help or q to quit)[27m[K[K [KESCESC[KOO[KBB[K[K[7m Manual page touch(1) line 8/69 (END) (press h for help or q to quit)[27m[K[K [KESCESC[KOO[KBB[K[K[7m Manual page touch(1) line 8/69 (END) (press h for help or q to quit)[27m[K[K [KESCESC[KOO[KBB[K[K[7m Manual page touch(1) line 8/69 (END) (press h for help or q to quit)[27m[K[K [KESCESC[KOO[KBB[K[K[7m Manual page touch(1) line 8/69 (END) (press h for help or q to quit)[27m[K[K [KESCESC[KOO[KBB[K[K[7m Manual page touch(1) line 8/69 (END) (press h for help or q to quit)[27m[K[K [KESCESC[KOO[KBB[K[K[7m Manual page touch(1) line 8/69 (END) (press h for help or q to quit)[27m[K[K [KESCESC[KOO[KBB[K[K[7m Manual page touch(1) line 8/69 (END) (press h for help or q to quit)[27m[K[K [KESCESC[KOO[KBB[K[K[7m Manual page touch(1) line 8/69 (END) (press h for help or q to quit)[27m[K[K [KESCESC[KOO[KBB[K[K[7m Manual page touch(1) line 8/69 (END) (press h for help or q to quit)[27m[K[K [KESCESC[KOO[KBB[K[K[7m Manual page touch(1) line 8/69 (END) (press h for help or q to quit)[27m[K[K [KESCESC[KOO[KBB[K[K[7m Manual page touch(1) line 8/69 (END) (press h for help or q to quit)[27m[K[K [KESCESC[KOO[KBB[K[K[7m Manual page touch(1) line 8/69 (END) (press h for help or q to quit)[27m[K[K [KESCESC[KOO[KBB[K[K[7m Manual page touch(1) line 8/69 (END) (press h for help or q to quit)[27m[K[K [KESCESC[KOO[KBB[K[K[7m Manual page touch(1) line 8/69 (END) (press h for help or q to quit)[27m[K[K [KESCESC[KOO[KBB[K[K[7m Manual page touch(1) line 8/69 (END) (press h for help or q to quit)[27m[K[K [KESCESC[KOO[KBB[K[K[7m Manual page touch(1) line 8/69 (END) (press h for help or q to quit)[27m[K[K [KESCESC[KOO[KBB[K[K[7m Manual page touch(1) line 8/69 (END) (press h for help or q to quit)[27m[K[K [KESCESC[KOO[KBB[K[K[7m Manual page touch(1) line 8/69 (END) (press h for help or q to quit)[27m[K[K [KESCESC[KOO[KBB[K[K[7m Manual page touch(1) line 8/69 (END) (press h for help or q to quit)[27m[K[K [KESCESC[KOO[KBB[K[K[7m Manual page touch(1) line 8/69 (END) (press h for help or q to quit)[27m[K[K [KESCESC[KOO[KBB[K[K[7m Manual page touch(1) line 8/69 (END) (press h for help or q to quit)[27m[K[K [KESCESC[KOO[KBB[K[K[7m Manual page touch(1) line 8/69 (END) (press h for help or q to quit)[27m[K[K [KESCESC[KOO[KBB[K[K[7m Manual page touch(1) line 8/69 (END) (press h for help or q to quit)[27m[K[K [KESCESC[KOO[KBB[K[K[7m Manual page touch(1) line 8/69 (END) (press h for help or q to quit)[27m[K[K [KESCESC[KOO[KBB[K[K[7m Manual page touch(1) line 8/69 (END) (press h for help or q to quit)[27m[K[K [KESCESC[KOO[KBB[K[K[7m Manual page touch(1) line 8/69 (END) (press h for help or q to quit)[27m[K[K [KESCESC[KOO[KBB[K[K[7m Manual page touch(1) line 8/69 (END) (press h for help or q to quit)[27m[K[K [KESCESC[KOO[KBB[K[K[7m Manual page touch(1) line 8/69 (END) (press h for help or q to quit)[27m[K[K [KESCESC[KOO[KBB[K[K[7m Manual page touch(1) line 8/69 (END) (press h for help or q to quit)[27m[K[K [KESCESC[KOO[KBB[K[K[7m Manual page touch(1) line 8/69 (END) (press h for help or q to quit)[27m[K[K [KESCESC[KOO[KBB[K[K[7m Manual page touch(1) line 8/69 (END) (press h for help or q to quit)[27m[K[K [KESCESC[KOO[KBB[K[K[7m Manual page touch(1) line 8/69 (END) (press h for help or q to quit)[27m[K[K [KESCESC[KOO[KBB[K[K[7m Manual page touch(1) line 8/69 (END) (press h for help or q to quit)[27m[K[K [KESCESC[KOO[KBB[K[K[7m Manual page touch(1) line 8/69 (END) (press h for help or q to quit)[27m[K[K [KESCESC[KOO[KBB[K[K[7m Manual page touch(1) line 8/69 (END) (press h for help or q to quit)[27m[K[K [KESCESC[KOO[KBB[K[K[7m Manual page touch(1) line 8/69 (END) (press h for help or q to quit)[27m[K[K [KESCESC[KOO[KBB[K[K[7m Manual page touch(1) line 8/69 (END) (press h for help or q to quit)[27m[K[K [KESCESC[KOO[KBB[K[K[7m Manual page touch(1) line 8/69 (END) (press h for help or q to quit)[27m[K[K [KESCESC[KOO[KBB[K[K[7m Manual page touch(1) line 8/69 (END) (press h for help or q to quit)[27m[K[K [KESCESC[KOO[KBB[K[K[7m Manual page touch(1) line 8/69 (END) (press h for help or q to quit)[27m[K[K [KESCESC[KOO[KBB[K[K[7m Manual page touch(1) line 8/69 (END) (press h for help or q to quit)[27m[K[K [KESCESC[KOO[KBB[K[K[7m Manual page touch(1) line 8/69 (END) (press h for help or q to quit)[27m[K[K [KESCESC[KOO[KBB[K[K[7m Manual page touch(1) line 8/69 (END) (press h for help or q to quit)[27m[K[K [KESCESC[KOO[KBB[K[K[7m Manual page touch(1) line 8/69 (END) (press h for help or q to quit)[27m[K[K [KESCESC[KOO[KBB[K[K[7m Manual page touch(1) line 8/69 (END) (press h for help or q to quit)[27m[K[K [KESCESC[KOO[KBB[K[K[7m Manual page touch(1) line 8/69 (END) (press h for help or q to quit)[27m[K[K [KESCESC[KOO[KBB[K[K[7m Manual page touch(1) line 8/69 (END) (press h for help or q to quit)[27m[K[K [KESCESC[KOO[KBB[K[K[7m Manual page touch(1) line 8/69 (END) (press h for help or q to quit)[27m[K[K [KESCESC[KOO[KBB[K[K[7m Manual page touch(1) line 8/69 (END) (press h for help or q to quit)[27m[K[K [KESCESC[KOO[KBB[K[K[7m Manual page touch(1) line 8/69 (END) (press h for help or q to quit)[27m[K[K [KESCESC[KOO[KBB[K[K[7m Manual page touch(1) line 8/69 (END) (press h for help or q to quit)[27m[K[K [KESCESC[KOO[KBB[K[K[7m Manual page touch(1) line 8/69 (END) (press h for help or q to quit)[27m[K[K [KESCESC[KOO[KBB[K[K[7m Manual page touch(1) line 8/69 (END) (press h for help or q to quit)[27m[K[K [KESCESC[KOO[KBB[K[K[7m Manual page touch(1) line 8/69 (END) (press h for help or q to quit)[27m[K[K [KESCESC[KOO[KBB[K[K[7m Manual page touch(1) line 8/69 (END) (press h for help or q to quit)[27m[K[K [KESCESC[KOO[KBB[K[K[7m Manual page touch(1) line 8/69 (END) (press h for help or q to quit)[27m[K[K [KESCESC[KOO[KBB[K[K[7m Manual page touch(1) line 8/69 (END) (press h for help or q to quit)[27m[K[K [KESCESC[KOO[KBB[K[K[7m Manual page touch(1) line 8/69 (END) (press h for help or q to quit)[27m[K[K [KESCESC[KOO[KBB[K[K[7m Manual page touch(1) line 8/69 (END) (press h for help or q to quit)[27m[K[K [KESCESC[KOO[KBB[K[K[7m Manual page touch(1) line 8/69 (END) (press h for help or q to quit)[27m[K[K [KESCESC[KOO[KBB[K[K[7m Manual page touch(1) line 8/69 (END) (press h for help or q to quit)[27m[K[K [KESCESC[KOO[KBB[K[K[7m Manual page touch(1) line 8/69 (END) (press h for help or q to quit)[27m[K[K [KESCESC[KOO[KBB[K[K[7m Manual page touch(1) line 8/69 (END) (press h for help or q to quit)[27m[K[K [KESCESC[KOO[KBB[K[K[7m Manual page touch(1) line 8/69 (END) (press h for help or q to quit)[27m[K[K [KESCESC[KOO[KBB[K[K[7m Manual page touch(1) line 8/69 (END) (press h for help or q to quit)[27m[K[K [KESCESC[KOO[KBB[K[K[7m Manual page touch(1) line 8/69 (END) (press h for help or q to quit)[27m[K[K [KESCESC[KOO[KBB[K[K[7m Manual page touch(1) line 8/69 (END) (press h for help or q to quit)[27m[K[K [KESCESC[KOO[KBB[K[K[7m Manual page touch(1) line 8/69 (END) (press h for help or q to quit)[27m[K[K [KESCESC[KOO[KBB[K[K[7m Manual page touch(1) line 8/69 (END) (press h for help or q to quit)[27m[K[K[?1l>[?1049l[23;0;0tdorbach1@remote02:~/i220a/submit/lab3/exercises$ g[Kcd ..
dorbach1@remote02:~/i220a/submit/lab3$ ls
dir  exercises	lab3.LOG
dorbach1@remote02:~/i220a/submit/lab3$ exit

Script done on 2021-09-23 10:19:47-04:00 [COMMAND_EXIT_CODE="0"]
